........................................................................ [ 13%]
........................................................................ [ 27%]
........................................................................ [ 41%]
................F.........s....F..................F..................... [ 55%]
.....................F.................................................. [ 68%]
........................................................................ [ 82%]
......s.....F.........s....................FF..F..F.........s........... [ 96%]
...................                                                      [100%]
=================================== FAILURES ===================================
________________________ test_generic_device_placement _________________________

main_window = <ui.main_window.MainWindow(0x1c7c7f50) at 0x771cec787900>

    def test_generic_device_placement(main_window):
        toolbar = None
        for child in main_window.findChildren(QToolBar):
            if child.objectName() == "MainToolBar":
                toolbar = child
                break
        assert toolbar is not None, "MainToolBar not found in main window."
        # Find the generic device action
        action = None
        for act in toolbar.actions():
            if act.data() == "tool.add_generic_device":
                action = act
                break
        assert action is not None, "Generic device toolbar action not found."
        # Simulate clicking the toolbar button
        action.trigger()
        # Ensure PlacementTool is active
        api = main_window.api
        tool = api.tool_manager.get_tool("placement")
        api.tool_manager.set_tool("placement")
        # Simulate a mouse move event to move the ghost
        canvas = main_window.canvas
        from PySide6.QtGui import QMouseEvent
        from PySide6.QtCore import Qt, QPoint
        # Map intended scene position to widget (viewport) coordinates
        scene_x, scene_y = 120, 80
        widget_pt = canvas.mapFromScene(scene_x, scene_y)
        from PySide6.QtCore import QPoint
        move_event = QMouseEvent(QMouseEvent.MouseMove, QPoint(widget_pt.x(), widget_pt.y()), Qt.NoButton, Qt.NoButton, Qt.NoModifier)
        canvas.mouseMoveEvent(move_event)
    
        # Assert: ghost_item should exist and be at (120, 80)
        ghost = getattr(tool, 'ghost_item', None)
        assert ghost is not None, "Ghost item was not created after activating PlacementTool."
        ghost_pos = ghost.pos() if hasattr(ghost, 'pos') else None
        assert ghost_pos is not None, "Ghost item has no position."
        # This should now fail if the ghost does not follow the mouse
>       assert abs(ghost_pos.x() - 120) < 3.0 and abs(ghost_pos.y() - 80) < 3.0, f"Ghost not at mouse: {ghost_pos}"
E       AssertionError: Ghost not at mouse: PySide6.QtCore.QPointF(0.000000, 0.000000)
E       assert (120.0 < 3.0)
E        +  where 120.0 = abs((0.0 - 120))
E        +    where 0.0 = <built-in method x of PySide6.QtCore.QPointF object at 0x771d02fda980>()
E        +      where <built-in method x of PySide6.QtCore.QPointF object at 0x771d02fda980> = PySide6.QtCore.QPointF(0.000000, 0.000000).x

tests/test_device_placement.py:65: AssertionError
---------------------------- Captured stdout setup -----------------------------
[infra_log] Writing to log_path: /tmp/tmp_4p3dqh2/infra_test.log
[infra_log] Exception writing to /tmp/tmp_4p3dqh2/infra_test.log: [Errno 2] No such file or directory: '/tmp/tmp_4p3dqh2/infra_test.log'
[infra_log] Writing to log_path: /tmp/tmp_4p3dqh2/infra_test.log
[infra_log] Exception writing to /tmp/tmp_4p3dqh2/infra_test.log: [Errno 2] No such file or directory: '/tmp/tmp_4p3dqh2/infra_test.log'
[infra_log] Writing to log_path: /tmp/tmp_4p3dqh2/infra_test.log
[infra_log] Exception writing to /tmp/tmp_4p3dqh2/infra_test.log: [Errno 2] No such file or directory: '/tmp/tmp_4p3dqh2/infra_test.log'
[infra_log] Writing to log_path: /tmp/tmp_4p3dqh2/infra_test.log
[infra_log] Exception writing to /tmp/tmp_4p3dqh2/infra_test.log: [Errno 2] No such file or directory: '/tmp/tmp_4p3dqh2/infra_test.log'
[infra_log] Writing to log_path: /tmp/tmp_4p3dqh2/infra_test.log
[infra_log] Exception writing to /tmp/tmp_4p3dqh2/infra_test.log: [Errno 2] No such file or directory: '/tmp/tmp_4p3dqh2/infra_test.log'
[infra_log] Writing to log_path: /tmp/tmp_4p3dqh2/infra_test.log
[infra_log] Exception writing to /tmp/tmp_4p3dqh2/infra_test.log: [Errno 2] No such file or directory: '/tmp/tmp_4p3dqh2/infra_test.log'
[infra_log] Writing to log_path: /tmp/tmp_4p3dqh2/infra_test.log
[infra_log] Exception writing to /tmp/tmp_4p3dqh2/infra_test.log: [Errno 2] No such file or directory: '/tmp/tmp_4p3dqh2/infra_test.log'
[infra_log] Writing to log_path: /tmp/tmp_4p3dqh2/infra_test.log
[infra_log] Exception writing to /tmp/tmp_4p3dqh2/infra_test.log: [Errno 2] No such file or directory: '/tmp/tmp_4p3dqh2/infra_test.log'
[infra_log] Writing to log_path: /tmp/tmp_4p3dqh2/infra_test.log
[infra_log] Exception writing to /tmp/tmp_4p3dqh2/infra_test.log: [Errno 2] No such file or directory: '/tmp/tmp_4p3dqh2/infra_test.log'
[infra_log] Writing to log_path: /tmp/tmp_4p3dqh2/infra_test.log
[infra_log] Exception writing to /tmp/tmp_4p3dqh2/infra_test.log: [Errno 2] No such file or directory: '/tmp/tmp_4p3dqh2/infra_test.log'
[infra_log] Writing to log_path: /tmp/tmp_4p3dqh2/infra_test.log
[infra_log] Exception writing to /tmp/tmp_4p3dqh2/infra_test.log: [Errno 2] No such file or directory: '/tmp/tmp_4p3dqh2/infra_test.log'
[infra_log] Writing to log_path: /tmp/tmp_4p3dqh2/infra_test.log
[infra_log] Exception writing to /tmp/tmp_4p3dqh2/infra_test.log: [Errno 2] No such file or directory: '/tmp/tmp_4p3dqh2/infra_test.log'
[infra_log] Writing to log_path: /tmp/tmp_4p3dqh2/infra_test.log
[infra_log] Exception writing to /tmp/tmp_4p3dqh2/infra_test.log: [Errno 2] No such file or directory: '/tmp/tmp_4p3dqh2/infra_test.log'
[infra_log] Writing to log_path: /tmp/tmp_4p3dqh2/infra_test.log
[infra_log] Exception writing to /tmp/tmp_4p3dqh2/infra_test.log: [Errno 2] No such file or directory: '/tmp/tmp_4p3dqh2/infra_test.log'
[infra_log] Writing to log_path: /tmp/tmp_4p3dqh2/infra_test.log
[infra_log] Exception writing to /tmp/tmp_4p3dqh2/infra_test.log: [Errno 2] No such file or directory: '/tmp/tmp_4p3dqh2/infra_test.log'
[infra_log] Writing to log_path: /tmp/tmp_4p3dqh2/infra_test.log
[infra_log] Exception writing to /tmp/tmp_4p3dqh2/infra_test.log: [Errno 2] No such file or directory: '/tmp/tmp_4p3dqh2/infra_test.log'
[infra_log] Writing to log_path: /tmp/tmp_4p3dqh2/infra_test.log
[infra_log] Exception writing to /tmp/tmp_4p3dqh2/infra_test.log: [Errno 2] No such file or directory: '/tmp/tmp_4p3dqh2/infra_test.log'
---------------------------- Captured stderr setup -----------------------------
2026-01-27 08:59:53,018 [INFO] talustrace.infra: infra_log file write failed: [Errno 2] No such file or directory: '/tmp/tmp_4p3dqh2/infra_test.log'; original: [DEBUG] register_device_command_actions: dispatcher_registry id=130967243621776 before registration, keys=['edit.add', 'edit.update', '_execute_command', 'file.new', 'file.save', 'file.open', 'file.export_bom', 'file.export_wirelist', 'file.exit', 'edit.undo', 'edit.redo', 'edit.delete', 'edit.rotate_cw', 'edit.rotate_ccw', 'edit.update_property', 'edit.settings', 'edit.theme', 'view.toggle_project_browser', 'view.toggle_library', 'view.toggle_property_panel', 'view.toggle_audit_panel', 'view.reset_layout', 'view.zoom_extents', 'view.zoom_selected', 'tool.select', 'tool.wire', 'tool.move', 'tool.add_generic_device', 'device.create_wizard', 'device.delete_pin', 'tool.measure', 'test.move']
2026-01-27 08:59:53,019 [INFO] talustrace.infra: infra_log file write failed: [Errno 2] No such file or directory: '/tmp/tmp_4p3dqh2/infra_test.log'; original: [DISPATCHER] Registered action: edit.delete (registry id=130967243621776) keys now=['edit.add', 'edit.update', '_execute_command', 'file.new', 'file.save', 'file.open', 'file.export_bom', 'file.export_wirelist', 'file.exit', 'edit.undo', 'edit.redo', 'edit.delete', 'edit.rotate_cw', 'edit.rotate_ccw', 'edit.update_property', 'edit.settings', 'edit.theme', 'view.toggle_project_browser', 'view.toggle_library', 'view.toggle_property_panel', 'view.toggle_audit_panel', 'view.reset_layout', 'view.zoom_extents', 'view.zoom_selected', 'tool.select', 'tool.wire', 'tool.move', 'tool.add_generic_device', 'device.create_wizard', 'device.delete_pin', 'tool.measure', 'test.move']
2026-01-27 08:59:53,020 [INFO] talustrace.infra: infra_log file write failed: [Errno 2] No such file or directory: '/tmp/tmp_4p3dqh2/infra_test.log'; original: [DISPATCHER] Registered action: edit.add (registry id=130967243621776) keys now=['edit.add', 'edit.update', '_execute_command', 'file.new', 'file.save', 'file.open', 'file.export_bom', 'file.export_wirelist', 'file.exit', 'edit.undo', 'edit.redo', 'edit.delete', 'edit.rotate_cw', 'edit.rotate_ccw', 'edit.update_property', 'edit.settings', 'edit.theme', 'view.toggle_project_browser', 'view.toggle_library', 'view.toggle_property_panel', 'view.toggle_audit_panel', 'view.reset_layout', 'view.zoom_extents', 'view.zoom_selected', 'tool.select', 'tool.wire', 'tool.move', 'tool.add_generic_device', 'device.create_wizard', 'device.delete_pin', 'tool.measure', 'test.move']
2026-01-27 08:59:53,020 [INFO] talustrace.infra: infra_log file write failed: [Errno 2] No such file or directory: '/tmp/tmp_4p3dqh2/infra_test.log'; original: [DISPATCHER] Registered action: edit.update (registry id=130967243621776) keys now=['edit.add', 'edit.update', '_execute_command', 'file.new', 'file.save', 'file.open', 'file.export_bom', 'file.export_wirelist', 'file.exit', 'edit.undo', 'edit.redo', 'edit.delete', 'edit.rotate_cw', 'edit.rotate_ccw', 'edit.update_property', 'edit.settings', 'edit.theme', 'view.toggle_project_browser', 'view.toggle_library', 'view.toggle_property_panel', 'view.toggle_audit_panel', 'view.reset_layout', 'view.zoom_extents', 'view.zoom_selected', 'tool.select', 'tool.wire', 'tool.move', 'tool.add_generic_device', 'device.create_wizard', 'device.delete_pin', 'tool.measure', 'test.move']
2026-01-27 08:59:53,020 [INFO] talustrace.infra: infra_log file write failed: [Errno 2] No such file or directory: '/tmp/tmp_4p3dqh2/infra_test.log'; original: [DEBUG] register_device_command_actions: dispatcher_registry id=130967243621776 after registration, keys=['edit.add', 'edit.update', '_execute_command', 'file.new', 'file.save', 'file.open', 'file.export_bom', 'file.export_wirelist', 'file.exit', 'edit.undo', 'edit.redo', 'edit.delete', 'edit.rotate_cw', 'edit.rotate_ccw', 'edit.update_property', 'edit.settings', 'edit.theme', 'view.toggle_project_browser', 'view.toggle_library', 'view.toggle_property_panel', 'view.toggle_audit_panel', 'view.reset_layout', 'view.zoom_extents', 'view.zoom_selected', 'tool.select', 'tool.wire', 'tool.move', 'tool.add_generic_device', 'device.create_wizard', 'device.delete_pin', 'tool.measure', 'test.move']
2026-01-27 08:59:53,033 [INFO] talustrace.infra: infra_log file write failed: [Errno 2] No such file or directory: '/tmp/tmp_4p3dqh2/infra_test.log'; original: [ProjectBrowser] refresh called with data=None
2026-01-27 08:59:53,033 [INFO] talustrace.infra: infra_log file write failed: [Errno 2] No such file or directory: '/tmp/tmp_4p3dqh2/infra_test.log'; original: [ProjectBrowser] refresh: proceeding to update tree
2026-01-27 08:59:53,038 [INFO] talustrace.infra: infra_log file write failed: [Errno 2] No such file or directory: '/tmp/tmp_4p3dqh2/infra_test.log'; original: [DISPATCHER] Registered action: view.toggle_project_browser (registry id=130967243621776) keys now=['edit.add', 'edit.update', '_execute_command', 'file.new', 'file.save', 'file.open', 'file.export_bom', 'file.export_wirelist', 'file.exit', 'edit.undo', 'edit.redo', 'edit.delete', 'edit.rotate_cw', 'edit.rotate_ccw', 'edit.update_property', 'edit.settings', 'edit.theme', 'view.toggle_project_browser', 'view.toggle_library', 'view.toggle_property_panel', 'view.toggle_audit_panel', 'view.reset_layout', 'view.zoom_extents', 'view.zoom_selected', 'tool.select', 'tool.wire', 'tool.move', 'tool.add_generic_device', 'device.create_wizard', 'device.delete_pin', 'tool.measure', 'test.move']
2026-01-27 08:59:53,038 [INFO] talustrace.infra: infra_log file write failed: [Errno 2] No such file or directory: '/tmp/tmp_4p3dqh2/infra_test.log'; original: [DISPATCHER] Registered action: view.toggle_property_panel (registry id=130967243621776) keys now=['edit.add', 'edit.update', '_execute_command', 'file.new', 'file.save', 'file.open', 'file.export_bom', 'file.export_wirelist', 'file.exit', 'edit.undo', 'edit.redo', 'edit.delete', 'edit.rotate_cw', 'edit.rotate_ccw', 'edit.update_property', 'edit.settings', 'edit.theme', 'view.toggle_project_browser', 'view.toggle_library', 'view.toggle_property_panel', 'view.toggle_audit_panel', 'view.reset_layout', 'view.zoom_extents', 'view.zoom_selected', 'tool.select', 'tool.wire', 'tool.move', 'tool.add_generic_device', 'device.create_wizard', 'device.delete_pin', 'tool.measure', 'test.move']
2026-01-27 08:59:53,038 [INFO] talustrace.infra: infra_log file write failed: [Errno 2] No such file or directory: '/tmp/tmp_4p3dqh2/infra_test.log'; original: [DISPATCHER] Registered action: view.toggle_library (registry id=130967243621776) keys now=['edit.add', 'edit.update', '_execute_command', 'file.new', 'file.save', 'file.open', 'file.export_bom', 'file.export_wirelist', 'file.exit', 'edit.undo', 'edit.redo', 'edit.delete', 'edit.rotate_cw', 'edit.rotate_ccw', 'edit.update_property', 'edit.settings', 'edit.theme', 'view.toggle_project_browser', 'view.toggle_library', 'view.toggle_property_panel', 'view.toggle_audit_panel', 'view.reset_layout', 'view.zoom_extents', 'view.zoom_selected', 'tool.select', 'tool.wire', 'tool.move', 'tool.add_generic_device', 'device.create_wizard', 'device.delete_pin', 'tool.measure', 'test.move']
2026-01-27 08:59:53,038 [INFO] talustrace.infra: infra_log file write failed: [Errno 2] No such file or directory: '/tmp/tmp_4p3dqh2/infra_test.log'; original: [DISPATCHER] Registered action: view.toggle_audit_panel (registry id=130967243621776) keys now=['edit.add', 'edit.update', '_execute_command', 'file.new', 'file.save', 'file.open', 'file.export_bom', 'file.export_wirelist', 'file.exit', 'edit.undo', 'edit.redo', 'edit.delete', 'edit.rotate_cw', 'edit.rotate_ccw', 'edit.update_property', 'edit.settings', 'edit.theme', 'view.toggle_project_browser', 'view.toggle_library', 'view.toggle_property_panel', 'view.toggle_audit_panel', 'view.reset_layout', 'view.zoom_extents', 'view.zoom_selected', 'tool.select', 'tool.wire', 'tool.move', 'tool.add_generic_device', 'device.create_wizard', 'device.delete_pin', 'tool.measure', 'test.move']
2026-01-27 08:59:53,039 [INFO] talustrace.infra: infra_log file write failed: [Errno 2] No such file or directory: '/tmp/tmp_4p3dqh2/infra_test.log'; original: [DISPATCHER] Registered action: tool.move (registry id=130967243621776) keys now=['edit.add', 'edit.update', '_execute_command', 'file.new', 'file.save', 'file.open', 'file.export_bom', 'file.export_wirelist', 'file.exit', 'edit.undo', 'edit.redo', 'edit.delete', 'edit.rotate_cw', 'edit.rotate_ccw', 'edit.update_property', 'edit.settings', 'edit.theme', 'view.toggle_project_browser', 'view.toggle_library', 'view.toggle_property_panel', 'view.toggle_audit_panel', 'view.reset_layout', 'view.zoom_extents', 'view.zoom_selected', 'tool.select', 'tool.wire', 'tool.move', 'tool.add_generic_device', 'device.create_wizard', 'device.delete_pin', 'tool.measure', 'test.move']
2026-01-27 08:59:53,039 [INFO] talustrace.infra: infra_log file write failed: [Errno 2] No such file or directory: '/tmp/tmp_4p3dqh2/infra_test.log'; original: [DISPATCHER] Registered action: tool.add_generic_device (registry id=130967243621776) keys now=['edit.add', 'edit.update', '_execute_command', 'file.new', 'file.save', 'file.open', 'file.export_bom', 'file.export_wirelist', 'file.exit', 'edit.undo', 'edit.redo', 'edit.delete', 'edit.rotate_cw', 'edit.rotate_ccw', 'edit.update_property', 'edit.settings', 'edit.theme', 'view.toggle_project_browser', 'view.toggle_library', 'view.toggle_property_panel', 'view.toggle_audit_panel', 'view.reset_layout', 'view.zoom_extents', 'view.zoom_selected', 'tool.select', 'tool.wire', 'tool.move', 'tool.add_generic_device', 'device.create_wizard', 'device.delete_pin', 'tool.measure', 'test.move']
2026-01-27 08:59:53,039 [INFO] talustrace.infra: infra_log file write failed: [Errno 2] No such file or directory: '/tmp/tmp_4p3dqh2/infra_test.log'; original: [DISPATCHER] Registered action: device.create_wizard (registry id=130967243621776) keys now=['edit.add', 'edit.update', '_execute_command', 'file.new', 'file.save', 'file.open', 'file.export_bom', 'file.export_wirelist', 'file.exit', 'edit.undo', 'edit.redo', 'edit.delete', 'edit.rotate_cw', 'edit.rotate_ccw', 'edit.update_property', 'edit.settings', 'edit.theme', 'view.toggle_project_browser', 'view.toggle_library', 'view.toggle_property_panel', 'view.toggle_audit_panel', 'view.reset_layout', 'view.zoom_extents', 'view.zoom_selected', 'tool.select', 'tool.wire', 'tool.move', 'tool.add_generic_device', 'device.create_wizard', 'device.delete_pin', 'tool.measure', 'test.move']
2026-01-27 08:59:53,039 [INFO] talustrace.infra: infra_log file write failed: [Errno 2] No such file or directory: '/tmp/tmp_4p3dqh2/infra_test.log'; original: [DISPATCHER] Registered action: edit.undo (registry id=130967243621776) keys now=['edit.add', 'edit.update', '_execute_command', 'file.new', 'file.save', 'file.open', 'file.export_bom', 'file.export_wirelist', 'file.exit', 'edit.undo', 'edit.redo', 'edit.delete', 'edit.rotate_cw', 'edit.rotate_ccw', 'edit.update_property', 'edit.settings', 'edit.theme', 'view.toggle_project_browser', 'view.toggle_library', 'view.toggle_property_panel', 'view.toggle_audit_panel', 'view.reset_layout', 'view.zoom_extents', 'view.zoom_selected', 'tool.select', 'tool.wire', 'tool.move', 'tool.add_generic_device', 'device.create_wizard', 'device.delete_pin', 'tool.measure', 'test.move']
2026-01-27 08:59:53,039 [INFO] talustrace.infra: infra_log file write failed: [Errno 2] No such file or directory: '/tmp/tmp_4p3dqh2/infra_test.log'; original: [DISPATCHER] Registered action: edit.redo (registry id=130967243621776) keys now=['edit.add', 'edit.update', '_execute_command', 'file.new', 'file.save', 'file.open', 'file.export_bom', 'file.export_wirelist', 'file.exit', 'edit.undo', 'edit.redo', 'edit.delete', 'edit.rotate_cw', 'edit.rotate_ccw', 'edit.update_property', 'edit.settings', 'edit.theme', 'view.toggle_project_browser', 'view.toggle_library', 'view.toggle_property_panel', 'view.toggle_audit_panel', 'view.reset_layout', 'view.zoom_extents', 'view.zoom_selected', 'tool.select', 'tool.wire', 'tool.move', 'tool.add_generic_device', 'device.create_wizard', 'device.delete_pin', 'tool.measure', 'test.move']
2026-01-27 08:59:53,039 [INFO] talustrace.infra: infra_log file write failed: [Errno 2] No such file or directory: '/tmp/tmp_4p3dqh2/infra_test.log'; original: [DISPATCHER] Registered action: tool.measure (registry id=130967243621776) keys now=['edit.add', 'edit.update', '_execute_command', 'file.new', 'file.save', 'file.open', 'file.export_bom', 'file.export_wirelist', 'file.exit', 'edit.undo', 'edit.redo', 'edit.delete', 'edit.rotate_cw', 'edit.rotate_ccw', 'edit.update_property', 'edit.settings', 'edit.theme', 'view.toggle_project_browser', 'view.toggle_library', 'view.toggle_property_panel', 'view.toggle_audit_panel', 'view.reset_layout', 'view.zoom_extents', 'view.zoom_selected', 'tool.select', 'tool.wire', 'tool.move', 'tool.add_generic_device', 'device.create_wizard', 'device.delete_pin', 'tool.measure', 'test.move']
------------------------------ Captured log setup ------------------------------
INFO     talustrace.infra:logging.py:74 infra_log file write failed: [Errno 2] No such file or directory: '/tmp/tmp_4p3dqh2/infra_test.log'; original: [DEBUG] register_device_command_actions: dispatcher_registry id=130967243621776 before registration, keys=['edit.add', 'edit.update', '_execute_command', 'file.new', 'file.save', 'file.open', 'file.export_bom', 'file.export_wirelist', 'file.exit', 'edit.undo', 'edit.redo', 'edit.delete', 'edit.rotate_cw', 'edit.rotate_ccw', 'edit.update_property', 'edit.settings', 'edit.theme', 'view.toggle_project_browser', 'view.toggle_library', 'view.toggle_property_panel', 'view.toggle_audit_panel', 'view.reset_layout', 'view.zoom_extents', 'view.zoom_selected', 'tool.select', 'tool.wire', 'tool.move', 'tool.add_generic_device', 'device.create_wizard', 'device.delete_pin', 'tool.measure', 'test.move']
INFO     talustrace.infra:logging.py:74 infra_log file write failed: [Errno 2] No such file or directory: '/tmp/tmp_4p3dqh2/infra_test.log'; original: [DISPATCHER] Registered action: edit.delete (registry id=130967243621776) keys now=['edit.add', 'edit.update', '_execute_command', 'file.new', 'file.save', 'file.open', 'file.export_bom', 'file.export_wirelist', 'file.exit', 'edit.undo', 'edit.redo', 'edit.delete', 'edit.rotate_cw', 'edit.rotate_ccw', 'edit.update_property', 'edit.settings', 'edit.theme', 'view.toggle_project_browser', 'view.toggle_library', 'view.toggle_property_panel', 'view.toggle_audit_panel', 'view.reset_layout', 'view.zoom_extents', 'view.zoom_selected', 'tool.select', 'tool.wire', 'tool.move', 'tool.add_generic_device', 'device.create_wizard', 'device.delete_pin', 'tool.measure', 'test.move']
INFO     talustrace.infra:logging.py:74 infra_log file write failed: [Errno 2] No such file or directory: '/tmp/tmp_4p3dqh2/infra_test.log'; original: [DISPATCHER] Registered action: edit.add (registry id=130967243621776) keys now=['edit.add', 'edit.update', '_execute_command', 'file.new', 'file.save', 'file.open', 'file.export_bom', 'file.export_wirelist', 'file.exit', 'edit.undo', 'edit.redo', 'edit.delete', 'edit.rotate_cw', 'edit.rotate_ccw', 'edit.update_property', 'edit.settings', 'edit.theme', 'view.toggle_project_browser', 'view.toggle_library', 'view.toggle_property_panel', 'view.toggle_audit_panel', 'view.reset_layout', 'view.zoom_extents', 'view.zoom_selected', 'tool.select', 'tool.wire', 'tool.move', 'tool.add_generic_device', 'device.create_wizard', 'device.delete_pin', 'tool.measure', 'test.move']
INFO     talustrace.infra:logging.py:74 infra_log file write failed: [Errno 2] No such file or directory: '/tmp/tmp_4p3dqh2/infra_test.log'; original: [DISPATCHER] Registered action: edit.update (registry id=130967243621776) keys now=['edit.add', 'edit.update', '_execute_command', 'file.new', 'file.save', 'file.open', 'file.export_bom', 'file.export_wirelist', 'file.exit', 'edit.undo', 'edit.redo', 'edit.delete', 'edit.rotate_cw', 'edit.rotate_ccw', 'edit.update_property', 'edit.settings', 'edit.theme', 'view.toggle_project_browser', 'view.toggle_library', 'view.toggle_property_panel', 'view.toggle_audit_panel', 'view.reset_layout', 'view.zoom_extents', 'view.zoom_selected', 'tool.select', 'tool.wire', 'tool.move', 'tool.add_generic_device', 'device.create_wizard', 'device.delete_pin', 'tool.measure', 'test.move']
INFO     talustrace.infra:logging.py:74 infra_log file write failed: [Errno 2] No such file or directory: '/tmp/tmp_4p3dqh2/infra_test.log'; original: [DEBUG] register_device_command_actions: dispatcher_registry id=130967243621776 after registration, keys=['edit.add', 'edit.update', '_execute_command', 'file.new', 'file.save', 'file.open', 'file.export_bom', 'file.export_wirelist', 'file.exit', 'edit.undo', 'edit.redo', 'edit.delete', 'edit.rotate_cw', 'edit.rotate_ccw', 'edit.update_property', 'edit.settings', 'edit.theme', 'view.toggle_project_browser', 'view.toggle_library', 'view.toggle_property_panel', 'view.toggle_audit_panel', 'view.reset_layout', 'view.zoom_extents', 'view.zoom_selected', 'tool.select', 'tool.wire', 'tool.move', 'tool.add_generic_device', 'device.create_wizard', 'device.delete_pin', 'tool.measure', 'test.move']
INFO     talustrace.infra:logging.py:74 infra_log file write failed: [Errno 2] No such file or directory: '/tmp/tmp_4p3dqh2/infra_test.log'; original: [ProjectBrowser] refresh called with data=None
INFO     talustrace.infra:logging.py:74 infra_log file write failed: [Errno 2] No such file or directory: '/tmp/tmp_4p3dqh2/infra_test.log'; original: [ProjectBrowser] refresh: proceeding to update tree
INFO     talustrace.infra:logging.py:74 infra_log file write failed: [Errno 2] No such file or directory: '/tmp/tmp_4p3dqh2/infra_test.log'; original: [DISPATCHER] Registered action: view.toggle_project_browser (registry id=130967243621776) keys now=['edit.add', 'edit.update', '_execute_command', 'file.new', 'file.save', 'file.open', 'file.export_bom', 'file.export_wirelist', 'file.exit', 'edit.undo', 'edit.redo', 'edit.delete', 'edit.rotate_cw', 'edit.rotate_ccw', 'edit.update_property', 'edit.settings', 'edit.theme', 'view.toggle_project_browser', 'view.toggle_library', 'view.toggle_property_panel', 'view.toggle_audit_panel', 'view.reset_layout', 'view.zoom_extents', 'view.zoom_selected', 'tool.select', 'tool.wire', 'tool.move', 'tool.add_generic_device', 'device.create_wizard', 'device.delete_pin', 'tool.measure', 'test.move']
INFO     talustrace.infra:logging.py:74 infra_log file write failed: [Errno 2] No such file or directory: '/tmp/tmp_4p3dqh2/infra_test.log'; original: [DISPATCHER] Registered action: view.toggle_property_panel (registry id=130967243621776) keys now=['edit.add', 'edit.update', '_execute_command', 'file.new', 'file.save', 'file.open', 'file.export_bom', 'file.export_wirelist', 'file.exit', 'edit.undo', 'edit.redo', 'edit.delete', 'edit.rotate_cw', 'edit.rotate_ccw', 'edit.update_property', 'edit.settings', 'edit.theme', 'view.toggle_project_browser', 'view.toggle_library', 'view.toggle_property_panel', 'view.toggle_audit_panel', 'view.reset_layout', 'view.zoom_extents', 'view.zoom_selected', 'tool.select', 'tool.wire', 'tool.move', 'tool.add_generic_device', 'device.create_wizard', 'device.delete_pin', 'tool.measure', 'test.move']
INFO     talustrace.infra:logging.py:74 infra_log file write failed: [Errno 2] No such file or directory: '/tmp/tmp_4p3dqh2/infra_test.log'; original: [DISPATCHER] Registered action: view.toggle_library (registry id=130967243621776) keys now=['edit.add', 'edit.update', '_execute_command', 'file.new', 'file.save', 'file.open', 'file.export_bom', 'file.export_wirelist', 'file.exit', 'edit.undo', 'edit.redo', 'edit.delete', 'edit.rotate_cw', 'edit.rotate_ccw', 'edit.update_property', 'edit.settings', 'edit.theme', 'view.toggle_project_browser', 'view.toggle_library', 'view.toggle_property_panel', 'view.toggle_audit_panel', 'view.reset_layout', 'view.zoom_extents', 'view.zoom_selected', 'tool.select', 'tool.wire', 'tool.move', 'tool.add_generic_device', 'device.create_wizard', 'device.delete_pin', 'tool.measure', 'test.move']
INFO     talustrace.infra:logging.py:74 infra_log file write failed: [Errno 2] No such file or directory: '/tmp/tmp_4p3dqh2/infra_test.log'; original: [DISPATCHER] Registered action: view.toggle_audit_panel (registry id=130967243621776) keys now=['edit.add', 'edit.update', '_execute_command', 'file.new', 'file.save', 'file.open', 'file.export_bom', 'file.export_wirelist', 'file.exit', 'edit.undo', 'edit.redo', 'edit.delete', 'edit.rotate_cw', 'edit.rotate_ccw', 'edit.update_property', 'edit.settings', 'edit.theme', 'view.toggle_project_browser', 'view.toggle_library', 'view.toggle_property_panel', 'view.toggle_audit_panel', 'view.reset_layout', 'view.zoom_extents', 'view.zoom_selected', 'tool.select', 'tool.wire', 'tool.move', 'tool.add_generic_device', 'device.create_wizard', 'device.delete_pin', 'tool.measure', 'test.move']
INFO     talustrace.infra:logging.py:74 infra_log file write failed: [Errno 2] No such file or directory: '/tmp/tmp_4p3dqh2/infra_test.log'; original: [DISPATCHER] Registered action: tool.move (registry id=130967243621776) keys now=['edit.add', 'edit.update', '_execute_command', 'file.new', 'file.save', 'file.open', 'file.export_bom', 'file.export_wirelist', 'file.exit', 'edit.undo', 'edit.redo', 'edit.delete', 'edit.rotate_cw', 'edit.rotate_ccw', 'edit.update_property', 'edit.settings', 'edit.theme', 'view.toggle_project_browser', 'view.toggle_library', 'view.toggle_property_panel', 'view.toggle_audit_panel', 'view.reset_layout', 'view.zoom_extents', 'view.zoom_selected', 'tool.select', 'tool.wire', 'tool.move', 'tool.add_generic_device', 'device.create_wizard', 'device.delete_pin', 'tool.measure', 'test.move']
INFO     talustrace.infra:logging.py:74 infra_log file write failed: [Errno 2] No such file or directory: '/tmp/tmp_4p3dqh2/infra_test.log'; original: [DISPATCHER] Registered action: tool.add_generic_device (registry id=130967243621776) keys now=['edit.add', 'edit.update', '_execute_command', 'file.new', 'file.save', 'file.open', 'file.export_bom', 'file.export_wirelist', 'file.exit', 'edit.undo', 'edit.redo', 'edit.delete', 'edit.rotate_cw', 'edit.rotate_ccw', 'edit.update_property', 'edit.settings', 'edit.theme', 'view.toggle_project_browser', 'view.toggle_library', 'view.toggle_property_panel', 'view.toggle_audit_panel', 'view.reset_layout', 'view.zoom_extents', 'view.zoom_selected', 'tool.select', 'tool.wire', 'tool.move', 'tool.add_generic_device', 'device.create_wizard', 'device.delete_pin', 'tool.measure', 'test.move']
INFO     talustrace.infra:logging.py:74 infra_log file write failed: [Errno 2] No such file or directory: '/tmp/tmp_4p3dqh2/infra_test.log'; original: [DISPATCHER] Registered action: device.create_wizard (registry id=130967243621776) keys now=['edit.add', 'edit.update', '_execute_command', 'file.new', 'file.save', 'file.open', 'file.export_bom', 'file.export_wirelist', 'file.exit', 'edit.undo', 'edit.redo', 'edit.delete', 'edit.rotate_cw', 'edit.rotate_ccw', 'edit.update_property', 'edit.settings', 'edit.theme', 'view.toggle_project_browser', 'view.toggle_library', 'view.toggle_property_panel', 'view.toggle_audit_panel', 'view.reset_layout', 'view.zoom_extents', 'view.zoom_selected', 'tool.select', 'tool.wire', 'tool.move', 'tool.add_generic_device', 'device.create_wizard', 'device.delete_pin', 'tool.measure', 'test.move']
INFO     talustrace.infra:logging.py:74 infra_log file write failed: [Errno 2] No such file or directory: '/tmp/tmp_4p3dqh2/infra_test.log'; original: [DISPATCHER] Registered action: edit.undo (registry id=130967243621776) keys now=['edit.add', 'edit.update', '_execute_command', 'file.new', 'file.save', 'file.open', 'file.export_bom', 'file.export_wirelist', 'file.exit', 'edit.undo', 'edit.redo', 'edit.delete', 'edit.rotate_cw', 'edit.rotate_ccw', 'edit.update_property', 'edit.settings', 'edit.theme', 'view.toggle_project_browser', 'view.toggle_library', 'view.toggle_property_panel', 'view.toggle_audit_panel', 'view.reset_layout', 'view.zoom_extents', 'view.zoom_selected', 'tool.select', 'tool.wire', 'tool.move', 'tool.add_generic_device', 'device.create_wizard', 'device.delete_pin', 'tool.measure', 'test.move']
INFO     talustrace.infra:logging.py:74 infra_log file write failed: [Errno 2] No such file or directory: '/tmp/tmp_4p3dqh2/infra_test.log'; original: [DISPATCHER] Registered action: edit.redo (registry id=130967243621776) keys now=['edit.add', 'edit.update', '_execute_command', 'file.new', 'file.save', 'file.open', 'file.export_bom', 'file.export_wirelist', 'file.exit', 'edit.undo', 'edit.redo', 'edit.delete', 'edit.rotate_cw', 'edit.rotate_ccw', 'edit.update_property', 'edit.settings', 'edit.theme', 'view.toggle_project_browser', 'view.toggle_library', 'view.toggle_property_panel', 'view.toggle_audit_panel', 'view.reset_layout', 'view.zoom_extents', 'view.zoom_selected', 'tool.select', 'tool.wire', 'tool.move', 'tool.add_generic_device', 'device.create_wizard', 'device.delete_pin', 'tool.measure', 'test.move']
INFO     talustrace.infra:logging.py:74 infra_log file write failed: [Errno 2] No such file or directory: '/tmp/tmp_4p3dqh2/infra_test.log'; original: [DISPATCHER] Registered action: tool.measure (registry id=130967243621776) keys now=['edit.add', 'edit.update', '_execute_command', 'file.new', 'file.save', 'file.open', 'file.export_bom', 'file.export_wirelist', 'file.exit', 'edit.undo', 'edit.redo', 'edit.delete', 'edit.rotate_cw', 'edit.rotate_ccw', 'edit.update_property', 'edit.settings', 'edit.theme', 'view.toggle_project_browser', 'view.toggle_library', 'view.toggle_property_panel', 'view.toggle_audit_panel', 'view.reset_layout', 'view.zoom_extents', 'view.zoom_selected', 'tool.select', 'tool.wire', 'tool.move', 'tool.add_generic_device', 'device.create_wizard', 'device.delete_pin', 'tool.measure', 'test.move']
----------------------------- Captured stdout call -----------------------------
[infra_log] Writing to log_path: /tmp/tmp_4p3dqh2/infra_test.log
[infra_log] Exception writing to /tmp/tmp_4p3dqh2/infra_test.log: [Errno 2] No such file or directory: '/tmp/tmp_4p3dqh2/infra_test.log'
[infra_log] Writing to log_path: /tmp/tmp_4p3dqh2/infra_test.log
[infra_log] Exception writing to /tmp/tmp_4p3dqh2/infra_test.log: [Errno 2] No such file or directory: '/tmp/tmp_4p3dqh2/infra_test.log'
----------------------------- Captured stderr call -----------------------------
2026-01-27 08:59:53,076 [INFO] talustrace.infra: infra_log file write failed: [Errno 2] No such file or directory: '/tmp/tmp_4p3dqh2/infra_test.log'; original: [DeviceItem] Created DeviceItem for model id=4720aa69-cb2c-410f-a2c3-d04c12bd8cd2, obj=Device(id='4720aa69-cb2c-410f-a2c3-d04c12bd8cd2', x=0.0, y=0.0, origin_x=0.0, origin_y=0.0, rotation=0.0, meta={'width_mm': 40.0, 'height_mm': 30.0, 'manufacturer': 'Generic', 'sku': '', '_type': 'generic'}, label=None, pins=[], library_id=None, revision=0, is_ghost=False, promotion_source_id=None, service_slack_mm=0.0, svg_body=None, internal_routing={}), DeviceItem id=130966110284736
2026-01-27 08:59:53,077 [INFO] talustrace.infra: infra_log file write failed: [Errno 2] No such file or directory: '/tmp/tmp_4p3dqh2/infra_test.log'; original: [DeviceItem] Created DeviceItem for model id=ba69ae1a-966c-4e22-b81b-f21c05cc9aec, obj=Device(id='ba69ae1a-966c-4e22-b81b-f21c05cc9aec', x=0.0, y=0.0, origin_x=0.0, origin_y=0.0, rotation=0.0, meta={'width_mm': 40.0, 'height_mm': 30.0, 'manufacturer': 'Generic', 'sku': '', '_type': 'generic'}, label=None, pins=[], library_id=None, revision=0, is_ghost=False, promotion_source_id=None, service_slack_mm=0.0, svg_body=None, internal_routing={}), DeviceItem id=130966109704896
------------------------------ Captured log call -------------------------------
INFO     talustrace.infra:logging.py:74 infra_log file write failed: [Errno 2] No such file or directory: '/tmp/tmp_4p3dqh2/infra_test.log'; original: [DeviceItem] Created DeviceItem for model id=4720aa69-cb2c-410f-a2c3-d04c12bd8cd2, obj=Device(id='4720aa69-cb2c-410f-a2c3-d04c12bd8cd2', x=0.0, y=0.0, origin_x=0.0, origin_y=0.0, rotation=0.0, meta={'width_mm': 40.0, 'height_mm': 30.0, 'manufacturer': 'Generic', 'sku': '', '_type': 'generic'}, label=None, pins=[], library_id=None, revision=0, is_ghost=False, promotion_source_id=None, service_slack_mm=0.0, svg_body=None, internal_routing={}), DeviceItem id=130966110284736
INFO     talustrace.infra:logging.py:74 infra_log file write failed: [Errno 2] No such file or directory: '/tmp/tmp_4p3dqh2/infra_test.log'; original: [DeviceItem] Created DeviceItem for model id=ba69ae1a-966c-4e22-b81b-f21c05cc9aec, obj=Device(id='ba69ae1a-966c-4e22-b81b-f21c05cc9aec', x=0.0, y=0.0, origin_x=0.0, origin_y=0.0, rotation=0.0, meta={'width_mm': 40.0, 'height_mm': 30.0, 'manufacturer': 'Generic', 'sku': '', '_type': 'generic'}, label=None, pins=[], library_id=None, revision=0, is_ghost=False, promotion_source_id=None, service_slack_mm=0.0, svg_body=None, internal_routing={}), DeviceItem id=130966109704896
_________________________ test_all_code_has_docstrings _________________________

    def test_all_code_has_docstrings():
        """Test that all modules, classes, and functions have docstrings."""
        all_missing = []
        for pyfile in iter_python_files(PROJECT_ROOT):
            all_missing.extend(check_file_for_docstrings(pyfile))
        if all_missing:
            msg = '\n'.join(f"{file}:{lineno} {kind} '{name}' missing docstring" for file, lineno, kind, name in all_missing)
>           pytest.fail(f"Missing docstrings in the following locations:\n{msg}")
E           Failed: Missing docstrings in the following locations:
E           /home/dworth/Dropbox/Bronco II/talustrace/ui/canvas.py:22 ClassDef 'HarnessCanvas' missing docstring
E           /home/dworth/Dropbox/Bronco II/talustrace/ui/canvas.py:110 FunctionDef '__init__' missing docstring
E           /home/dworth/Dropbox/Bronco II/talustrace/ui/input_system.py:9 FunctionDef '_log_input_event' missing docstring
E           /home/dworth/Dropbox/Bronco II/talustrace/ui/input_system.py:17 ClassDef 'InputSystem' missing docstring
E           /home/dworth/Dropbox/Bronco II/talustrace/ui/input_system.py:18 FunctionDef '__init__' missing docstring
E           /home/dworth/Dropbox/Bronco II/talustrace/ui/input_system.py:206 ClassDef 'CanvasEvent' missing docstring
E           /home/dworth/Dropbox/Bronco II/talustrace/ui/input_system.py:207 FunctionDef '__init__' missing docstring
E           /home/dworth/Dropbox/Bronco II/talustrace/ui/layout_manager.py:99 FunctionDef 'handler' missing docstring
E           /home/dworth/Dropbox/Bronco II/talustrace/ui/layout_manager.py:51 FunctionDef 'handler' missing docstring
E           /home/dworth/Dropbox/Bronco II/talustrace/ui/layout_manager.py:63 FunctionDef 'handler' missing docstring
E           /home/dworth/Dropbox/Bronco II/talustrace/ui/context_menu_manager.py:21 FunctionDef 'build_menu' missing docstring
E           /home/dworth/Dropbox/Bronco II/talustrace/ui/context_menu_manager.py:103 FunctionDef 'show_context_menu' missing docstring
E           /home/dworth/Dropbox/Bronco II/talustrace/ui/legacy/canvas_old.py:1 Module '<module>' missing docstring
E           /home/dworth/Dropbox/Bronco II/talustrace/ui/items/pin.py:24 FunctionDef '__init__' missing docstring
E           /home/dworth/Dropbox/Bronco II/talustrace/ui/items/device.py:22 FunctionDef '__init__' missing docstring
E           /home/dworth/Dropbox/Bronco II/talustrace/scripts/replace_ui_layout_commands_with_uuids.py:1 Module '<module>' missing docstring
E           /home/dworth/Dropbox/Bronco II/talustrace/scripts/replace_ui_layout_commands_with_uuids.py:15 FunctionDef 'replace_command_with_uuid' missing docstring
E           /home/dworth/Dropbox/Bronco II/talustrace/api/actions.py:109 FunctionDef 'label_for' missing docstring
E           /home/dworth/Dropbox/Bronco II/talustrace/api/commands/edit.py:197 FunctionDef 'edit_delete' missing docstring
E           /home/dworth/Dropbox/Bronco II/talustrace/tools/placement_tool.py:125 FunctionDef 'on_mouse_press' missing docstring
E           /home/dworth/Dropbox/Bronco II/talustrace/infra/undo_stack.py:178 FunctionDef 'can_undo' missing docstring
E           /home/dworth/Dropbox/Bronco II/talustrace/infra/undo_stack.py:181 FunctionDef 'can_redo' missing docstring
E           /home/dworth/Dropbox/Bronco II/talustrace/infra/undo_stack.py:189 FunctionDef 'undo_stack' missing docstring
E           /home/dworth/Dropbox/Bronco II/talustrace/infra/undo_stack.py:193 FunctionDef 'redo_stack' missing docstring
E           /home/dworth/Dropbox/Bronco II/talustrace/infra/undo_stack.py:201 FunctionDef '__init__' missing docstring
E           /home/dworth/Dropbox/Bronco II/talustrace/infra/undo_stack.py:205 FunctionDef '_do_execute' missing docstring
E           /home/dworth/Dropbox/Bronco II/talustrace/infra/undo_stack.py:210 FunctionDef 'undo' missing docstring
E           /home/dworth/Dropbox/Bronco II/talustrace/infra/undo_stack.py:214 FunctionDef 'redo' missing docstring
E           /home/dworth/Dropbox/Bronco II/talustrace/core/harness.py:19 ClassDef '_Bypass' missing docstring
E           /home/dworth/Dropbox/Bronco II/talustrace/core/harness.py:20 FunctionDef '__enter__' missing docstring
E           /home/dworth/Dropbox/Bronco II/talustrace/core/harness.py:22 FunctionDef '__exit__' missing docstring

tests/test_docstrings.py:39: Failed
---------------------------- Captured stdout setup -----------------------------
[infra_log] Writing to log_path: /tmp/tmp_4p3dqh2/infra_test.log
[infra_log] Exception writing to /tmp/tmp_4p3dqh2/infra_test.log: [Errno 2] No such file or directory: '/tmp/tmp_4p3dqh2/infra_test.log'
[infra_log] Writing to log_path: /tmp/tmp_4p3dqh2/infra_test.log
[infra_log] Exception writing to /tmp/tmp_4p3dqh2/infra_test.log: [Errno 2] No such file or directory: '/tmp/tmp_4p3dqh2/infra_test.log'
[infra_log] Writing to log_path: /tmp/tmp_4p3dqh2/infra_test.log
[infra_log] Exception writing to /tmp/tmp_4p3dqh2/infra_test.log: [Errno 2] No such file or directory: '/tmp/tmp_4p3dqh2/infra_test.log'
[infra_log] Writing to log_path: /tmp/tmp_4p3dqh2/infra_test.log
[infra_log] Exception writing to /tmp/tmp_4p3dqh2/infra_test.log: [Errno 2] No such file or directory: '/tmp/tmp_4p3dqh2/infra_test.log'
[infra_log] Writing to log_path: /tmp/tmp_4p3dqh2/infra_test.log
[infra_log] Exception writing to /tmp/tmp_4p3dqh2/infra_test.log: [Errno 2] No such file or directory: '/tmp/tmp_4p3dqh2/infra_test.log'
---------------------------- Captured stderr setup -----------------------------
2026-01-27 08:59:53,662 [INFO] talustrace.infra: infra_log file write failed: [Errno 2] No such file or directory: '/tmp/tmp_4p3dqh2/infra_test.log'; original: [DEBUG] register_device_command_actions: dispatcher_registry id=130967243621776 before registration, keys=['edit.add', 'edit.update', '_execute_command', 'file.new', 'file.save', 'file.open', 'file.export_bom', 'file.export_wirelist', 'file.exit', 'edit.undo', 'edit.redo', 'edit.delete', 'edit.rotate_cw', 'edit.rotate_ccw', 'edit.update_property', 'edit.settings', 'edit.theme', 'view.toggle_project_browser', 'view.toggle_library', 'view.toggle_property_panel', 'view.toggle_audit_panel', 'view.reset_layout', 'view.zoom_extents', 'view.zoom_selected', 'tool.select', 'tool.wire', 'tool.move', 'tool.add_generic_device', 'device.create_wizard', 'device.delete_pin', 'tool.measure', 'test.move']
2026-01-27 08:59:53,662 [INFO] talustrace.infra: infra_log file write failed: [Errno 2] No such file or directory: '/tmp/tmp_4p3dqh2/infra_test.log'; original: [DISPATCHER] Registered action: edit.delete (registry id=130967243621776) keys now=['edit.add', 'edit.update', '_execute_command', 'file.new', 'file.save', 'file.open', 'file.export_bom', 'file.export_wirelist', 'file.exit', 'edit.undo', 'edit.redo', 'edit.delete', 'edit.rotate_cw', 'edit.rotate_ccw', 'edit.update_property', 'edit.settings', 'edit.theme', 'view.toggle_project_browser', 'view.toggle_library', 'view.toggle_property_panel', 'view.toggle_audit_panel', 'view.reset_layout', 'view.zoom_extents', 'view.zoom_selected', 'tool.select', 'tool.wire', 'tool.move', 'tool.add_generic_device', 'device.create_wizard', 'device.delete_pin', 'tool.measure', 'test.move']
2026-01-27 08:59:53,662 [INFO] talustrace.infra: infra_log file write failed: [Errno 2] No such file or directory: '/tmp/tmp_4p3dqh2/infra_test.log'; original: [DISPATCHER] Registered action: edit.add (registry id=130967243621776) keys now=['edit.add', 'edit.update', '_execute_command', 'file.new', 'file.save', 'file.open', 'file.export_bom', 'file.export_wirelist', 'file.exit', 'edit.undo', 'edit.redo', 'edit.delete', 'edit.rotate_cw', 'edit.rotate_ccw', 'edit.update_property', 'edit.settings', 'edit.theme', 'view.toggle_project_browser', 'view.toggle_library', 'view.toggle_property_panel', 'view.toggle_audit_panel', 'view.reset_layout', 'view.zoom_extents', 'view.zoom_selected', 'tool.select', 'tool.wire', 'tool.move', 'tool.add_generic_device', 'device.create_wizard', 'device.delete_pin', 'tool.measure', 'test.move']
2026-01-27 08:59:53,662 [INFO] talustrace.infra: infra_log file write failed: [Errno 2] No such file or directory: '/tmp/tmp_4p3dqh2/infra_test.log'; original: [DISPATCHER] Registered action: edit.update (registry id=130967243621776) keys now=['edit.add', 'edit.update', '_execute_command', 'file.new', 'file.save', 'file.open', 'file.export_bom', 'file.export_wirelist', 'file.exit', 'edit.undo', 'edit.redo', 'edit.delete', 'edit.rotate_cw', 'edit.rotate_ccw', 'edit.update_property', 'edit.settings', 'edit.theme', 'view.toggle_project_browser', 'view.toggle_library', 'view.toggle_property_panel', 'view.toggle_audit_panel', 'view.reset_layout', 'view.zoom_extents', 'view.zoom_selected', 'tool.select', 'tool.wire', 'tool.move', 'tool.add_generic_device', 'device.create_wizard', 'device.delete_pin', 'tool.measure', 'test.move']
2026-01-27 08:59:53,662 [INFO] talustrace.infra: infra_log file write failed: [Errno 2] No such file or directory: '/tmp/tmp_4p3dqh2/infra_test.log'; original: [DEBUG] register_device_command_actions: dispatcher_registry id=130967243621776 after registration, keys=['edit.add', 'edit.update', '_execute_command', 'file.new', 'file.save', 'file.open', 'file.export_bom', 'file.export_wirelist', 'file.exit', 'edit.undo', 'edit.redo', 'edit.delete', 'edit.rotate_cw', 'edit.rotate_ccw', 'edit.update_property', 'edit.settings', 'edit.theme', 'view.toggle_project_browser', 'view.toggle_library', 'view.toggle_property_panel', 'view.toggle_audit_panel', 'view.reset_layout', 'view.zoom_extents', 'view.zoom_selected', 'tool.select', 'tool.wire', 'tool.move', 'tool.add_generic_device', 'device.create_wizard', 'device.delete_pin', 'tool.measure', 'test.move']
------------------------------ Captured log setup ------------------------------
INFO     talustrace.infra:logging.py:74 infra_log file write failed: [Errno 2] No such file or directory: '/tmp/tmp_4p3dqh2/infra_test.log'; original: [DEBUG] register_device_command_actions: dispatcher_registry id=130967243621776 before registration, keys=['edit.add', 'edit.update', '_execute_command', 'file.new', 'file.save', 'file.open', 'file.export_bom', 'file.export_wirelist', 'file.exit', 'edit.undo', 'edit.redo', 'edit.delete', 'edit.rotate_cw', 'edit.rotate_ccw', 'edit.update_property', 'edit.settings', 'edit.theme', 'view.toggle_project_browser', 'view.toggle_library', 'view.toggle_property_panel', 'view.toggle_audit_panel', 'view.reset_layout', 'view.zoom_extents', 'view.zoom_selected', 'tool.select', 'tool.wire', 'tool.move', 'tool.add_generic_device', 'device.create_wizard', 'device.delete_pin', 'tool.measure', 'test.move']
INFO     talustrace.infra:logging.py:74 infra_log file write failed: [Errno 2] No such file or directory: '/tmp/tmp_4p3dqh2/infra_test.log'; original: [DISPATCHER] Registered action: edit.delete (registry id=130967243621776) keys now=['edit.add', 'edit.update', '_execute_command', 'file.new', 'file.save', 'file.open', 'file.export_bom', 'file.export_wirelist', 'file.exit', 'edit.undo', 'edit.redo', 'edit.delete', 'edit.rotate_cw', 'edit.rotate_ccw', 'edit.update_property', 'edit.settings', 'edit.theme', 'view.toggle_project_browser', 'view.toggle_library', 'view.toggle_property_panel', 'view.toggle_audit_panel', 'view.reset_layout', 'view.zoom_extents', 'view.zoom_selected', 'tool.select', 'tool.wire', 'tool.move', 'tool.add_generic_device', 'device.create_wizard', 'device.delete_pin', 'tool.measure', 'test.move']
INFO     talustrace.infra:logging.py:74 infra_log file write failed: [Errno 2] No such file or directory: '/tmp/tmp_4p3dqh2/infra_test.log'; original: [DISPATCHER] Registered action: edit.add (registry id=130967243621776) keys now=['edit.add', 'edit.update', '_execute_command', 'file.new', 'file.save', 'file.open', 'file.export_bom', 'file.export_wirelist', 'file.exit', 'edit.undo', 'edit.redo', 'edit.delete', 'edit.rotate_cw', 'edit.rotate_ccw', 'edit.update_property', 'edit.settings', 'edit.theme', 'view.toggle_project_browser', 'view.toggle_library', 'view.toggle_property_panel', 'view.toggle_audit_panel', 'view.reset_layout', 'view.zoom_extents', 'view.zoom_selected', 'tool.select', 'tool.wire', 'tool.move', 'tool.add_generic_device', 'device.create_wizard', 'device.delete_pin', 'tool.measure', 'test.move']
INFO     talustrace.infra:logging.py:74 infra_log file write failed: [Errno 2] No such file or directory: '/tmp/tmp_4p3dqh2/infra_test.log'; original: [DISPATCHER] Registered action: edit.update (registry id=130967243621776) keys now=['edit.add', 'edit.update', '_execute_command', 'file.new', 'file.save', 'file.open', 'file.export_bom', 'file.export_wirelist', 'file.exit', 'edit.undo', 'edit.redo', 'edit.delete', 'edit.rotate_cw', 'edit.rotate_ccw', 'edit.update_property', 'edit.settings', 'edit.theme', 'view.toggle_project_browser', 'view.toggle_library', 'view.toggle_property_panel', 'view.toggle_audit_panel', 'view.reset_layout', 'view.zoom_extents', 'view.zoom_selected', 'tool.select', 'tool.wire', 'tool.move', 'tool.add_generic_device', 'device.create_wizard', 'device.delete_pin', 'tool.measure', 'test.move']
INFO     talustrace.infra:logging.py:74 infra_log file write failed: [Errno 2] No such file or directory: '/tmp/tmp_4p3dqh2/infra_test.log'; original: [DEBUG] register_device_command_actions: dispatcher_registry id=130967243621776 after registration, keys=['edit.add', 'edit.update', '_execute_command', 'file.new', 'file.save', 'file.open', 'file.export_bom', 'file.export_wirelist', 'file.exit', 'edit.undo', 'edit.redo', 'edit.delete', 'edit.rotate_cw', 'edit.rotate_ccw', 'edit.update_property', 'edit.settings', 'edit.theme', 'view.toggle_project_browser', 'view.toggle_library', 'view.toggle_property_panel', 'view.toggle_audit_panel', 'view.reset_layout', 'view.zoom_extents', 'view.zoom_selected', 'tool.select', 'tool.wire', 'tool.move', 'tool.add_generic_device', 'device.create_wizard', 'device.delete_pin', 'tool.measure', 'test.move']
____________________ test_library_drag_to_canvas_insertion _____________________

qtbot = <pytestqt.qtbot.QtBot object at 0x771cec768470>
clean_api_singleton = <api.manager.APIManager object at 0x771cf9fbacd0>

    def test_library_drag_to_canvas_insertion(qtbot, clean_api_singleton):
        """
        Verifies that dragging an item from the Library and dropping it
        onto the Canvas successfully inserts it into the Model.
        """
        api = clean_api_singleton
    
        # 1. Setup Input System
        # The Canvas needs this to handle drops!
        if not api.input_system:
            api.input_system = InputSystem(api.context)
    
        # 2. Setup Mock Library
        # We inject the part definition so the API can find it
        api.library = MagicMock(spec=LibraryManager)
        import uuid
        test_part_id = str(uuid.uuid4())
        test_pin_id = str(uuid.uuid4())
        test_part_def = {
            "manufacturer": "TestCorp",
            "category": "Splices",
            "pins": [{"id": test_pin_id}]
        }
        api.library.get_parts.return_value = {test_part_id: test_part_def}
    
        # 3. Setup Canvas
        canvas = HarnessCanvas()
        qtbot.add_widget(canvas)
    
        # CRITICAL: Wire the InputSystem to the Canvas
        # This ensures dropEvent delegates to the InputSystem -> Tools
        api.input_system.install(canvas)
    
        # 4. Simulate Drop
        mime_data = QMimeData()
        mime_data.setText(f"library://{test_part_id}")
    
        drop_pos = QPoint(100, 100)
        event = QDropEvent(drop_pos, Qt.CopyAction, mime_data, Qt.LeftButton, Qt.NoModifier)
    
        # Manually trigger the drop logic
        canvas.dropEvent(event)
    
        # 5. Verification
        devices = api.context.harness.devices
>       assert len(devices) > 0, "Drop event failed to instantiate a device."
E       AssertionError: Drop event failed to instantiate a device.
E       assert 0 > 0
E        +  where 0 = len([])

tests/test_library_integration.py:54: AssertionError
---------------------------- Captured stdout setup -----------------------------
[infra_log] Writing to log_path: /tmp/tmp_4p3dqh2/infra_test.log
[infra_log] Exception writing to /tmp/tmp_4p3dqh2/infra_test.log: [Errno 2] No such file or directory: '/tmp/tmp_4p3dqh2/infra_test.log'
[infra_log] Writing to log_path: /tmp/tmp_4p3dqh2/infra_test.log
[infra_log] Exception writing to /tmp/tmp_4p3dqh2/infra_test.log: [Errno 2] No such file or directory: '/tmp/tmp_4p3dqh2/infra_test.log'
[infra_log] Writing to log_path: /tmp/tmp_4p3dqh2/infra_test.log
[infra_log] Exception writing to /tmp/tmp_4p3dqh2/infra_test.log: [Errno 2] No such file or directory: '/tmp/tmp_4p3dqh2/infra_test.log'
[infra_log] Writing to log_path: /tmp/tmp_4p3dqh2/infra_test.log
[infra_log] Exception writing to /tmp/tmp_4p3dqh2/infra_test.log: [Errno 2] No such file or directory: '/tmp/tmp_4p3dqh2/infra_test.log'
[infra_log] Writing to log_path: /tmp/tmp_4p3dqh2/infra_test.log
[infra_log] Exception writing to /tmp/tmp_4p3dqh2/infra_test.log: [Errno 2] No such file or directory: '/tmp/tmp_4p3dqh2/infra_test.log'
---------------------------- Captured stderr setup -----------------------------
2026-01-27 08:59:54,266 [INFO] talustrace.infra: infra_log file write failed: [Errno 2] No such file or directory: '/tmp/tmp_4p3dqh2/infra_test.log'; original: [DEBUG] register_device_command_actions: dispatcher_registry id=130967243621776 before registration, keys=['edit.add', 'edit.update', '_execute_command', 'file.new', 'file.save', 'file.open', 'file.export_bom', 'file.export_wirelist', 'file.exit', 'edit.undo', 'edit.redo', 'edit.delete', 'edit.rotate_cw', 'edit.rotate_ccw', 'edit.update_property', 'edit.settings', 'edit.theme', 'view.toggle_project_browser', 'view.toggle_library', 'view.toggle_property_panel', 'view.toggle_audit_panel', 'view.reset_layout', 'view.zoom_extents', 'view.zoom_selected', 'tool.select', 'tool.wire', 'tool.move', 'tool.add_generic_device', 'device.create_wizard', 'device.delete_pin', 'tool.measure', 'test.move']
2026-01-27 08:59:54,267 [INFO] talustrace.infra: infra_log file write failed: [Errno 2] No such file or directory: '/tmp/tmp_4p3dqh2/infra_test.log'; original: [DISPATCHER] Registered action: edit.delete (registry id=130967243621776) keys now=['edit.add', 'edit.update', '_execute_command', 'file.new', 'file.save', 'file.open', 'file.export_bom', 'file.export_wirelist', 'file.exit', 'edit.undo', 'edit.redo', 'edit.delete', 'edit.rotate_cw', 'edit.rotate_ccw', 'edit.update_property', 'edit.settings', 'edit.theme', 'view.toggle_project_browser', 'view.toggle_library', 'view.toggle_property_panel', 'view.toggle_audit_panel', 'view.reset_layout', 'view.zoom_extents', 'view.zoom_selected', 'tool.select', 'tool.wire', 'tool.move', 'tool.add_generic_device', 'device.create_wizard', 'device.delete_pin', 'tool.measure', 'test.move']
2026-01-27 08:59:54,267 [INFO] talustrace.infra: infra_log file write failed: [Errno 2] No such file or directory: '/tmp/tmp_4p3dqh2/infra_test.log'; original: [DISPATCHER] Registered action: edit.add (registry id=130967243621776) keys now=['edit.add', 'edit.update', '_execute_command', 'file.new', 'file.save', 'file.open', 'file.export_bom', 'file.export_wirelist', 'file.exit', 'edit.undo', 'edit.redo', 'edit.delete', 'edit.rotate_cw', 'edit.rotate_ccw', 'edit.update_property', 'edit.settings', 'edit.theme', 'view.toggle_project_browser', 'view.toggle_library', 'view.toggle_property_panel', 'view.toggle_audit_panel', 'view.reset_layout', 'view.zoom_extents', 'view.zoom_selected', 'tool.select', 'tool.wire', 'tool.move', 'tool.add_generic_device', 'device.create_wizard', 'device.delete_pin', 'tool.measure', 'test.move']
2026-01-27 08:59:54,267 [INFO] talustrace.infra: infra_log file write failed: [Errno 2] No such file or directory: '/tmp/tmp_4p3dqh2/infra_test.log'; original: [DISPATCHER] Registered action: edit.update (registry id=130967243621776) keys now=['edit.add', 'edit.update', '_execute_command', 'file.new', 'file.save', 'file.open', 'file.export_bom', 'file.export_wirelist', 'file.exit', 'edit.undo', 'edit.redo', 'edit.delete', 'edit.rotate_cw', 'edit.rotate_ccw', 'edit.update_property', 'edit.settings', 'edit.theme', 'view.toggle_project_browser', 'view.toggle_library', 'view.toggle_property_panel', 'view.toggle_audit_panel', 'view.reset_layout', 'view.zoom_extents', 'view.zoom_selected', 'tool.select', 'tool.wire', 'tool.move', 'tool.add_generic_device', 'device.create_wizard', 'device.delete_pin', 'tool.measure', 'test.move']
2026-01-27 08:59:54,267 [INFO] talustrace.infra: infra_log file write failed: [Errno 2] No such file or directory: '/tmp/tmp_4p3dqh2/infra_test.log'; original: [DEBUG] register_device_command_actions: dispatcher_registry id=130967243621776 after registration, keys=['edit.add', 'edit.update', '_execute_command', 'file.new', 'file.save', 'file.open', 'file.export_bom', 'file.export_wirelist', 'file.exit', 'edit.undo', 'edit.redo', 'edit.delete', 'edit.rotate_cw', 'edit.rotate_ccw', 'edit.update_property', 'edit.settings', 'edit.theme', 'view.toggle_project_browser', 'view.toggle_library', 'view.toggle_property_panel', 'view.toggle_audit_panel', 'view.reset_layout', 'view.zoom_extents', 'view.zoom_selected', 'tool.select', 'tool.wire', 'tool.move', 'tool.add_generic_device', 'device.create_wizard', 'device.delete_pin', 'tool.measure', 'test.move']
------------------------------ Captured log setup ------------------------------
INFO     talustrace.infra:logging.py:74 infra_log file write failed: [Errno 2] No such file or directory: '/tmp/tmp_4p3dqh2/infra_test.log'; original: [DEBUG] register_device_command_actions: dispatcher_registry id=130967243621776 before registration, keys=['edit.add', 'edit.update', '_execute_command', 'file.new', 'file.save', 'file.open', 'file.export_bom', 'file.export_wirelist', 'file.exit', 'edit.undo', 'edit.redo', 'edit.delete', 'edit.rotate_cw', 'edit.rotate_ccw', 'edit.update_property', 'edit.settings', 'edit.theme', 'view.toggle_project_browser', 'view.toggle_library', 'view.toggle_property_panel', 'view.toggle_audit_panel', 'view.reset_layout', 'view.zoom_extents', 'view.zoom_selected', 'tool.select', 'tool.wire', 'tool.move', 'tool.add_generic_device', 'device.create_wizard', 'device.delete_pin', 'tool.measure', 'test.move']
INFO     talustrace.infra:logging.py:74 infra_log file write failed: [Errno 2] No such file or directory: '/tmp/tmp_4p3dqh2/infra_test.log'; original: [DISPATCHER] Registered action: edit.delete (registry id=130967243621776) keys now=['edit.add', 'edit.update', '_execute_command', 'file.new', 'file.save', 'file.open', 'file.export_bom', 'file.export_wirelist', 'file.exit', 'edit.undo', 'edit.redo', 'edit.delete', 'edit.rotate_cw', 'edit.rotate_ccw', 'edit.update_property', 'edit.settings', 'edit.theme', 'view.toggle_project_browser', 'view.toggle_library', 'view.toggle_property_panel', 'view.toggle_audit_panel', 'view.reset_layout', 'view.zoom_extents', 'view.zoom_selected', 'tool.select', 'tool.wire', 'tool.move', 'tool.add_generic_device', 'device.create_wizard', 'device.delete_pin', 'tool.measure', 'test.move']
INFO     talustrace.infra:logging.py:74 infra_log file write failed: [Errno 2] No such file or directory: '/tmp/tmp_4p3dqh2/infra_test.log'; original: [DISPATCHER] Registered action: edit.add (registry id=130967243621776) keys now=['edit.add', 'edit.update', '_execute_command', 'file.new', 'file.save', 'file.open', 'file.export_bom', 'file.export_wirelist', 'file.exit', 'edit.undo', 'edit.redo', 'edit.delete', 'edit.rotate_cw', 'edit.rotate_ccw', 'edit.update_property', 'edit.settings', 'edit.theme', 'view.toggle_project_browser', 'view.toggle_library', 'view.toggle_property_panel', 'view.toggle_audit_panel', 'view.reset_layout', 'view.zoom_extents', 'view.zoom_selected', 'tool.select', 'tool.wire', 'tool.move', 'tool.add_generic_device', 'device.create_wizard', 'device.delete_pin', 'tool.measure', 'test.move']
INFO     talustrace.infra:logging.py:74 infra_log file write failed: [Errno 2] No such file or directory: '/tmp/tmp_4p3dqh2/infra_test.log'; original: [DISPATCHER] Registered action: edit.update (registry id=130967243621776) keys now=['edit.add', 'edit.update', '_execute_command', 'file.new', 'file.save', 'file.open', 'file.export_bom', 'file.export_wirelist', 'file.exit', 'edit.undo', 'edit.redo', 'edit.delete', 'edit.rotate_cw', 'edit.rotate_ccw', 'edit.update_property', 'edit.settings', 'edit.theme', 'view.toggle_project_browser', 'view.toggle_library', 'view.toggle_property_panel', 'view.toggle_audit_panel', 'view.reset_layout', 'view.zoom_extents', 'view.zoom_selected', 'tool.select', 'tool.wire', 'tool.move', 'tool.add_generic_device', 'device.create_wizard', 'device.delete_pin', 'tool.measure', 'test.move']
INFO     talustrace.infra:logging.py:74 infra_log file write failed: [Errno 2] No such file or directory: '/tmp/tmp_4p3dqh2/infra_test.log'; original: [DEBUG] register_device_command_actions: dispatcher_registry id=130967243621776 after registration, keys=['edit.add', 'edit.update', '_execute_command', 'file.new', 'file.save', 'file.open', 'file.export_bom', 'file.export_wirelist', 'file.exit', 'edit.undo', 'edit.redo', 'edit.delete', 'edit.rotate_cw', 'edit.rotate_ccw', 'edit.update_property', 'edit.settings', 'edit.theme', 'view.toggle_project_browser', 'view.toggle_library', 'view.toggle_property_panel', 'view.toggle_audit_panel', 'view.reset_layout', 'view.zoom_extents', 'view.zoom_selected', 'tool.select', 'tool.wire', 'tool.move', 'tool.add_generic_device', 'device.create_wizard', 'device.delete_pin', 'tool.measure', 'test.move']
____________________ test_pinitem_scene_registry_and_update ____________________

qtbot = <pytestqt.qtbot.QtBot object at 0x771ce1fa9de0>

    def test_pinitem_scene_registry_and_update(qtbot):
        app = QApplication.instance() or QApplication([])
        APIManager.reset()
        context = Context()
        api = APIManager(context=context)
        window = MainWindow()
        window.api = api
        api.main_window = window
        window.show()
        qtbot.addWidget(window)
        # Subscribe canvas to model_changed events from the correct observer
        if hasattr(context, 'observer'):
            context.observer.subscribe('model_changed', window.canvas.on_model_changed)
    
        # Add a device and pin using APIManager contract methods
        import uuid
        device_id = str(uuid.uuid4())
        pin_id = str(uuid.uuid4())
        device = Device(id=device_id, x=10, y=20, meta={"width_mm": 40, "height_mm": 30}, pins=[])
        pin = Pin(id=pin_id, x=5, y=5, label="TestPin", side=0, device_id=device_id)
        api.add_device(device)
        from api.commands.device import AddPinCommand
        api.context.undo_stack.push(AddPinCommand(device, pin, context=api.context))
    
        # PinItem should be registered
        pin_item = api.get_scene_item(pin_id)
        assert pin_item is not None, "PinItem was not registered in the scene registry"
        assert abs(pin_item.x() - 5) < 0.01 and abs(pin_item.y() - 5) < 0.01, "PinItem initial position incorrect"
    
        # Update pin position
        pin.x = 77
        pin.y = 88
        api.dispatch("model_changed", {"action": "update", "item": pin})
>       qtbot.waitUntil(lambda: abs(pin_item.x() - 77) < 0.01 and abs(pin_item.y() - 88) < 0.01, timeout=3000)
E       pytestqt.exceptions.TimeoutError: waitUntil timed out in 3000 milliseconds

tests/test_scene_registry_pin.py:45: TimeoutError
----------------------------- Captured Qt messages -----------------------------
QtWarningMsg: QGraphicsScene::addItem: item has already been added to this scene
---------------------------- Captured stdout setup -----------------------------
[infra_log] Writing to log_path: /tmp/tmp_4p3dqh2/infra_test.log
[infra_log] Exception writing to /tmp/tmp_4p3dqh2/infra_test.log: [Errno 2] No such file or directory: '/tmp/tmp_4p3dqh2/infra_test.log'
[infra_log] Writing to log_path: /tmp/tmp_4p3dqh2/infra_test.log
[infra_log] Exception writing to /tmp/tmp_4p3dqh2/infra_test.log: [Errno 2] No such file or directory: '/tmp/tmp_4p3dqh2/infra_test.log'
[infra_log] Writing to log_path: /tmp/tmp_4p3dqh2/infra_test.log
[infra_log] Exception writing to /tmp/tmp_4p3dqh2/infra_test.log: [Errno 2] No such file or directory: '/tmp/tmp_4p3dqh2/infra_test.log'
[infra_log] Writing to log_path: /tmp/tmp_4p3dqh2/infra_test.log
[infra_log] Exception writing to /tmp/tmp_4p3dqh2/infra_test.log: [Errno 2] No such file or directory: '/tmp/tmp_4p3dqh2/infra_test.log'
[infra_log] Writing to log_path: /tmp/tmp_4p3dqh2/infra_test.log
[infra_log] Exception writing to /tmp/tmp_4p3dqh2/infra_test.log: [Errno 2] No such file or directory: '/tmp/tmp_4p3dqh2/infra_test.log'
---------------------------- Captured stderr setup -----------------------------
2026-01-27 08:59:57,253 [INFO] talustrace.infra: infra_log file write failed: [Errno 2] No such file or directory: '/tmp/tmp_4p3dqh2/infra_test.log'; original: [DEBUG] register_device_command_actions: dispatcher_registry id=130967243621776 before registration, keys=['edit.add', 'edit.update', '_execute_command', 'file.new', 'file.save', 'file.open', 'file.export_bom', 'file.export_wirelist', 'file.exit', 'edit.undo', 'edit.redo', 'edit.delete', 'edit.rotate_cw', 'edit.rotate_ccw', 'edit.update_property', 'edit.settings', 'edit.theme', 'view.toggle_project_browser', 'view.toggle_library', 'view.toggle_property_panel', 'view.toggle_audit_panel', 'view.reset_layout', 'view.zoom_extents', 'view.zoom_selected', 'tool.select', 'tool.wire', 'tool.move', 'tool.add_generic_device', 'device.create_wizard', 'device.delete_pin', 'tool.measure', 'test.move']
2026-01-27 08:59:57,254 [INFO] talustrace.infra: infra_log file write failed: [Errno 2] No such file or directory: '/tmp/tmp_4p3dqh2/infra_test.log'; original: [DISPATCHER] Registered action: edit.delete (registry id=130967243621776) keys now=['edit.add', 'edit.update', '_execute_command', 'file.new', 'file.save', 'file.open', 'file.export_bom', 'file.export_wirelist', 'file.exit', 'edit.undo', 'edit.redo', 'edit.delete', 'edit.rotate_cw', 'edit.rotate_ccw', 'edit.update_property', 'edit.settings', 'edit.theme', 'view.toggle_project_browser', 'view.toggle_library', 'view.toggle_property_panel', 'view.toggle_audit_panel', 'view.reset_layout', 'view.zoom_extents', 'view.zoom_selected', 'tool.select', 'tool.wire', 'tool.move', 'tool.add_generic_device', 'device.create_wizard', 'device.delete_pin', 'tool.measure', 'test.move']
2026-01-27 08:59:57,254 [INFO] talustrace.infra: infra_log file write failed: [Errno 2] No such file or directory: '/tmp/tmp_4p3dqh2/infra_test.log'; original: [DISPATCHER] Registered action: edit.add (registry id=130967243621776) keys now=['edit.add', 'edit.update', '_execute_command', 'file.new', 'file.save', 'file.open', 'file.export_bom', 'file.export_wirelist', 'file.exit', 'edit.undo', 'edit.redo', 'edit.delete', 'edit.rotate_cw', 'edit.rotate_ccw', 'edit.update_property', 'edit.settings', 'edit.theme', 'view.toggle_project_browser', 'view.toggle_library', 'view.toggle_property_panel', 'view.toggle_audit_panel', 'view.reset_layout', 'view.zoom_extents', 'view.zoom_selected', 'tool.select', 'tool.wire', 'tool.move', 'tool.add_generic_device', 'device.create_wizard', 'device.delete_pin', 'tool.measure', 'test.move']
2026-01-27 08:59:57,254 [INFO] talustrace.infra: infra_log file write failed: [Errno 2] No such file or directory: '/tmp/tmp_4p3dqh2/infra_test.log'; original: [DISPATCHER] Registered action: edit.update (registry id=130967243621776) keys now=['edit.add', 'edit.update', '_execute_command', 'file.new', 'file.save', 'file.open', 'file.export_bom', 'file.export_wirelist', 'file.exit', 'edit.undo', 'edit.redo', 'edit.delete', 'edit.rotate_cw', 'edit.rotate_ccw', 'edit.update_property', 'edit.settings', 'edit.theme', 'view.toggle_project_browser', 'view.toggle_library', 'view.toggle_property_panel', 'view.toggle_audit_panel', 'view.reset_layout', 'view.zoom_extents', 'view.zoom_selected', 'tool.select', 'tool.wire', 'tool.move', 'tool.add_generic_device', 'device.create_wizard', 'device.delete_pin', 'tool.measure', 'test.move']
2026-01-27 08:59:57,254 [INFO] talustrace.infra: infra_log file write failed: [Errno 2] No such file or directory: '/tmp/tmp_4p3dqh2/infra_test.log'; original: [DEBUG] register_device_command_actions: dispatcher_registry id=130967243621776 after registration, keys=['edit.add', 'edit.update', '_execute_command', 'file.new', 'file.save', 'file.open', 'file.export_bom', 'file.export_wirelist', 'file.exit', 'edit.undo', 'edit.redo', 'edit.delete', 'edit.rotate_cw', 'edit.rotate_ccw', 'edit.update_property', 'edit.settings', 'edit.theme', 'view.toggle_project_browser', 'view.toggle_library', 'view.toggle_property_panel', 'view.toggle_audit_panel', 'view.reset_layout', 'view.zoom_extents', 'view.zoom_selected', 'tool.select', 'tool.wire', 'tool.move', 'tool.add_generic_device', 'device.create_wizard', 'device.delete_pin', 'tool.measure', 'test.move']
------------------------------ Captured log setup ------------------------------
INFO     talustrace.infra:logging.py:74 infra_log file write failed: [Errno 2] No such file or directory: '/tmp/tmp_4p3dqh2/infra_test.log'; original: [DEBUG] register_device_command_actions: dispatcher_registry id=130967243621776 before registration, keys=['edit.add', 'edit.update', '_execute_command', 'file.new', 'file.save', 'file.open', 'file.export_bom', 'file.export_wirelist', 'file.exit', 'edit.undo', 'edit.redo', 'edit.delete', 'edit.rotate_cw', 'edit.rotate_ccw', 'edit.update_property', 'edit.settings', 'edit.theme', 'view.toggle_project_browser', 'view.toggle_library', 'view.toggle_property_panel', 'view.toggle_audit_panel', 'view.reset_layout', 'view.zoom_extents', 'view.zoom_selected', 'tool.select', 'tool.wire', 'tool.move', 'tool.add_generic_device', 'device.create_wizard', 'device.delete_pin', 'tool.measure', 'test.move']
INFO     talustrace.infra:logging.py:74 infra_log file write failed: [Errno 2] No such file or directory: '/tmp/tmp_4p3dqh2/infra_test.log'; original: [DISPATCHER] Registered action: edit.delete (registry id=130967243621776) keys now=['edit.add', 'edit.update', '_execute_command', 'file.new', 'file.save', 'file.open', 'file.export_bom', 'file.export_wirelist', 'file.exit', 'edit.undo', 'edit.redo', 'edit.delete', 'edit.rotate_cw', 'edit.rotate_ccw', 'edit.update_property', 'edit.settings', 'edit.theme', 'view.toggle_project_browser', 'view.toggle_library', 'view.toggle_property_panel', 'view.toggle_audit_panel', 'view.reset_layout', 'view.zoom_extents', 'view.zoom_selected', 'tool.select', 'tool.wire', 'tool.move', 'tool.add_generic_device', 'device.create_wizard', 'device.delete_pin', 'tool.measure', 'test.move']
INFO     talustrace.infra:logging.py:74 infra_log file write failed: [Errno 2] No such file or directory: '/tmp/tmp_4p3dqh2/infra_test.log'; original: [DISPATCHER] Registered action: edit.add (registry id=130967243621776) keys now=['edit.add', 'edit.update', '_execute_command', 'file.new', 'file.save', 'file.open', 'file.export_bom', 'file.export_wirelist', 'file.exit', 'edit.undo', 'edit.redo', 'edit.delete', 'edit.rotate_cw', 'edit.rotate_ccw', 'edit.update_property', 'edit.settings', 'edit.theme', 'view.toggle_project_browser', 'view.toggle_library', 'view.toggle_property_panel', 'view.toggle_audit_panel', 'view.reset_layout', 'view.zoom_extents', 'view.zoom_selected', 'tool.select', 'tool.wire', 'tool.move', 'tool.add_generic_device', 'device.create_wizard', 'device.delete_pin', 'tool.measure', 'test.move']
INFO     talustrace.infra:logging.py:74 infra_log file write failed: [Errno 2] No such file or directory: '/tmp/tmp_4p3dqh2/infra_test.log'; original: [DISPATCHER] Registered action: edit.update (registry id=130967243621776) keys now=['edit.add', 'edit.update', '_execute_command', 'file.new', 'file.save', 'file.open', 'file.export_bom', 'file.export_wirelist', 'file.exit', 'edit.undo', 'edit.redo', 'edit.delete', 'edit.rotate_cw', 'edit.rotate_ccw', 'edit.update_property', 'edit.settings', 'edit.theme', 'view.toggle_project_browser', 'view.toggle_library', 'view.toggle_property_panel', 'view.toggle_audit_panel', 'view.reset_layout', 'view.zoom_extents', 'view.zoom_selected', 'tool.select', 'tool.wire', 'tool.move', 'tool.add_generic_device', 'device.create_wizard', 'device.delete_pin', 'tool.measure', 'test.move']
INFO     talustrace.infra:logging.py:74 infra_log file write failed: [Errno 2] No such file or directory: '/tmp/tmp_4p3dqh2/infra_test.log'; original: [DEBUG] register_device_command_actions: dispatcher_registry id=130967243621776 after registration, keys=['edit.add', 'edit.update', '_execute_command', 'file.new', 'file.save', 'file.open', 'file.export_bom', 'file.export_wirelist', 'file.exit', 'edit.undo', 'edit.redo', 'edit.delete', 'edit.rotate_cw', 'edit.rotate_ccw', 'edit.update_property', 'edit.settings', 'edit.theme', 'view.toggle_project_browser', 'view.toggle_library', 'view.toggle_property_panel', 'view.toggle_audit_panel', 'view.reset_layout', 'view.zoom_extents', 'view.zoom_selected', 'tool.select', 'tool.wire', 'tool.move', 'tool.add_generic_device', 'device.create_wizard', 'device.delete_pin', 'tool.measure', 'test.move']
----------------------------- Captured stdout call -----------------------------
[infra_log] Writing to log_path: /tmp/tmp_4p3dqh2/infra_test.log
[infra_log] Exception writing to /tmp/tmp_4p3dqh2/infra_test.log: [Errno 2] No such file or directory: '/tmp/tmp_4p3dqh2/infra_test.log'
[infra_log] Writing to log_path: /tmp/tmp_4p3dqh2/infra_test.log
[infra_log] Exception writing to /tmp/tmp_4p3dqh2/infra_test.log: [Errno 2] No such file or directory: '/tmp/tmp_4p3dqh2/infra_test.log'
[infra_log] Writing to log_path: /tmp/tmp_4p3dqh2/infra_test.log
[infra_log] Exception writing to /tmp/tmp_4p3dqh2/infra_test.log: [Errno 2] No such file or directory: '/tmp/tmp_4p3dqh2/infra_test.log'
[infra_log] Writing to log_path: /tmp/tmp_4p3dqh2/infra_test.log
[infra_log] Exception writing to /tmp/tmp_4p3dqh2/infra_test.log: [Errno 2] No such file or directory: '/tmp/tmp_4p3dqh2/infra_test.log'
[infra_log] Writing to log_path: /tmp/tmp_4p3dqh2/infra_test.log
[infra_log] Exception writing to /tmp/tmp_4p3dqh2/infra_test.log: [Errno 2] No such file or directory: '/tmp/tmp_4p3dqh2/infra_test.log'
[infra_log] Writing to log_path: /tmp/tmp_4p3dqh2/infra_test.log
[infra_log] Exception writing to /tmp/tmp_4p3dqh2/infra_test.log: [Errno 2] No such file or directory: '/tmp/tmp_4p3dqh2/infra_test.log'
[infra_log] Writing to log_path: /tmp/tmp_4p3dqh2/infra_test.log
[infra_log] Exception writing to /tmp/tmp_4p3dqh2/infra_test.log: [Errno 2] No such file or directory: '/tmp/tmp_4p3dqh2/infra_test.log'
[infra_log] Writing to log_path: /tmp/tmp_4p3dqh2/infra_test.log
[infra_log] Exception writing to /tmp/tmp_4p3dqh2/infra_test.log: [Errno 2] No such file or directory: '/tmp/tmp_4p3dqh2/infra_test.log'
[infra_log] Writing to log_path: /tmp/tmp_4p3dqh2/infra_test.log
[infra_log] Exception writing to /tmp/tmp_4p3dqh2/infra_test.log: [Errno 2] No such file or directory: '/tmp/tmp_4p3dqh2/infra_test.log'
[infra_log] Writing to log_path: /tmp/tmp_4p3dqh2/infra_test.log
[infra_log] Exception writing to /tmp/tmp_4p3dqh2/infra_test.log: [Errno 2] No such file or directory: '/tmp/tmp_4p3dqh2/infra_test.log'
[infra_log] Writing to log_path: /tmp/tmp_4p3dqh2/infra_test.log
[infra_log] Exception writing to /tmp/tmp_4p3dqh2/infra_test.log: [Errno 2] No such file or directory: '/tmp/tmp_4p3dqh2/infra_test.log'
[infra_log] Writing to log_path: /tmp/tmp_4p3dqh2/infra_test.log
[infra_log] Exception writing to /tmp/tmp_4p3dqh2/infra_test.log: [Errno 2] No such file or directory: '/tmp/tmp_4p3dqh2/infra_test.log'
[infra_log] Writing to log_path: /tmp/tmp_4p3dqh2/infra_test.log
[infra_log] Exception writing to /tmp/tmp_4p3dqh2/infra_test.log: [Errno 2] No such file or directory: '/tmp/tmp_4p3dqh2/infra_test.log'
[infra_log] Writing to log_path: /tmp/tmp_4p3dqh2/infra_test.log
[infra_log] Exception writing to /tmp/tmp_4p3dqh2/infra_test.log: [Errno 2] No such file or directory: '/tmp/tmp_4p3dqh2/infra_test.log'
[infra_log] Writing to log_path: /tmp/tmp_4p3dqh2/infra_test.log
[infra_log] Exception writing to /tmp/tmp_4p3dqh2/infra_test.log: [Errno 2] No such file or directory: '/tmp/tmp_4p3dqh2/infra_test.log'
[infra_log] Writing to log_path: /tmp/tmp_4p3dqh2/infra_test.log
[infra_log] Exception writing to /tmp/tmp_4p3dqh2/infra_test.log: [Errno 2] No such file or directory: '/tmp/tmp_4p3dqh2/infra_test.log'
[infra_log] Writing to log_path: /tmp/tmp_4p3dqh2/infra_test.log
[infra_log] Exception writing to /tmp/tmp_4p3dqh2/infra_test.log: [Errno 2] No such file or directory: '/tmp/tmp_4p3dqh2/infra_test.log'
[infra_log] Writing to log_path: /tmp/tmp_4p3dqh2/infra_test.log
[infra_log] Exception writing to /tmp/tmp_4p3dqh2/infra_test.log: [Errno 2] No such file or directory: '/tmp/tmp_4p3dqh2/infra_test.log'
[infra_log] Writing to log_path: /tmp/tmp_4p3dqh2/infra_test.log
[infra_log] Exception writing to /tmp/tmp_4p3dqh2/infra_test.log: [Errno 2] No such file or directory: '/tmp/tmp_4p3dqh2/infra_test.log'
[infra_log] Writing to log_path: /tmp/tmp_4p3dqh2/infra_test.log
[infra_log] Exception writing to /tmp/tmp_4p3dqh2/infra_test.log: [Errno 2] No such file or directory: '/tmp/tmp_4p3dqh2/infra_test.log'
[infra_log] Writing to log_path: /tmp/tmp_4p3dqh2/infra_test.log
[infra_log] Exception writing to /tmp/tmp_4p3dqh2/infra_test.log: [Errno 2] No such file or directory: '/tmp/tmp_4p3dqh2/infra_test.log'
[infra_log] Writing to log_path: /tmp/tmp_4p3dqh2/infra_test.log
[infra_log] Exception writing to /tmp/tmp_4p3dqh2/infra_test.log: [Errno 2] No such file or directory: '/tmp/tmp_4p3dqh2/infra_test.log'
[infra_log] Writing to log_path: /tmp/tmp_4p3dqh2/infra_test.log
[infra_log] Exception writing to /tmp/tmp_4p3dqh2/infra_test.log: [Errno 2] No such file or directory: '/tmp/tmp_4p3dqh2/infra_test.log'
[infra_log] Writing to log_path: /tmp/tmp_4p3dqh2/infra_test.log
[infra_log] Exception writing to /tmp/tmp_4p3dqh2/infra_test.log: [Errno 2] No such file or directory: '/tmp/tmp_4p3dqh2/infra_test.log'
[infra_log] Writing to log_path: /tmp/tmp_4p3dqh2/infra_test.log
[infra_log] Exception writing to /tmp/tmp_4p3dqh2/infra_test.log: [Errno 2] No such file or directory: '/tmp/tmp_4p3dqh2/infra_test.log'
[infra_log] Writing to log_path: /tmp/tmp_4p3dqh2/infra_test.log
[infra_log] Exception writing to /tmp/tmp_4p3dqh2/infra_test.log: [Errno 2] No such file or directory: '/tmp/tmp_4p3dqh2/infra_test.log'
[infra_log] Writing to log_path: /tmp/tmp_4p3dqh2/infra_test.log
[infra_log] Exception writing to /tmp/tmp_4p3dqh2/infra_test.log: [Errno 2] No such file or directory: '/tmp/tmp_4p3dqh2/infra_test.log'
[infra_log] Writing to log_path: /tmp/tmp_4p3dqh2/infra_test.log
[infra_log] Exception writing to /tmp/tmp_4p3dqh2/infra_test.log: [Errno 2] No such file or directory: '/tmp/tmp_4p3dqh2/infra_test.log'
----------------------------- Captured stderr call -----------------------------
2026-01-27 08:59:57,265 [INFO] talustrace.infra: infra_log file write failed: [Errno 2] No such file or directory: '/tmp/tmp_4p3dqh2/infra_test.log'; original: [ProjectBrowser] refresh called with data=None
2026-01-27 08:59:57,265 [INFO] talustrace.infra: infra_log file write failed: [Errno 2] No such file or directory: '/tmp/tmp_4p3dqh2/infra_test.log'; original: [ProjectBrowser] refresh: proceeding to update tree
2026-01-27 08:59:57,271 [INFO] talustrace.infra: infra_log file write failed: [Errno 2] No such file or directory: '/tmp/tmp_4p3dqh2/infra_test.log'; original: [DISPATCHER] Registered action: view.toggle_project_browser (registry id=130967243621776) keys now=['edit.add', 'edit.update', '_execute_command', 'file.new', 'file.save', 'file.open', 'file.export_bom', 'file.export_wirelist', 'file.exit', 'edit.undo', 'edit.redo', 'edit.delete', 'edit.rotate_cw', 'edit.rotate_ccw', 'edit.update_property', 'edit.settings', 'edit.theme', 'view.toggle_project_browser', 'view.toggle_library', 'view.toggle_property_panel', 'view.toggle_audit_panel', 'view.reset_layout', 'view.zoom_extents', 'view.zoom_selected', 'tool.select', 'tool.wire', 'tool.move', 'tool.add_generic_device', 'device.create_wizard', 'device.delete_pin', 'tool.measure', 'test.move']
2026-01-27 08:59:57,271 [INFO] talustrace.infra: infra_log file write failed: [Errno 2] No such file or directory: '/tmp/tmp_4p3dqh2/infra_test.log'; original: [DISPATCHER] Registered action: view.toggle_property_panel (registry id=130967243621776) keys now=['edit.add', 'edit.update', '_execute_command', 'file.new', 'file.save', 'file.open', 'file.export_bom', 'file.export_wirelist', 'file.exit', 'edit.undo', 'edit.redo', 'edit.delete', 'edit.rotate_cw', 'edit.rotate_ccw', 'edit.update_property', 'edit.settings', 'edit.theme', 'view.toggle_project_browser', 'view.toggle_library', 'view.toggle_property_panel', 'view.toggle_audit_panel', 'view.reset_layout', 'view.zoom_extents', 'view.zoom_selected', 'tool.select', 'tool.wire', 'tool.move', 'tool.add_generic_device', 'device.create_wizard', 'device.delete_pin', 'tool.measure', 'test.move']
2026-01-27 08:59:57,271 [INFO] talustrace.infra: infra_log file write failed: [Errno 2] No such file or directory: '/tmp/tmp_4p3dqh2/infra_test.log'; original: [DISPATCHER] Registered action: view.toggle_library (registry id=130967243621776) keys now=['edit.add', 'edit.update', '_execute_command', 'file.new', 'file.save', 'file.open', 'file.export_bom', 'file.export_wirelist', 'file.exit', 'edit.undo', 'edit.redo', 'edit.delete', 'edit.rotate_cw', 'edit.rotate_ccw', 'edit.update_property', 'edit.settings', 'edit.theme', 'view.toggle_project_browser', 'view.toggle_library', 'view.toggle_property_panel', 'view.toggle_audit_panel', 'view.reset_layout', 'view.zoom_extents', 'view.zoom_selected', 'tool.select', 'tool.wire', 'tool.move', 'tool.add_generic_device', 'device.create_wizard', 'device.delete_pin', 'tool.measure', 'test.move']
2026-01-27 08:59:57,271 [INFO] talustrace.infra: infra_log file write failed: [Errno 2] No such file or directory: '/tmp/tmp_4p3dqh2/infra_test.log'; original: [DISPATCHER] Registered action: view.toggle_audit_panel (registry id=130967243621776) keys now=['edit.add', 'edit.update', '_execute_command', 'file.new', 'file.save', 'file.open', 'file.export_bom', 'file.export_wirelist', 'file.exit', 'edit.undo', 'edit.redo', 'edit.delete', 'edit.rotate_cw', 'edit.rotate_ccw', 'edit.update_property', 'edit.settings', 'edit.theme', 'view.toggle_project_browser', 'view.toggle_library', 'view.toggle_property_panel', 'view.toggle_audit_panel', 'view.reset_layout', 'view.zoom_extents', 'view.zoom_selected', 'tool.select', 'tool.wire', 'tool.move', 'tool.add_generic_device', 'device.create_wizard', 'device.delete_pin', 'tool.measure', 'test.move']
2026-01-27 08:59:57,272 [INFO] talustrace.infra: infra_log file write failed: [Errno 2] No such file or directory: '/tmp/tmp_4p3dqh2/infra_test.log'; original: [DISPATCHER] Registered action: tool.move (registry id=130967243621776) keys now=['edit.add', 'edit.update', '_execute_command', 'file.new', 'file.save', 'file.open', 'file.export_bom', 'file.export_wirelist', 'file.exit', 'edit.undo', 'edit.redo', 'edit.delete', 'edit.rotate_cw', 'edit.rotate_ccw', 'edit.update_property', 'edit.settings', 'edit.theme', 'view.toggle_project_browser', 'view.toggle_library', 'view.toggle_property_panel', 'view.toggle_audit_panel', 'view.reset_layout', 'view.zoom_extents', 'view.zoom_selected', 'tool.select', 'tool.wire', 'tool.move', 'tool.add_generic_device', 'device.create_wizard', 'device.delete_pin', 'tool.measure', 'test.move']
2026-01-27 08:59:57,272 [INFO] talustrace.infra: infra_log file write failed: [Errno 2] No such file or directory: '/tmp/tmp_4p3dqh2/infra_test.log'; original: [DISPATCHER] Registered action: tool.add_generic_device (registry id=130967243621776) keys now=['edit.add', 'edit.update', '_execute_command', 'file.new', 'file.save', 'file.open', 'file.export_bom', 'file.export_wirelist', 'file.exit', 'edit.undo', 'edit.redo', 'edit.delete', 'edit.rotate_cw', 'edit.rotate_ccw', 'edit.update_property', 'edit.settings', 'edit.theme', 'view.toggle_project_browser', 'view.toggle_library', 'view.toggle_property_panel', 'view.toggle_audit_panel', 'view.reset_layout', 'view.zoom_extents', 'view.zoom_selected', 'tool.select', 'tool.wire', 'tool.move', 'tool.add_generic_device', 'device.create_wizard', 'device.delete_pin', 'tool.measure', 'test.move']
2026-01-27 08:59:57,272 [INFO] talustrace.infra: infra_log file write failed: [Errno 2] No such file or directory: '/tmp/tmp_4p3dqh2/infra_test.log'; original: [DISPATCHER] Registered action: device.create_wizard (registry id=130967243621776) keys now=['edit.add', 'edit.update', '_execute_command', 'file.new', 'file.save', 'file.open', 'file.export_bom', 'file.export_wirelist', 'file.exit', 'edit.undo', 'edit.redo', 'edit.delete', 'edit.rotate_cw', 'edit.rotate_ccw', 'edit.update_property', 'edit.settings', 'edit.theme', 'view.toggle_project_browser', 'view.toggle_library', 'view.toggle_property_panel', 'view.toggle_audit_panel', 'view.reset_layout', 'view.zoom_extents', 'view.zoom_selected', 'tool.select', 'tool.wire', 'tool.move', 'tool.add_generic_device', 'device.create_wizard', 'device.delete_pin', 'tool.measure', 'test.move']
2026-01-27 08:59:57,272 [INFO] talustrace.infra: infra_log file write failed: [Errno 2] No such file or directory: '/tmp/tmp_4p3dqh2/infra_test.log'; original: [DISPATCHER] Registered action: edit.undo (registry id=130967243621776) keys now=['edit.add', 'edit.update', '_execute_command', 'file.new', 'file.save', 'file.open', 'file.export_bom', 'file.export_wirelist', 'file.exit', 'edit.undo', 'edit.redo', 'edit.delete', 'edit.rotate_cw', 'edit.rotate_ccw', 'edit.update_property', 'edit.settings', 'edit.theme', 'view.toggle_project_browser', 'view.toggle_library', 'view.toggle_property_panel', 'view.toggle_audit_panel', 'view.reset_layout', 'view.zoom_extents', 'view.zoom_selected', 'tool.select', 'tool.wire', 'tool.move', 'tool.add_generic_device', 'device.create_wizard', 'device.delete_pin', 'tool.measure', 'test.move']
2026-01-27 08:59:57,272 [INFO] talustrace.infra: infra_log file write failed: [Errno 2] No such file or directory: '/tmp/tmp_4p3dqh2/infra_test.log'; original: [DISPATCHER] Registered action: edit.redo (registry id=130967243621776) keys now=['edit.add', 'edit.update', '_execute_command', 'file.new', 'file.save', 'file.open', 'file.export_bom', 'file.export_wirelist', 'file.exit', 'edit.undo', 'edit.redo', 'edit.delete', 'edit.rotate_cw', 'edit.rotate_ccw', 'edit.update_property', 'edit.settings', 'edit.theme', 'view.toggle_project_browser', 'view.toggle_library', 'view.toggle_property_panel', 'view.toggle_audit_panel', 'view.reset_layout', 'view.zoom_extents', 'view.zoom_selected', 'tool.select', 'tool.wire', 'tool.move', 'tool.add_generic_device', 'device.create_wizard', 'device.delete_pin', 'tool.measure', 'test.move']
2026-01-27 08:59:57,272 [INFO] talustrace.infra: infra_log file write failed: [Errno 2] No such file or directory: '/tmp/tmp_4p3dqh2/infra_test.log'; original: [DISPATCHER] Registered action: tool.measure (registry id=130967243621776) keys now=['edit.add', 'edit.update', '_execute_command', 'file.new', 'file.save', 'file.open', 'file.export_bom', 'file.export_wirelist', 'file.exit', 'edit.undo', 'edit.redo', 'edit.delete', 'edit.rotate_cw', 'edit.rotate_ccw', 'edit.update_property', 'edit.settings', 'edit.theme', 'view.toggle_project_browser', 'view.toggle_library', 'view.toggle_property_panel', 'view.toggle_audit_panel', 'view.reset_layout', 'view.zoom_extents', 'view.zoom_selected', 'tool.select', 'tool.wire', 'tool.move', 'tool.add_generic_device', 'device.create_wizard', 'device.delete_pin', 'tool.measure', 'test.move']
2026-01-27 08:59:57,282 [INFO] talustrace.infra: infra_log file write failed: [Errno 2] No such file or directory: '/tmp/tmp_4p3dqh2/infra_test.log'; original: [AddDeviceCommand] Device appended to harness.devices: 11125602-c9dd-46ec-bf18-cc462a62a24b
2026-01-27 08:59:57,282 [INFO] talustrace.infra: infra_log file write failed: [Errno 2] No such file or directory: '/tmp/tmp_4p3dqh2/infra_test.log'; original: [AddDeviceCommand] Dispatching model_changed via APIManager.context.observer for device id=11125602-c9dd-46ec-bf18-cc462a62a24b
2026-01-27 08:59:57,282 [INFO] talustrace.infra: infra_log file write failed: [Errno 2] No such file or directory: '/tmp/tmp_4p3dqh2/infra_test.log'; original: [ProjectBrowser] refresh called with data={'action': 'add', 'item': Device(id='11125602-c9dd-46ec-bf18-cc462a62a24b', x=10.0, y=20.0, origin_x=0.0, origin_y=0.0, rotation=0.0, meta={'width_mm': 40, 'height_mm': 30}, label=None, pins=[], library_id=None, revision=0, is_ghost=False, promotion_source_id=None, service_slack_mm=0.0, svg_body=None, internal_routing={})}
2026-01-27 08:59:57,282 [INFO] talustrace.infra: infra_log file write failed: [Errno 2] No such file or directory: '/tmp/tmp_4p3dqh2/infra_test.log'; original: [ProjectBrowser] refresh: proceeding to update tree
2026-01-27 08:59:57,282 [INFO] talustrace.infra: infra_log file write failed: [Errno 2] No such file or directory: '/tmp/tmp_4p3dqh2/infra_test.log'; original: [ProjectBrowser] refresh: device in harness.devices: 11125602-c9dd-46ec-bf18-cc462a62a24b
2026-01-27 08:59:57,282 [INFO] talustrace.infra: infra_log file write failed: [Errno 2] No such file or directory: '/tmp/tmp_4p3dqh2/infra_test.log'; original: [DeviceItem] Created DeviceItem for model id=11125602-c9dd-46ec-bf18-cc462a62a24b, obj=Device(id='11125602-c9dd-46ec-bf18-cc462a62a24b', x=10.0, y=20.0, origin_x=0.0, origin_y=0.0, rotation=0.0, meta={'width_mm': 40, 'height_mm': 30}, label=None, pins=[], library_id=None, revision=0, is_ghost=False, promotion_source_id=None, service_slack_mm=0.0, svg_body=None, internal_routing={}), DeviceItem id=130965605428800
2026-01-27 08:59:57,283 [INFO] talustrace.infra: infra_log file write failed: [Errno 2] No such file or directory: '/tmp/tmp_4p3dqh2/infra_test.log'; original: [APIManager] dispatch called: event_type=device_added, data=Device(id='11125602-c9dd-46ec-bf18-cc462a62a24b', x=10.0, y=20.0, origin_x=0.0, origin_y=0.0, rotation=0.0, meta={'width_mm': 40, 'height_mm': 30}, label=None, pins=[], library_id=None, revision=0, is_ghost=False, promotion_source_id=None, service_slack_mm=0.0, svg_body=None, internal_routing={})
2026-01-27 08:59:57,283 [INFO] talustrace.infra: infra_log file write failed: [Errno 2] No such file or directory: '/tmp/tmp_4p3dqh2/infra_test.log'; original: [APIManager] dispatcher registry keys at dispatch: ['edit.add', 'edit.update', '_execute_command', 'file.new', 'file.save', 'file.open', 'file.export_bom', 'file.export_wirelist', 'file.exit', 'edit.undo', 'edit.redo', 'edit.delete', 'edit.rotate_cw', 'edit.rotate_ccw', 'edit.update_property', 'edit.settings', 'edit.theme', 'view.toggle_project_browser', 'view.toggle_library', 'view.toggle_property_panel', 'view.toggle_audit_panel', 'view.reset_layout', 'view.zoom_extents', 'view.zoom_selected', 'tool.select', 'tool.wire', 'tool.move', 'tool.add_generic_device', 'device.create_wizard', 'device.delete_pin', 'tool.measure', 'test.move']
2026-01-27 08:59:57,283 [INFO] talustrace.infra: infra_log file write failed: [Errno 2] No such file or directory: '/tmp/tmp_4p3dqh2/infra_test.log'; original: [APIManager] event_type at dispatch: device_added
2026-01-27 08:59:57,283 [INFO] talustrace.infra: infra_log file write failed: [Errno 2] No such file or directory: '/tmp/tmp_4p3dqh2/infra_test.log'; original: [ProjectBrowser] refresh called with data={'action': 'add', 'item': Pin(side=0, x=5, y=5, head=None, tail=None, device_id='11125602-c9dd-46ec-bf18-cc462a62a24b', signal=None, meta={}, id='d101d166-468c-4fdb-9308-13ed397106d1', label='TestPin')}
2026-01-27 08:59:57,283 [INFO] talustrace.infra: infra_log file write failed: [Errno 2] No such file or directory: '/tmp/tmp_4p3dqh2/infra_test.log'; original: [ProjectBrowser] refresh: proceeding to update tree
2026-01-27 08:59:57,283 [INFO] talustrace.infra: infra_log file write failed: [Errno 2] No such file or directory: '/tmp/tmp_4p3dqh2/infra_test.log'; original: [ProjectBrowser] refresh: device in harness.devices: 11125602-c9dd-46ec-bf18-cc462a62a24b
2026-01-27 08:59:57,284 [INFO] talustrace.infra: infra_log file write failed: [Errno 2] No such file or directory: '/tmp/tmp_4p3dqh2/infra_test.log'; original: [PinItem] Created PinItem for model id=d101d166-468c-4fdb-9308-13ed397106d1, obj=Pin(side=0, x=5, y=5, head=None, tail=None, device_id='11125602-c9dd-46ec-bf18-cc462a62a24b', signal=None, meta={}, id='d101d166-468c-4fdb-9308-13ed397106d1', label='TestPin'), PinItem id=130965605429696, parent=<ui.items.device.DeviceItem(0x1cf0b0d0, pos=10,20, z=10, flags=(ItemIsSelectable|ItemSendsGeometryChanges)) at 0x771cce63ae40>
2026-01-27 08:59:57,284 [INFO] talustrace.infra: infra_log file write failed: [Errno 2] No such file or directory: '/tmp/tmp_4p3dqh2/infra_test.log'; original: [APIManager] dispatch called: event_type=model_changed, data={'action': 'update', 'item': Pin(side=0, x=77, y=88, head=None, tail=None, device_id='11125602-c9dd-46ec-bf18-cc462a62a24b', signal=None, meta={}, id='d101d166-468c-4fdb-9308-13ed397106d1', label='TestPin')}
2026-01-27 08:59:57,284 [INFO] talustrace.infra: infra_log file write failed: [Errno 2] No such file or directory: '/tmp/tmp_4p3dqh2/infra_test.log'; original: [ProjectBrowser] refresh called with data={'action': 'update', 'item': Pin(side=0, x=77, y=88, head=None, tail=None, device_id='11125602-c9dd-46ec-bf18-cc462a62a24b', signal=None, meta={}, id='d101d166-468c-4fdb-9308-13ed397106d1', label='TestPin')}
2026-01-27 08:59:57,285 [INFO] talustrace.infra: infra_log file write failed: [Errno 2] No such file or directory: '/tmp/tmp_4p3dqh2/infra_test.log'; original: [ProjectBrowser] refresh: skipping for action=update
------------------------------ Captured log call -------------------------------
INFO     talustrace.infra:logging.py:74 infra_log file write failed: [Errno 2] No such file or directory: '/tmp/tmp_4p3dqh2/infra_test.log'; original: [ProjectBrowser] refresh called with data=None
INFO     talustrace.infra:logging.py:74 infra_log file write failed: [Errno 2] No such file or directory: '/tmp/tmp_4p3dqh2/infra_test.log'; original: [ProjectBrowser] refresh: proceeding to update tree
INFO     talustrace.infra:logging.py:74 infra_log file write failed: [Errno 2] No such file or directory: '/tmp/tmp_4p3dqh2/infra_test.log'; original: [DISPATCHER] Registered action: view.toggle_project_browser (registry id=130967243621776) keys now=['edit.add', 'edit.update', '_execute_command', 'file.new', 'file.save', 'file.open', 'file.export_bom', 'file.export_wirelist', 'file.exit', 'edit.undo', 'edit.redo', 'edit.delete', 'edit.rotate_cw', 'edit.rotate_ccw', 'edit.update_property', 'edit.settings', 'edit.theme', 'view.toggle_project_browser', 'view.toggle_library', 'view.toggle_property_panel', 'view.toggle_audit_panel', 'view.reset_layout', 'view.zoom_extents', 'view.zoom_selected', 'tool.select', 'tool.wire', 'tool.move', 'tool.add_generic_device', 'device.create_wizard', 'device.delete_pin', 'tool.measure', 'test.move']
INFO     talustrace.infra:logging.py:74 infra_log file write failed: [Errno 2] No such file or directory: '/tmp/tmp_4p3dqh2/infra_test.log'; original: [DISPATCHER] Registered action: view.toggle_property_panel (registry id=130967243621776) keys now=['edit.add', 'edit.update', '_execute_command', 'file.new', 'file.save', 'file.open', 'file.export_bom', 'file.export_wirelist', 'file.exit', 'edit.undo', 'edit.redo', 'edit.delete', 'edit.rotate_cw', 'edit.rotate_ccw', 'edit.update_property', 'edit.settings', 'edit.theme', 'view.toggle_project_browser', 'view.toggle_library', 'view.toggle_property_panel', 'view.toggle_audit_panel', 'view.reset_layout', 'view.zoom_extents', 'view.zoom_selected', 'tool.select', 'tool.wire', 'tool.move', 'tool.add_generic_device', 'device.create_wizard', 'device.delete_pin', 'tool.measure', 'test.move']
INFO     talustrace.infra:logging.py:74 infra_log file write failed: [Errno 2] No such file or directory: '/tmp/tmp_4p3dqh2/infra_test.log'; original: [DISPATCHER] Registered action: view.toggle_library (registry id=130967243621776) keys now=['edit.add', 'edit.update', '_execute_command', 'file.new', 'file.save', 'file.open', 'file.export_bom', 'file.export_wirelist', 'file.exit', 'edit.undo', 'edit.redo', 'edit.delete', 'edit.rotate_cw', 'edit.rotate_ccw', 'edit.update_property', 'edit.settings', 'edit.theme', 'view.toggle_project_browser', 'view.toggle_library', 'view.toggle_property_panel', 'view.toggle_audit_panel', 'view.reset_layout', 'view.zoom_extents', 'view.zoom_selected', 'tool.select', 'tool.wire', 'tool.move', 'tool.add_generic_device', 'device.create_wizard', 'device.delete_pin', 'tool.measure', 'test.move']
INFO     talustrace.infra:logging.py:74 infra_log file write failed: [Errno 2] No such file or directory: '/tmp/tmp_4p3dqh2/infra_test.log'; original: [DISPATCHER] Registered action: view.toggle_audit_panel (registry id=130967243621776) keys now=['edit.add', 'edit.update', '_execute_command', 'file.new', 'file.save', 'file.open', 'file.export_bom', 'file.export_wirelist', 'file.exit', 'edit.undo', 'edit.redo', 'edit.delete', 'edit.rotate_cw', 'edit.rotate_ccw', 'edit.update_property', 'edit.settings', 'edit.theme', 'view.toggle_project_browser', 'view.toggle_library', 'view.toggle_property_panel', 'view.toggle_audit_panel', 'view.reset_layout', 'view.zoom_extents', 'view.zoom_selected', 'tool.select', 'tool.wire', 'tool.move', 'tool.add_generic_device', 'device.create_wizard', 'device.delete_pin', 'tool.measure', 'test.move']
INFO     talustrace.infra:logging.py:74 infra_log file write failed: [Errno 2] No such file or directory: '/tmp/tmp_4p3dqh2/infra_test.log'; original: [DISPATCHER] Registered action: tool.move (registry id=130967243621776) keys now=['edit.add', 'edit.update', '_execute_command', 'file.new', 'file.save', 'file.open', 'file.export_bom', 'file.export_wirelist', 'file.exit', 'edit.undo', 'edit.redo', 'edit.delete', 'edit.rotate_cw', 'edit.rotate_ccw', 'edit.update_property', 'edit.settings', 'edit.theme', 'view.toggle_project_browser', 'view.toggle_library', 'view.toggle_property_panel', 'view.toggle_audit_panel', 'view.reset_layout', 'view.zoom_extents', 'view.zoom_selected', 'tool.select', 'tool.wire', 'tool.move', 'tool.add_generic_device', 'device.create_wizard', 'device.delete_pin', 'tool.measure', 'test.move']
INFO     talustrace.infra:logging.py:74 infra_log file write failed: [Errno 2] No such file or directory: '/tmp/tmp_4p3dqh2/infra_test.log'; original: [DISPATCHER] Registered action: tool.add_generic_device (registry id=130967243621776) keys now=['edit.add', 'edit.update', '_execute_command', 'file.new', 'file.save', 'file.open', 'file.export_bom', 'file.export_wirelist', 'file.exit', 'edit.undo', 'edit.redo', 'edit.delete', 'edit.rotate_cw', 'edit.rotate_ccw', 'edit.update_property', 'edit.settings', 'edit.theme', 'view.toggle_project_browser', 'view.toggle_library', 'view.toggle_property_panel', 'view.toggle_audit_panel', 'view.reset_layout', 'view.zoom_extents', 'view.zoom_selected', 'tool.select', 'tool.wire', 'tool.move', 'tool.add_generic_device', 'device.create_wizard', 'device.delete_pin', 'tool.measure', 'test.move']
INFO     talustrace.infra:logging.py:74 infra_log file write failed: [Errno 2] No such file or directory: '/tmp/tmp_4p3dqh2/infra_test.log'; original: [DISPATCHER] Registered action: device.create_wizard (registry id=130967243621776) keys now=['edit.add', 'edit.update', '_execute_command', 'file.new', 'file.save', 'file.open', 'file.export_bom', 'file.export_wirelist', 'file.exit', 'edit.undo', 'edit.redo', 'edit.delete', 'edit.rotate_cw', 'edit.rotate_ccw', 'edit.update_property', 'edit.settings', 'edit.theme', 'view.toggle_project_browser', 'view.toggle_library', 'view.toggle_property_panel', 'view.toggle_audit_panel', 'view.reset_layout', 'view.zoom_extents', 'view.zoom_selected', 'tool.select', 'tool.wire', 'tool.move', 'tool.add_generic_device', 'device.create_wizard', 'device.delete_pin', 'tool.measure', 'test.move']
INFO     talustrace.infra:logging.py:74 infra_log file write failed: [Errno 2] No such file or directory: '/tmp/tmp_4p3dqh2/infra_test.log'; original: [DISPATCHER] Registered action: edit.undo (registry id=130967243621776) keys now=['edit.add', 'edit.update', '_execute_command', 'file.new', 'file.save', 'file.open', 'file.export_bom', 'file.export_wirelist', 'file.exit', 'edit.undo', 'edit.redo', 'edit.delete', 'edit.rotate_cw', 'edit.rotate_ccw', 'edit.update_property', 'edit.settings', 'edit.theme', 'view.toggle_project_browser', 'view.toggle_library', 'view.toggle_property_panel', 'view.toggle_audit_panel', 'view.reset_layout', 'view.zoom_extents', 'view.zoom_selected', 'tool.select', 'tool.wire', 'tool.move', 'tool.add_generic_device', 'device.create_wizard', 'device.delete_pin', 'tool.measure', 'test.move']
INFO     talustrace.infra:logging.py:74 infra_log file write failed: [Errno 2] No such file or directory: '/tmp/tmp_4p3dqh2/infra_test.log'; original: [DISPATCHER] Registered action: edit.redo (registry id=130967243621776) keys now=['edit.add', 'edit.update', '_execute_command', 'file.new', 'file.save', 'file.open', 'file.export_bom', 'file.export_wirelist', 'file.exit', 'edit.undo', 'edit.redo', 'edit.delete', 'edit.rotate_cw', 'edit.rotate_ccw', 'edit.update_property', 'edit.settings', 'edit.theme', 'view.toggle_project_browser', 'view.toggle_library', 'view.toggle_property_panel', 'view.toggle_audit_panel', 'view.reset_layout', 'view.zoom_extents', 'view.zoom_selected', 'tool.select', 'tool.wire', 'tool.move', 'tool.add_generic_device', 'device.create_wizard', 'device.delete_pin', 'tool.measure', 'test.move']
INFO     talustrace.infra:logging.py:74 infra_log file write failed: [Errno 2] No such file or directory: '/tmp/tmp_4p3dqh2/infra_test.log'; original: [DISPATCHER] Registered action: tool.measure (registry id=130967243621776) keys now=['edit.add', 'edit.update', '_execute_command', 'file.new', 'file.save', 'file.open', 'file.export_bom', 'file.export_wirelist', 'file.exit', 'edit.undo', 'edit.redo', 'edit.delete', 'edit.rotate_cw', 'edit.rotate_ccw', 'edit.update_property', 'edit.settings', 'edit.theme', 'view.toggle_project_browser', 'view.toggle_library', 'view.toggle_property_panel', 'view.toggle_audit_panel', 'view.reset_layout', 'view.zoom_extents', 'view.zoom_selected', 'tool.select', 'tool.wire', 'tool.move', 'tool.add_generic_device', 'device.create_wizard', 'device.delete_pin', 'tool.measure', 'test.move']
INFO     talustrace.infra:logging.py:74 infra_log file write failed: [Errno 2] No such file or directory: '/tmp/tmp_4p3dqh2/infra_test.log'; original: [AddDeviceCommand] Device appended to harness.devices: 11125602-c9dd-46ec-bf18-cc462a62a24b
INFO     talustrace.infra:logging.py:74 infra_log file write failed: [Errno 2] No such file or directory: '/tmp/tmp_4p3dqh2/infra_test.log'; original: [AddDeviceCommand] Dispatching model_changed via APIManager.context.observer for device id=11125602-c9dd-46ec-bf18-cc462a62a24b
INFO     talustrace.infra:logging.py:74 infra_log file write failed: [Errno 2] No such file or directory: '/tmp/tmp_4p3dqh2/infra_test.log'; original: [ProjectBrowser] refresh called with data={'action': 'add', 'item': Device(id='11125602-c9dd-46ec-bf18-cc462a62a24b', x=10.0, y=20.0, origin_x=0.0, origin_y=0.0, rotation=0.0, meta={'width_mm': 40, 'height_mm': 30}, label=None, pins=[], library_id=None, revision=0, is_ghost=False, promotion_source_id=None, service_slack_mm=0.0, svg_body=None, internal_routing={})}
INFO     talustrace.infra:logging.py:74 infra_log file write failed: [Errno 2] No such file or directory: '/tmp/tmp_4p3dqh2/infra_test.log'; original: [ProjectBrowser] refresh: proceeding to update tree
INFO     talustrace.infra:logging.py:74 infra_log file write failed: [Errno 2] No such file or directory: '/tmp/tmp_4p3dqh2/infra_test.log'; original: [ProjectBrowser] refresh: device in harness.devices: 11125602-c9dd-46ec-bf18-cc462a62a24b
INFO     talustrace.infra:logging.py:74 infra_log file write failed: [Errno 2] No such file or directory: '/tmp/tmp_4p3dqh2/infra_test.log'; original: [DeviceItem] Created DeviceItem for model id=11125602-c9dd-46ec-bf18-cc462a62a24b, obj=Device(id='11125602-c9dd-46ec-bf18-cc462a62a24b', x=10.0, y=20.0, origin_x=0.0, origin_y=0.0, rotation=0.0, meta={'width_mm': 40, 'height_mm': 30}, label=None, pins=[], library_id=None, revision=0, is_ghost=False, promotion_source_id=None, service_slack_mm=0.0, svg_body=None, internal_routing={}), DeviceItem id=130965605428800
INFO     talustrace.infra:logging.py:74 infra_log file write failed: [Errno 2] No such file or directory: '/tmp/tmp_4p3dqh2/infra_test.log'; original: [APIManager] dispatch called: event_type=device_added, data=Device(id='11125602-c9dd-46ec-bf18-cc462a62a24b', x=10.0, y=20.0, origin_x=0.0, origin_y=0.0, rotation=0.0, meta={'width_mm': 40, 'height_mm': 30}, label=None, pins=[], library_id=None, revision=0, is_ghost=False, promotion_source_id=None, service_slack_mm=0.0, svg_body=None, internal_routing={})
INFO     talustrace.infra:logging.py:74 infra_log file write failed: [Errno 2] No such file or directory: '/tmp/tmp_4p3dqh2/infra_test.log'; original: [APIManager] dispatcher registry keys at dispatch: ['edit.add', 'edit.update', '_execute_command', 'file.new', 'file.save', 'file.open', 'file.export_bom', 'file.export_wirelist', 'file.exit', 'edit.undo', 'edit.redo', 'edit.delete', 'edit.rotate_cw', 'edit.rotate_ccw', 'edit.update_property', 'edit.settings', 'edit.theme', 'view.toggle_project_browser', 'view.toggle_library', 'view.toggle_property_panel', 'view.toggle_audit_panel', 'view.reset_layout', 'view.zoom_extents', 'view.zoom_selected', 'tool.select', 'tool.wire', 'tool.move', 'tool.add_generic_device', 'device.create_wizard', 'device.delete_pin', 'tool.measure', 'test.move']
INFO     talustrace.infra:logging.py:74 infra_log file write failed: [Errno 2] No such file or directory: '/tmp/tmp_4p3dqh2/infra_test.log'; original: [APIManager] event_type at dispatch: device_added
INFO     talustrace.infra:logging.py:74 infra_log file write failed: [Errno 2] No such file or directory: '/tmp/tmp_4p3dqh2/infra_test.log'; original: [ProjectBrowser] refresh called with data={'action': 'add', 'item': Pin(side=0, x=5, y=5, head=None, tail=None, device_id='11125602-c9dd-46ec-bf18-cc462a62a24b', signal=None, meta={}, id='d101d166-468c-4fdb-9308-13ed397106d1', label='TestPin')}
INFO     talustrace.infra:logging.py:74 infra_log file write failed: [Errno 2] No such file or directory: '/tmp/tmp_4p3dqh2/infra_test.log'; original: [ProjectBrowser] refresh: proceeding to update tree
INFO     talustrace.infra:logging.py:74 infra_log file write failed: [Errno 2] No such file or directory: '/tmp/tmp_4p3dqh2/infra_test.log'; original: [ProjectBrowser] refresh: device in harness.devices: 11125602-c9dd-46ec-bf18-cc462a62a24b
INFO     talustrace.infra:logging.py:74 infra_log file write failed: [Errno 2] No such file or directory: '/tmp/tmp_4p3dqh2/infra_test.log'; original: [PinItem] Created PinItem for model id=d101d166-468c-4fdb-9308-13ed397106d1, obj=Pin(side=0, x=5, y=5, head=None, tail=None, device_id='11125602-c9dd-46ec-bf18-cc462a62a24b', signal=None, meta={}, id='d101d166-468c-4fdb-9308-13ed397106d1', label='TestPin'), PinItem id=130965605429696, parent=<ui.items.device.DeviceItem(0x1cf0b0d0, pos=10,20, z=10, flags=(ItemIsSelectable|ItemSendsGeometryChanges)) at 0x771cce63ae40>
INFO     talustrace.infra:logging.py:74 infra_log file write failed: [Errno 2] No such file or directory: '/tmp/tmp_4p3dqh2/infra_test.log'; original: [APIManager] dispatch called: event_type=model_changed, data={'action': 'update', 'item': Pin(side=0, x=77, y=88, head=None, tail=None, device_id='11125602-c9dd-46ec-bf18-cc462a62a24b', signal=None, meta={}, id='d101d166-468c-4fdb-9308-13ed397106d1', label='TestPin')}
INFO     talustrace.infra:logging.py:74 infra_log file write failed: [Errno 2] No such file or directory: '/tmp/tmp_4p3dqh2/infra_test.log'; original: [ProjectBrowser] refresh called with data={'action': 'update', 'item': Pin(side=0, x=77, y=88, head=None, tail=None, device_id='11125602-c9dd-46ec-bf18-cc462a62a24b', signal=None, meta={}, id='d101d166-468c-4fdb-9308-13ed397106d1', label='TestPin')}
INFO     talustrace.infra:logging.py:74 infra_log file write failed: [Errno 2] No such file or directory: '/tmp/tmp_4p3dqh2/infra_test.log'; original: [ProjectBrowser] refresh: skipping for action=update
____________________ test_pin_property_panel_updates_canvas ____________________

qtbot = <pytestqt.qtbot.QtBot object at 0x771cce493800>

    def test_pin_property_panel_updates_canvas(qtbot):
        """
        Contract: Changing pin x/y in the properties panel updates the pin's position in the canvas via the API and event system.
        """
        app = QApplication.instance() or QApplication([])
        APIManager.reset()
        api = APIManager(context=Context())
        window = MainWindow()
        window.api = api
        api.main_window = window
        window.show()
        qtbot.addWidget(window)
    
        # Add a device and pin
        device_id = str(uuid.uuid4())
        pin_id = str(uuid.uuid4())
        device = Device(id=device_id, x=10, y=20, meta={"width_mm": 40, "height_mm": 30}, pins=[])
        pin = Pin(id=pin_id, x=5, y=5, label="TestPin", side=0, device_id=device_id)
        device.pins.append(pin)
        with DeviceList.test_bypass():
            api.context.harness.devices.append(device)
        # Dispatch model_changed for device and pin
        api.dispatch("model_changed", {"action": "add", "item": device})
        api.dispatch("model_changed", {"action": "add", "item": pin})
    
        # Select the pin in the properties panel
        api.dispatch("selection_changed", {"selection": [pin]})
        panel = window.properties_panel
        qtbot.waitUntil(lambda: hasattr(panel, 'form'), timeout=3000)
    
        # Find the Rel X and Rel Y QLineEdit fields
        rel_x_edit = None
        rel_y_edit = None
        for i in range(panel.form.rowCount()):
            label_item = panel.form.itemAt(i, QFormLayout.LabelRole)
            if label_item is None:
                continue
            label = label_item.widget()
            if isinstance(label, QLabel):
                if label.text() == "Rel X":
                    field_item = panel.form.itemAt(i, QFormLayout.FieldRole)
                    if field_item is not None:
                        rel_x_edit = field_item.widget()
                elif label.text() == "Rel Y":
                    field_item = panel.form.itemAt(i, QFormLayout.FieldRole)
                    if field_item is not None:
                        rel_y_edit = field_item.widget()
        assert rel_x_edit is not None and rel_y_edit is not None, "Pin geometry fields not found"
    
        # Change x/y in the panel
        rel_x_edit.setText("42")
        rel_x_edit.editingFinished.emit()
        rel_y_edit.setText("99")
        rel_y_edit.editingFinished.emit()
    
        # Wait for canvas to update
        canvas = window.canvas
        def pin_item_at_expected():
            for item in canvas.scene.items():
                if hasattr(item, 'model') and getattr(item.model, 'id', None) == pin_id:
                    return abs(item.x() - 42) < 0.01 and abs(item.y() - 99) < 0.01
            return False
>       qtbot.waitUntil(pin_item_at_expected, timeout=3000)
E       pytestqt.exceptions.TimeoutError: waitUntil timed out in 3000 milliseconds

tests/test_ui_pin_property_contract.py:73: TimeoutError
---------------------------- Captured stdout setup -----------------------------
[infra_log] Writing to log_path: /tmp/tmp_4p3dqh2/infra_test.log
[infra_log] Exception writing to /tmp/tmp_4p3dqh2/infra_test.log: [Errno 2] No such file or directory: '/tmp/tmp_4p3dqh2/infra_test.log'
[infra_log] Writing to log_path: /tmp/tmp_4p3dqh2/infra_test.log
[infra_log] Exception writing to /tmp/tmp_4p3dqh2/infra_test.log: [Errno 2] No such file or directory: '/tmp/tmp_4p3dqh2/infra_test.log'
[infra_log] Writing to log_path: /tmp/tmp_4p3dqh2/infra_test.log
[infra_log] Exception writing to /tmp/tmp_4p3dqh2/infra_test.log: [Errno 2] No such file or directory: '/tmp/tmp_4p3dqh2/infra_test.log'
[infra_log] Writing to log_path: /tmp/tmp_4p3dqh2/infra_test.log
[infra_log] Exception writing to /tmp/tmp_4p3dqh2/infra_test.log: [Errno 2] No such file or directory: '/tmp/tmp_4p3dqh2/infra_test.log'
[infra_log] Writing to log_path: /tmp/tmp_4p3dqh2/infra_test.log
[infra_log] Exception writing to /tmp/tmp_4p3dqh2/infra_test.log: [Errno 2] No such file or directory: '/tmp/tmp_4p3dqh2/infra_test.log'
---------------------------- Captured stderr setup -----------------------------
2026-01-27 09:00:02,841 [INFO] talustrace.infra: infra_log file write failed: [Errno 2] No such file or directory: '/tmp/tmp_4p3dqh2/infra_test.log'; original: [DEBUG] register_device_command_actions: dispatcher_registry id=130967243621776 before registration, keys=['edit.add', 'edit.update', '_execute_command', 'file.new', 'file.save', 'file.open', 'file.export_bom', 'file.export_wirelist', 'file.exit', 'edit.undo', 'edit.redo', 'edit.delete', 'edit.rotate_cw', 'edit.rotate_ccw', 'edit.update_property', 'edit.settings', 'edit.theme', 'view.toggle_project_browser', 'view.toggle_library', 'view.toggle_property_panel', 'view.toggle_audit_panel', 'view.reset_layout', 'view.zoom_extents', 'view.zoom_selected', 'tool.select', 'tool.wire', 'tool.move', 'tool.add_generic_device', 'device.create_wizard', 'device.delete_pin', 'tool.measure', 'test.move', 'test.shortcut']
2026-01-27 09:00:02,841 [INFO] talustrace.infra: infra_log file write failed: [Errno 2] No such file or directory: '/tmp/tmp_4p3dqh2/infra_test.log'; original: [DISPATCHER] Registered action: edit.delete (registry id=130967243621776) keys now=['edit.add', 'edit.update', '_execute_command', 'file.new', 'file.save', 'file.open', 'file.export_bom', 'file.export_wirelist', 'file.exit', 'edit.undo', 'edit.redo', 'edit.delete', 'edit.rotate_cw', 'edit.rotate_ccw', 'edit.update_property', 'edit.settings', 'edit.theme', 'view.toggle_project_browser', 'view.toggle_library', 'view.toggle_property_panel', 'view.toggle_audit_panel', 'view.reset_layout', 'view.zoom_extents', 'view.zoom_selected', 'tool.select', 'tool.wire', 'tool.move', 'tool.add_generic_device', 'device.create_wizard', 'device.delete_pin', 'tool.measure', 'test.move', 'test.shortcut']
2026-01-27 09:00:02,841 [INFO] talustrace.infra: infra_log file write failed: [Errno 2] No such file or directory: '/tmp/tmp_4p3dqh2/infra_test.log'; original: [DISPATCHER] Registered action: edit.add (registry id=130967243621776) keys now=['edit.add', 'edit.update', '_execute_command', 'file.new', 'file.save', 'file.open', 'file.export_bom', 'file.export_wirelist', 'file.exit', 'edit.undo', 'edit.redo', 'edit.delete', 'edit.rotate_cw', 'edit.rotate_ccw', 'edit.update_property', 'edit.settings', 'edit.theme', 'view.toggle_project_browser', 'view.toggle_library', 'view.toggle_property_panel', 'view.toggle_audit_panel', 'view.reset_layout', 'view.zoom_extents', 'view.zoom_selected', 'tool.select', 'tool.wire', 'tool.move', 'tool.add_generic_device', 'device.create_wizard', 'device.delete_pin', 'tool.measure', 'test.move', 'test.shortcut']
2026-01-27 09:00:02,841 [INFO] talustrace.infra: infra_log file write failed: [Errno 2] No such file or directory: '/tmp/tmp_4p3dqh2/infra_test.log'; original: [DISPATCHER] Registered action: edit.update (registry id=130967243621776) keys now=['edit.add', 'edit.update', '_execute_command', 'file.new', 'file.save', 'file.open', 'file.export_bom', 'file.export_wirelist', 'file.exit', 'edit.undo', 'edit.redo', 'edit.delete', 'edit.rotate_cw', 'edit.rotate_ccw', 'edit.update_property', 'edit.settings', 'edit.theme', 'view.toggle_project_browser', 'view.toggle_library', 'view.toggle_property_panel', 'view.toggle_audit_panel', 'view.reset_layout', 'view.zoom_extents', 'view.zoom_selected', 'tool.select', 'tool.wire', 'tool.move', 'tool.add_generic_device', 'device.create_wizard', 'device.delete_pin', 'tool.measure', 'test.move', 'test.shortcut']
2026-01-27 09:00:02,841 [INFO] talustrace.infra: infra_log file write failed: [Errno 2] No such file or directory: '/tmp/tmp_4p3dqh2/infra_test.log'; original: [DEBUG] register_device_command_actions: dispatcher_registry id=130967243621776 after registration, keys=['edit.add', 'edit.update', '_execute_command', 'file.new', 'file.save', 'file.open', 'file.export_bom', 'file.export_wirelist', 'file.exit', 'edit.undo', 'edit.redo', 'edit.delete', 'edit.rotate_cw', 'edit.rotate_ccw', 'edit.update_property', 'edit.settings', 'edit.theme', 'view.toggle_project_browser', 'view.toggle_library', 'view.toggle_property_panel', 'view.toggle_audit_panel', 'view.reset_layout', 'view.zoom_extents', 'view.zoom_selected', 'tool.select', 'tool.wire', 'tool.move', 'tool.add_generic_device', 'device.create_wizard', 'device.delete_pin', 'tool.measure', 'test.move', 'test.shortcut']
------------------------------ Captured log setup ------------------------------
INFO     talustrace.infra:logging.py:74 infra_log file write failed: [Errno 2] No such file or directory: '/tmp/tmp_4p3dqh2/infra_test.log'; original: [DEBUG] register_device_command_actions: dispatcher_registry id=130967243621776 before registration, keys=['edit.add', 'edit.update', '_execute_command', 'file.new', 'file.save', 'file.open', 'file.export_bom', 'file.export_wirelist', 'file.exit', 'edit.undo', 'edit.redo', 'edit.delete', 'edit.rotate_cw', 'edit.rotate_ccw', 'edit.update_property', 'edit.settings', 'edit.theme', 'view.toggle_project_browser', 'view.toggle_library', 'view.toggle_property_panel', 'view.toggle_audit_panel', 'view.reset_layout', 'view.zoom_extents', 'view.zoom_selected', 'tool.select', 'tool.wire', 'tool.move', 'tool.add_generic_device', 'device.create_wizard', 'device.delete_pin', 'tool.measure', 'test.move', 'test.shortcut']
INFO     talustrace.infra:logging.py:74 infra_log file write failed: [Errno 2] No such file or directory: '/tmp/tmp_4p3dqh2/infra_test.log'; original: [DISPATCHER] Registered action: edit.delete (registry id=130967243621776) keys now=['edit.add', 'edit.update', '_execute_command', 'file.new', 'file.save', 'file.open', 'file.export_bom', 'file.export_wirelist', 'file.exit', 'edit.undo', 'edit.redo', 'edit.delete', 'edit.rotate_cw', 'edit.rotate_ccw', 'edit.update_property', 'edit.settings', 'edit.theme', 'view.toggle_project_browser', 'view.toggle_library', 'view.toggle_property_panel', 'view.toggle_audit_panel', 'view.reset_layout', 'view.zoom_extents', 'view.zoom_selected', 'tool.select', 'tool.wire', 'tool.move', 'tool.add_generic_device', 'device.create_wizard', 'device.delete_pin', 'tool.measure', 'test.move', 'test.shortcut']
INFO     talustrace.infra:logging.py:74 infra_log file write failed: [Errno 2] No such file or directory: '/tmp/tmp_4p3dqh2/infra_test.log'; original: [DISPATCHER] Registered action: edit.add (registry id=130967243621776) keys now=['edit.add', 'edit.update', '_execute_command', 'file.new', 'file.save', 'file.open', 'file.export_bom', 'file.export_wirelist', 'file.exit', 'edit.undo', 'edit.redo', 'edit.delete', 'edit.rotate_cw', 'edit.rotate_ccw', 'edit.update_property', 'edit.settings', 'edit.theme', 'view.toggle_project_browser', 'view.toggle_library', 'view.toggle_property_panel', 'view.toggle_audit_panel', 'view.reset_layout', 'view.zoom_extents', 'view.zoom_selected', 'tool.select', 'tool.wire', 'tool.move', 'tool.add_generic_device', 'device.create_wizard', 'device.delete_pin', 'tool.measure', 'test.move', 'test.shortcut']
INFO     talustrace.infra:logging.py:74 infra_log file write failed: [Errno 2] No such file or directory: '/tmp/tmp_4p3dqh2/infra_test.log'; original: [DISPATCHER] Registered action: edit.update (registry id=130967243621776) keys now=['edit.add', 'edit.update', '_execute_command', 'file.new', 'file.save', 'file.open', 'file.export_bom', 'file.export_wirelist', 'file.exit', 'edit.undo', 'edit.redo', 'edit.delete', 'edit.rotate_cw', 'edit.rotate_ccw', 'edit.update_property', 'edit.settings', 'edit.theme', 'view.toggle_project_browser', 'view.toggle_library', 'view.toggle_property_panel', 'view.toggle_audit_panel', 'view.reset_layout', 'view.zoom_extents', 'view.zoom_selected', 'tool.select', 'tool.wire', 'tool.move', 'tool.add_generic_device', 'device.create_wizard', 'device.delete_pin', 'tool.measure', 'test.move', 'test.shortcut']
INFO     talustrace.infra:logging.py:74 infra_log file write failed: [Errno 2] No such file or directory: '/tmp/tmp_4p3dqh2/infra_test.log'; original: [DEBUG] register_device_command_actions: dispatcher_registry id=130967243621776 after registration, keys=['edit.add', 'edit.update', '_execute_command', 'file.new', 'file.save', 'file.open', 'file.export_bom', 'file.export_wirelist', 'file.exit', 'edit.undo', 'edit.redo', 'edit.delete', 'edit.rotate_cw', 'edit.rotate_ccw', 'edit.update_property', 'edit.settings', 'edit.theme', 'view.toggle_project_browser', 'view.toggle_library', 'view.toggle_property_panel', 'view.toggle_audit_panel', 'view.reset_layout', 'view.zoom_extents', 'view.zoom_selected', 'tool.select', 'tool.wire', 'tool.move', 'tool.add_generic_device', 'device.create_wizard', 'device.delete_pin', 'tool.measure', 'test.move', 'test.shortcut']
----------------------------- Captured stdout call -----------------------------
[infra_log] Writing to log_path: /tmp/tmp_4p3dqh2/infra_test.log
[infra_log] Exception writing to /tmp/tmp_4p3dqh2/infra_test.log: [Errno 2] No such file or directory: '/tmp/tmp_4p3dqh2/infra_test.log'
[infra_log] Writing to log_path: /tmp/tmp_4p3dqh2/infra_test.log
[infra_log] Exception writing to /tmp/tmp_4p3dqh2/infra_test.log: [Errno 2] No such file or directory: '/tmp/tmp_4p3dqh2/infra_test.log'
[infra_log] Writing to log_path: /tmp/tmp_4p3dqh2/infra_test.log
[infra_log] Exception writing to /tmp/tmp_4p3dqh2/infra_test.log: [Errno 2] No such file or directory: '/tmp/tmp_4p3dqh2/infra_test.log'
[infra_log] Writing to log_path: /tmp/tmp_4p3dqh2/infra_test.log
[infra_log] Exception writing to /tmp/tmp_4p3dqh2/infra_test.log: [Errno 2] No such file or directory: '/tmp/tmp_4p3dqh2/infra_test.log'
[infra_log] Writing to log_path: /tmp/tmp_4p3dqh2/infra_test.log
[infra_log] Exception writing to /tmp/tmp_4p3dqh2/infra_test.log: [Errno 2] No such file or directory: '/tmp/tmp_4p3dqh2/infra_test.log'
[infra_log] Writing to log_path: /tmp/tmp_4p3dqh2/infra_test.log
[infra_log] Exception writing to /tmp/tmp_4p3dqh2/infra_test.log: [Errno 2] No such file or directory: '/tmp/tmp_4p3dqh2/infra_test.log'
[infra_log] Writing to log_path: /tmp/tmp_4p3dqh2/infra_test.log
[infra_log] Exception writing to /tmp/tmp_4p3dqh2/infra_test.log: [Errno 2] No such file or directory: '/tmp/tmp_4p3dqh2/infra_test.log'
[infra_log] Writing to log_path: /tmp/tmp_4p3dqh2/infra_test.log
[infra_log] Exception writing to /tmp/tmp_4p3dqh2/infra_test.log: [Errno 2] No such file or directory: '/tmp/tmp_4p3dqh2/infra_test.log'
[infra_log] Writing to log_path: /tmp/tmp_4p3dqh2/infra_test.log
[infra_log] Exception writing to /tmp/tmp_4p3dqh2/infra_test.log: [Errno 2] No such file or directory: '/tmp/tmp_4p3dqh2/infra_test.log'
[infra_log] Writing to log_path: /tmp/tmp_4p3dqh2/infra_test.log
[infra_log] Exception writing to /tmp/tmp_4p3dqh2/infra_test.log: [Errno 2] No such file or directory: '/tmp/tmp_4p3dqh2/infra_test.log'
[infra_log] Writing to log_path: /tmp/tmp_4p3dqh2/infra_test.log
[infra_log] Exception writing to /tmp/tmp_4p3dqh2/infra_test.log: [Errno 2] No such file or directory: '/tmp/tmp_4p3dqh2/infra_test.log'
[infra_log] Writing to log_path: /tmp/tmp_4p3dqh2/infra_test.log
[infra_log] Exception writing to /tmp/tmp_4p3dqh2/infra_test.log: [Errno 2] No such file or directory: '/tmp/tmp_4p3dqh2/infra_test.log'
[infra_log] Writing to log_path: /tmp/tmp_4p3dqh2/infra_test.log
[infra_log] Exception writing to /tmp/tmp_4p3dqh2/infra_test.log: [Errno 2] No such file or directory: '/tmp/tmp_4p3dqh2/infra_test.log'
[infra_log] Writing to log_path: /tmp/tmp_4p3dqh2/infra_test.log
[infra_log] Exception writing to /tmp/tmp_4p3dqh2/infra_test.log: [Errno 2] No such file or directory: '/tmp/tmp_4p3dqh2/infra_test.log'
[infra_log] Writing to log_path: /tmp/tmp_4p3dqh2/infra_test.log
[infra_log] Exception writing to /tmp/tmp_4p3dqh2/infra_test.log: [Errno 2] No such file or directory: '/tmp/tmp_4p3dqh2/infra_test.log'
[infra_log] Writing to log_path: /tmp/tmp_4p3dqh2/infra_test.log
[infra_log] Exception writing to /tmp/tmp_4p3dqh2/infra_test.log: [Errno 2] No such file or directory: '/tmp/tmp_4p3dqh2/infra_test.log'
[infra_log] Writing to log_path: /tmp/tmp_4p3dqh2/infra_test.log
[infra_log] Exception writing to /tmp/tmp_4p3dqh2/infra_test.log: [Errno 2] No such file or directory: '/tmp/tmp_4p3dqh2/infra_test.log'
[infra_log] Writing to log_path: /tmp/tmp_4p3dqh2/infra_test.log
[infra_log] Exception writing to /tmp/tmp_4p3dqh2/infra_test.log: [Errno 2] No such file or directory: '/tmp/tmp_4p3dqh2/infra_test.log'
[infra_log] Writing to log_path: /tmp/tmp_4p3dqh2/infra_test.log
[infra_log] Exception writing to /tmp/tmp_4p3dqh2/infra_test.log: [Errno 2] No such file or directory: '/tmp/tmp_4p3dqh2/infra_test.log'
[infra_log] Writing to log_path: /tmp/tmp_4p3dqh2/infra_test.log
[infra_log] Exception writing to /tmp/tmp_4p3dqh2/infra_test.log: [Errno 2] No such file or directory: '/tmp/tmp_4p3dqh2/infra_test.log'
[infra_log] Writing to log_path: /tmp/tmp_4p3dqh2/infra_test.log
[infra_log] Exception writing to /tmp/tmp_4p3dqh2/infra_test.log: [Errno 2] No such file or directory: '/tmp/tmp_4p3dqh2/infra_test.log'
[infra_log] Writing to log_path: /tmp/tmp_4p3dqh2/infra_test.log
[infra_log] Exception writing to /tmp/tmp_4p3dqh2/infra_test.log: [Errno 2] No such file or directory: '/tmp/tmp_4p3dqh2/infra_test.log'
[infra_log] Writing to log_path: /tmp/tmp_4p3dqh2/infra_test.log
[infra_log] Exception writing to /tmp/tmp_4p3dqh2/infra_test.log: [Errno 2] No such file or directory: '/tmp/tmp_4p3dqh2/infra_test.log'
[infra_log] Writing to log_path: /tmp/tmp_4p3dqh2/infra_test.log
[infra_log] Exception writing to /tmp/tmp_4p3dqh2/infra_test.log: [Errno 2] No such file or directory: '/tmp/tmp_4p3dqh2/infra_test.log'
[infra_log] Writing to log_path: /tmp/tmp_4p3dqh2/infra_test.log
[infra_log] Exception writing to /tmp/tmp_4p3dqh2/infra_test.log: [Errno 2] No such file or directory: '/tmp/tmp_4p3dqh2/infra_test.log'
[infra_log] Writing to log_path: /tmp/tmp_4p3dqh2/infra_test.log
[infra_log] Exception writing to /tmp/tmp_4p3dqh2/infra_test.log: [Errno 2] No such file or directory: '/tmp/tmp_4p3dqh2/infra_test.log'
[infra_log] Writing to log_path: /tmp/tmp_4p3dqh2/infra_test.log
[infra_log] Exception writing to /tmp/tmp_4p3dqh2/infra_test.log: [Errno 2] No such file or directory: '/tmp/tmp_4p3dqh2/infra_test.log'
[infra_log] Writing to log_path: /tmp/tmp_4p3dqh2/infra_test.log
[infra_log] Exception writing to /tmp/tmp_4p3dqh2/infra_test.log: [Errno 2] No such file or directory: '/tmp/tmp_4p3dqh2/infra_test.log'
[infra_log] Writing to log_path: /tmp/tmp_4p3dqh2/infra_test.log
[infra_log] Exception writing to /tmp/tmp_4p3dqh2/infra_test.log: [Errno 2] No such file or directory: '/tmp/tmp_4p3dqh2/infra_test.log'
[infra_log] Writing to log_path: /tmp/tmp_4p3dqh2/infra_test.log
[infra_log] Exception writing to /tmp/tmp_4p3dqh2/infra_test.log: [Errno 2] No such file or directory: '/tmp/tmp_4p3dqh2/infra_test.log'
[infra_log] Writing to log_path: /tmp/tmp_4p3dqh2/infra_test.log
[infra_log] Exception writing to /tmp/tmp_4p3dqh2/infra_test.log: [Errno 2] No such file or directory: '/tmp/tmp_4p3dqh2/infra_test.log'
[infra_log] Writing to log_path: /tmp/tmp_4p3dqh2/infra_test.log
[infra_log] Exception writing to /tmp/tmp_4p3dqh2/infra_test.log: [Errno 2] No such file or directory: '/tmp/tmp_4p3dqh2/infra_test.log'
[infra_log] Writing to log_path: /tmp/tmp_4p3dqh2/infra_test.log
[infra_log] Exception writing to /tmp/tmp_4p3dqh2/infra_test.log: [Errno 2] No such file or directory: '/tmp/tmp_4p3dqh2/infra_test.log'
[infra_log] Writing to log_path: /tmp/tmp_4p3dqh2/infra_test.log
[infra_log] Exception writing to /tmp/tmp_4p3dqh2/infra_test.log: [Errno 2] No such file or directory: '/tmp/tmp_4p3dqh2/infra_test.log'
[infra_log] Writing to log_path: /tmp/tmp_4p3dqh2/infra_test.log
[infra_log] Exception writing to /tmp/tmp_4p3dqh2/infra_test.log: [Errno 2] No such file or directory: '/tmp/tmp_4p3dqh2/infra_test.log'
----------------------------- Captured stderr call -----------------------------
2026-01-27 09:00:02,855 [INFO] talustrace.infra: infra_log file write failed: [Errno 2] No such file or directory: '/tmp/tmp_4p3dqh2/infra_test.log'; original: [ProjectBrowser] refresh called with data=None
2026-01-27 09:00:02,855 [INFO] talustrace.infra: infra_log file write failed: [Errno 2] No such file or directory: '/tmp/tmp_4p3dqh2/infra_test.log'; original: [ProjectBrowser] refresh: proceeding to update tree
2026-01-27 09:00:02,861 [INFO] talustrace.infra: infra_log file write failed: [Errno 2] No such file or directory: '/tmp/tmp_4p3dqh2/infra_test.log'; original: [DISPATCHER] Registered action: view.toggle_project_browser (registry id=130967243621776) keys now=['edit.add', 'edit.update', '_execute_command', 'file.new', 'file.save', 'file.open', 'file.export_bom', 'file.export_wirelist', 'file.exit', 'edit.undo', 'edit.redo', 'edit.delete', 'edit.rotate_cw', 'edit.rotate_ccw', 'edit.update_property', 'edit.settings', 'edit.theme', 'view.toggle_project_browser', 'view.toggle_library', 'view.toggle_property_panel', 'view.toggle_audit_panel', 'view.reset_layout', 'view.zoom_extents', 'view.zoom_selected', 'tool.select', 'tool.wire', 'tool.move', 'tool.add_generic_device', 'device.create_wizard', 'device.delete_pin', 'tool.measure', 'test.move', 'test.shortcut']
2026-01-27 09:00:02,861 [INFO] talustrace.infra: infra_log file write failed: [Errno 2] No such file or directory: '/tmp/tmp_4p3dqh2/infra_test.log'; original: [DISPATCHER] Registered action: view.toggle_property_panel (registry id=130967243621776) keys now=['edit.add', 'edit.update', '_execute_command', 'file.new', 'file.save', 'file.open', 'file.export_bom', 'file.export_wirelist', 'file.exit', 'edit.undo', 'edit.redo', 'edit.delete', 'edit.rotate_cw', 'edit.rotate_ccw', 'edit.update_property', 'edit.settings', 'edit.theme', 'view.toggle_project_browser', 'view.toggle_library', 'view.toggle_property_panel', 'view.toggle_audit_panel', 'view.reset_layout', 'view.zoom_extents', 'view.zoom_selected', 'tool.select', 'tool.wire', 'tool.move', 'tool.add_generic_device', 'device.create_wizard', 'device.delete_pin', 'tool.measure', 'test.move', 'test.shortcut']
2026-01-27 09:00:02,861 [INFO] talustrace.infra: infra_log file write failed: [Errno 2] No such file or directory: '/tmp/tmp_4p3dqh2/infra_test.log'; original: [DISPATCHER] Registered action: view.toggle_library (registry id=130967243621776) keys now=['edit.add', 'edit.update', '_execute_command', 'file.new', 'file.save', 'file.open', 'file.export_bom', 'file.export_wirelist', 'file.exit', 'edit.undo', 'edit.redo', 'edit.delete', 'edit.rotate_cw', 'edit.rotate_ccw', 'edit.update_property', 'edit.settings', 'edit.theme', 'view.toggle_project_browser', 'view.toggle_library', 'view.toggle_property_panel', 'view.toggle_audit_panel', 'view.reset_layout', 'view.zoom_extents', 'view.zoom_selected', 'tool.select', 'tool.wire', 'tool.move', 'tool.add_generic_device', 'device.create_wizard', 'device.delete_pin', 'tool.measure', 'test.move', 'test.shortcut']
2026-01-27 09:00:02,861 [INFO] talustrace.infra: infra_log file write failed: [Errno 2] No such file or directory: '/tmp/tmp_4p3dqh2/infra_test.log'; original: [DISPATCHER] Registered action: view.toggle_audit_panel (registry id=130967243621776) keys now=['edit.add', 'edit.update', '_execute_command', 'file.new', 'file.save', 'file.open', 'file.export_bom', 'file.export_wirelist', 'file.exit', 'edit.undo', 'edit.redo', 'edit.delete', 'edit.rotate_cw', 'edit.rotate_ccw', 'edit.update_property', 'edit.settings', 'edit.theme', 'view.toggle_project_browser', 'view.toggle_library', 'view.toggle_property_panel', 'view.toggle_audit_panel', 'view.reset_layout', 'view.zoom_extents', 'view.zoom_selected', 'tool.select', 'tool.wire', 'tool.move', 'tool.add_generic_device', 'device.create_wizard', 'device.delete_pin', 'tool.measure', 'test.move', 'test.shortcut']
2026-01-27 09:00:02,861 [INFO] talustrace.infra: infra_log file write failed: [Errno 2] No such file or directory: '/tmp/tmp_4p3dqh2/infra_test.log'; original: [DISPATCHER] Registered action: tool.move (registry id=130967243621776) keys now=['edit.add', 'edit.update', '_execute_command', 'file.new', 'file.save', 'file.open', 'file.export_bom', 'file.export_wirelist', 'file.exit', 'edit.undo', 'edit.redo', 'edit.delete', 'edit.rotate_cw', 'edit.rotate_ccw', 'edit.update_property', 'edit.settings', 'edit.theme', 'view.toggle_project_browser', 'view.toggle_library', 'view.toggle_property_panel', 'view.toggle_audit_panel', 'view.reset_layout', 'view.zoom_extents', 'view.zoom_selected', 'tool.select', 'tool.wire', 'tool.move', 'tool.add_generic_device', 'device.create_wizard', 'device.delete_pin', 'tool.measure', 'test.move', 'test.shortcut']
2026-01-27 09:00:02,861 [INFO] talustrace.infra: infra_log file write failed: [Errno 2] No such file or directory: '/tmp/tmp_4p3dqh2/infra_test.log'; original: [DISPATCHER] Registered action: tool.add_generic_device (registry id=130967243621776) keys now=['edit.add', 'edit.update', '_execute_command', 'file.new', 'file.save', 'file.open', 'file.export_bom', 'file.export_wirelist', 'file.exit', 'edit.undo', 'edit.redo', 'edit.delete', 'edit.rotate_cw', 'edit.rotate_ccw', 'edit.update_property', 'edit.settings', 'edit.theme', 'view.toggle_project_browser', 'view.toggle_library', 'view.toggle_property_panel', 'view.toggle_audit_panel', 'view.reset_layout', 'view.zoom_extents', 'view.zoom_selected', 'tool.select', 'tool.wire', 'tool.move', 'tool.add_generic_device', 'device.create_wizard', 'device.delete_pin', 'tool.measure', 'test.move', 'test.shortcut']
2026-01-27 09:00:02,861 [INFO] talustrace.infra: infra_log file write failed: [Errno 2] No such file or directory: '/tmp/tmp_4p3dqh2/infra_test.log'; original: [DISPATCHER] Registered action: device.create_wizard (registry id=130967243621776) keys now=['edit.add', 'edit.update', '_execute_command', 'file.new', 'file.save', 'file.open', 'file.export_bom', 'file.export_wirelist', 'file.exit', 'edit.undo', 'edit.redo', 'edit.delete', 'edit.rotate_cw', 'edit.rotate_ccw', 'edit.update_property', 'edit.settings', 'edit.theme', 'view.toggle_project_browser', 'view.toggle_library', 'view.toggle_property_panel', 'view.toggle_audit_panel', 'view.reset_layout', 'view.zoom_extents', 'view.zoom_selected', 'tool.select', 'tool.wire', 'tool.move', 'tool.add_generic_device', 'device.create_wizard', 'device.delete_pin', 'tool.measure', 'test.move', 'test.shortcut']
2026-01-27 09:00:02,861 [INFO] talustrace.infra: infra_log file write failed: [Errno 2] No such file or directory: '/tmp/tmp_4p3dqh2/infra_test.log'; original: [DISPATCHER] Registered action: edit.undo (registry id=130967243621776) keys now=['edit.add', 'edit.update', '_execute_command', 'file.new', 'file.save', 'file.open', 'file.export_bom', 'file.export_wirelist', 'file.exit', 'edit.undo', 'edit.redo', 'edit.delete', 'edit.rotate_cw', 'edit.rotate_ccw', 'edit.update_property', 'edit.settings', 'edit.theme', 'view.toggle_project_browser', 'view.toggle_library', 'view.toggle_property_panel', 'view.toggle_audit_panel', 'view.reset_layout', 'view.zoom_extents', 'view.zoom_selected', 'tool.select', 'tool.wire', 'tool.move', 'tool.add_generic_device', 'device.create_wizard', 'device.delete_pin', 'tool.measure', 'test.move', 'test.shortcut']
2026-01-27 09:00:02,862 [INFO] talustrace.infra: infra_log file write failed: [Errno 2] No such file or directory: '/tmp/tmp_4p3dqh2/infra_test.log'; original: [DISPATCHER] Registered action: edit.redo (registry id=130967243621776) keys now=['edit.add', 'edit.update', '_execute_command', 'file.new', 'file.save', 'file.open', 'file.export_bom', 'file.export_wirelist', 'file.exit', 'edit.undo', 'edit.redo', 'edit.delete', 'edit.rotate_cw', 'edit.rotate_ccw', 'edit.update_property', 'edit.settings', 'edit.theme', 'view.toggle_project_browser', 'view.toggle_library', 'view.toggle_property_panel', 'view.toggle_audit_panel', 'view.reset_layout', 'view.zoom_extents', 'view.zoom_selected', 'tool.select', 'tool.wire', 'tool.move', 'tool.add_generic_device', 'device.create_wizard', 'device.delete_pin', 'tool.measure', 'test.move', 'test.shortcut']
2026-01-27 09:00:02,862 [INFO] talustrace.infra: infra_log file write failed: [Errno 2] No such file or directory: '/tmp/tmp_4p3dqh2/infra_test.log'; original: [DISPATCHER] Registered action: tool.measure (registry id=130967243621776) keys now=['edit.add', 'edit.update', '_execute_command', 'file.new', 'file.save', 'file.open', 'file.export_bom', 'file.export_wirelist', 'file.exit', 'edit.undo', 'edit.redo', 'edit.delete', 'edit.rotate_cw', 'edit.rotate_ccw', 'edit.update_property', 'edit.settings', 'edit.theme', 'view.toggle_project_browser', 'view.toggle_library', 'view.toggle_property_panel', 'view.toggle_audit_panel', 'view.reset_layout', 'view.zoom_extents', 'view.zoom_selected', 'tool.select', 'tool.wire', 'tool.move', 'tool.add_generic_device', 'device.create_wizard', 'device.delete_pin', 'tool.measure', 'test.move', 'test.shortcut']
2026-01-27 09:00:02,870 [INFO] talustrace.infra: infra_log file write failed: [Errno 2] No such file or directory: '/tmp/tmp_4p3dqh2/infra_test.log'; original: [APIManager] dispatch called: event_type=model_changed, data={'action': 'add', 'item': Device(id='96dae70f-0c05-4ef9-af42-3df34345ee02', x=10.0, y=20.0, origin_x=0.0, origin_y=0.0, rotation=0.0, meta={'width_mm': 40, 'height_mm': 30}, label=None, pins=[Pin(side=0, x=5, y=5, head=None, tail=None, device_id='96dae70f-0c05-4ef9-af42-3df34345ee02', signal=None, meta={}, id='2cf7966e-faea-4abd-a08d-2a1b29ed16f2', label='TestPin')], library_id=None, revision=0, is_ghost=False, promotion_source_id=None, service_slack_mm=0.0, svg_body=None, internal_routing={})}
2026-01-27 09:00:02,870 [INFO] talustrace.infra: infra_log file write failed: [Errno 2] No such file or directory: '/tmp/tmp_4p3dqh2/infra_test.log'; original: [ProjectBrowser] refresh called with data={'action': 'add', 'item': Device(id='96dae70f-0c05-4ef9-af42-3df34345ee02', x=10.0, y=20.0, origin_x=0.0, origin_y=0.0, rotation=0.0, meta={'width_mm': 40, 'height_mm': 30}, label=None, pins=[Pin(side=0, x=5, y=5, head=None, tail=None, device_id='96dae70f-0c05-4ef9-af42-3df34345ee02', signal=None, meta={}, id='2cf7966e-faea-4abd-a08d-2a1b29ed16f2', label='TestPin')], library_id=None, revision=0, is_ghost=False, promotion_source_id=None, service_slack_mm=0.0, svg_body=None, internal_routing={})}
2026-01-27 09:00:02,870 [INFO] talustrace.infra: infra_log file write failed: [Errno 2] No such file or directory: '/tmp/tmp_4p3dqh2/infra_test.log'; original: [ProjectBrowser] refresh: proceeding to update tree
2026-01-27 09:00:02,870 [INFO] talustrace.infra: infra_log file write failed: [Errno 2] No such file or directory: '/tmp/tmp_4p3dqh2/infra_test.log'; original: [ProjectBrowser] refresh: device in harness.devices: 96dae70f-0c05-4ef9-af42-3df34345ee02
2026-01-27 09:00:02,871 [INFO] talustrace.infra: infra_log file write failed: [Errno 2] No such file or directory: '/tmp/tmp_4p3dqh2/infra_test.log'; original: [DeviceItem] Created DeviceItem for model id=96dae70f-0c05-4ef9-af42-3df34345ee02, obj=Device(id='96dae70f-0c05-4ef9-af42-3df34345ee02', x=10.0, y=20.0, origin_x=0.0, origin_y=0.0, rotation=0.0, meta={'width_mm': 40, 'height_mm': 30}, label=None, pins=[Pin(side=0, x=5, y=5, head=None, tail=None, device_id='96dae70f-0c05-4ef9-af42-3df34345ee02', signal=None, meta={}, id='2cf7966e-faea-4abd-a08d-2a1b29ed16f2', label='TestPin')], library_id=None, revision=0, is_ghost=False, promotion_source_id=None, service_slack_mm=0.0, svg_body=None, internal_routing={}), DeviceItem id=130965604591680
2026-01-27 09:00:02,871 [INFO] talustrace.infra: infra_log file write failed: [Errno 2] No such file or directory: '/tmp/tmp_4p3dqh2/infra_test.log'; original: [PinItem] Created PinItem for model id=2cf7966e-faea-4abd-a08d-2a1b29ed16f2, obj=Pin(side=0, x=5, y=5, head=None, tail=None, device_id='96dae70f-0c05-4ef9-af42-3df34345ee02', signal=None, meta={}, id='2cf7966e-faea-4abd-a08d-2a1b29ed16f2', label='TestPin'), PinItem id=130965604200896, parent=<ui.items.device.DeviceItem(0x1c610550, pos=10,20, z=10, flags=(ItemIsSelectable|ItemSendsGeometryChanges)) at 0x771cce56e840>
2026-01-27 09:00:02,871 [INFO] talustrace.infra: infra_log file write failed: [Errno 2] No such file or directory: '/tmp/tmp_4p3dqh2/infra_test.log'; original: [APIManager] dispatch called: event_type=model_changed, data={'action': 'add', 'item': Pin(side=0, x=5, y=5, head=None, tail=None, device_id='96dae70f-0c05-4ef9-af42-3df34345ee02', signal=None, meta={}, id='2cf7966e-faea-4abd-a08d-2a1b29ed16f2', label='TestPin')}
2026-01-27 09:00:02,871 [INFO] talustrace.infra: infra_log file write failed: [Errno 2] No such file or directory: '/tmp/tmp_4p3dqh2/infra_test.log'; original: [ProjectBrowser] refresh called with data={'action': 'add', 'item': Pin(side=0, x=5, y=5, head=None, tail=None, device_id='96dae70f-0c05-4ef9-af42-3df34345ee02', signal=None, meta={}, id='2cf7966e-faea-4abd-a08d-2a1b29ed16f2', label='TestPin')}
2026-01-27 09:00:02,871 [INFO] talustrace.infra: infra_log file write failed: [Errno 2] No such file or directory: '/tmp/tmp_4p3dqh2/infra_test.log'; original: [ProjectBrowser] refresh: proceeding to update tree
2026-01-27 09:00:02,871 [INFO] talustrace.infra: infra_log file write failed: [Errno 2] No such file or directory: '/tmp/tmp_4p3dqh2/infra_test.log'; original: [ProjectBrowser] refresh: device in harness.devices: 96dae70f-0c05-4ef9-af42-3df34345ee02
2026-01-27 09:00:02,872 [INFO] talustrace.infra: infra_log file write failed: [Errno 2] No such file or directory: '/tmp/tmp_4p3dqh2/infra_test.log'; original: [APIManager] dispatch called: event_type=selection_changed, data={'selection': [Pin(side=0, x=5, y=5, head=None, tail=None, device_id='96dae70f-0c05-4ef9-af42-3df34345ee02', signal=None, meta={}, id='2cf7966e-faea-4abd-a08d-2a1b29ed16f2', label='TestPin')]}
2026-01-27 09:00:02,872 [INFO] talustrace.infra: infra_log file write failed: [Errno 2] No such file or directory: '/tmp/tmp_4p3dqh2/infra_test.log'; original: [APIManager] dispatch called: event_type=model_changed, data={'action': 'update', 'item': Pin(side=0, x=42.0, y=5, head=None, tail=None, device_id='96dae70f-0c05-4ef9-af42-3df34345ee02', signal=None, meta={}, id='2cf7966e-faea-4abd-a08d-2a1b29ed16f2', label='TestPin')}
2026-01-27 09:00:02,872 [INFO] talustrace.infra: infra_log file write failed: [Errno 2] No such file or directory: '/tmp/tmp_4p3dqh2/infra_test.log'; original: [ProjectBrowser] refresh called with data={'action': 'update', 'item': Pin(side=0, x=42.0, y=5, head=None, tail=None, device_id='96dae70f-0c05-4ef9-af42-3df34345ee02', signal=None, meta={}, id='2cf7966e-faea-4abd-a08d-2a1b29ed16f2', label='TestPin')}
2026-01-27 09:00:02,872 [INFO] talustrace.infra: infra_log file write failed: [Errno 2] No such file or directory: '/tmp/tmp_4p3dqh2/infra_test.log'; original: [ProjectBrowser] refresh: skipping for action=update
2026-01-27 09:00:02,873 [INFO] talustrace.infra: infra_log file write failed: [Errno 2] No such file or directory: '/tmp/tmp_4p3dqh2/infra_test.log'; original: [APIManager] dispatch called: event_type=model_changed, data={'action': 'update', 'item': Pin(side=0, x=42.0, y=5, head=None, tail=None, device_id='96dae70f-0c05-4ef9-af42-3df34345ee02', signal=None, meta={}, id='2cf7966e-faea-4abd-a08d-2a1b29ed16f2', label='TestPin')}
2026-01-27 09:00:02,873 [INFO] talustrace.infra: infra_log file write failed: [Errno 2] No such file or directory: '/tmp/tmp_4p3dqh2/infra_test.log'; original: [ProjectBrowser] refresh called with data={'action': 'update', 'item': Pin(side=0, x=42.0, y=5, head=None, tail=None, device_id='96dae70f-0c05-4ef9-af42-3df34345ee02', signal=None, meta={}, id='2cf7966e-faea-4abd-a08d-2a1b29ed16f2', label='TestPin')}
2026-01-27 09:00:02,873 [INFO] talustrace.infra: infra_log file write failed: [Errno 2] No such file or directory: '/tmp/tmp_4p3dqh2/infra_test.log'; original: [ProjectBrowser] refresh: skipping for action=update
2026-01-27 09:00:02,874 [INFO] talustrace.infra: infra_log file write failed: [Errno 2] No such file or directory: '/tmp/tmp_4p3dqh2/infra_test.log'; original: [APIManager] dispatch called: event_type=model_changed, data={'action': 'update', 'item': Pin(side=0, x=42.0, y=99.0, head=None, tail=None, device_id='96dae70f-0c05-4ef9-af42-3df34345ee02', signal=None, meta={}, id='2cf7966e-faea-4abd-a08d-2a1b29ed16f2', label='TestPin')}
2026-01-27 09:00:02,874 [INFO] talustrace.infra: infra_log file write failed: [Errno 2] No such file or directory: '/tmp/tmp_4p3dqh2/infra_test.log'; original: [ProjectBrowser] refresh called with data={'action': 'update', 'item': Pin(side=0, x=42.0, y=99.0, head=None, tail=None, device_id='96dae70f-0c05-4ef9-af42-3df34345ee02', signal=None, meta={}, id='2cf7966e-faea-4abd-a08d-2a1b29ed16f2', label='TestPin')}
2026-01-27 09:00:02,874 [INFO] talustrace.infra: infra_log file write failed: [Errno 2] No such file or directory: '/tmp/tmp_4p3dqh2/infra_test.log'; original: [ProjectBrowser] refresh: skipping for action=update
2026-01-27 09:00:02,875 [INFO] talustrace.infra: infra_log file write failed: [Errno 2] No such file or directory: '/tmp/tmp_4p3dqh2/infra_test.log'; original: [APIManager] dispatch called: event_type=model_changed, data={'action': 'update', 'item': Pin(side=0, x=42.0, y=99.0, head=None, tail=None, device_id='96dae70f-0c05-4ef9-af42-3df34345ee02', signal=None, meta={}, id='2cf7966e-faea-4abd-a08d-2a1b29ed16f2', label='TestPin')}
2026-01-27 09:00:02,875 [INFO] talustrace.infra: infra_log file write failed: [Errno 2] No such file or directory: '/tmp/tmp_4p3dqh2/infra_test.log'; original: [ProjectBrowser] refresh called with data={'action': 'update', 'item': Pin(side=0, x=42.0, y=99.0, head=None, tail=None, device_id='96dae70f-0c05-4ef9-af42-3df34345ee02', signal=None, meta={}, id='2cf7966e-faea-4abd-a08d-2a1b29ed16f2', label='TestPin')}
2026-01-27 09:00:02,875 [INFO] talustrace.infra: infra_log file write failed: [Errno 2] No such file or directory: '/tmp/tmp_4p3dqh2/infra_test.log'; original: [ProjectBrowser] refresh: skipping for action=update
------------------------------ Captured log call -------------------------------
INFO     talustrace.infra:logging.py:74 infra_log file write failed: [Errno 2] No such file or directory: '/tmp/tmp_4p3dqh2/infra_test.log'; original: [ProjectBrowser] refresh called with data=None
INFO     talustrace.infra:logging.py:74 infra_log file write failed: [Errno 2] No such file or directory: '/tmp/tmp_4p3dqh2/infra_test.log'; original: [ProjectBrowser] refresh: proceeding to update tree
INFO     talustrace.infra:logging.py:74 infra_log file write failed: [Errno 2] No such file or directory: '/tmp/tmp_4p3dqh2/infra_test.log'; original: [DISPATCHER] Registered action: view.toggle_project_browser (registry id=130967243621776) keys now=['edit.add', 'edit.update', '_execute_command', 'file.new', 'file.save', 'file.open', 'file.export_bom', 'file.export_wirelist', 'file.exit', 'edit.undo', 'edit.redo', 'edit.delete', 'edit.rotate_cw', 'edit.rotate_ccw', 'edit.update_property', 'edit.settings', 'edit.theme', 'view.toggle_project_browser', 'view.toggle_library', 'view.toggle_property_panel', 'view.toggle_audit_panel', 'view.reset_layout', 'view.zoom_extents', 'view.zoom_selected', 'tool.select', 'tool.wire', 'tool.move', 'tool.add_generic_device', 'device.create_wizard', 'device.delete_pin', 'tool.measure', 'test.move', 'test.shortcut']
INFO     talustrace.infra:logging.py:74 infra_log file write failed: [Errno 2] No such file or directory: '/tmp/tmp_4p3dqh2/infra_test.log'; original: [DISPATCHER] Registered action: view.toggle_property_panel (registry id=130967243621776) keys now=['edit.add', 'edit.update', '_execute_command', 'file.new', 'file.save', 'file.open', 'file.export_bom', 'file.export_wirelist', 'file.exit', 'edit.undo', 'edit.redo', 'edit.delete', 'edit.rotate_cw', 'edit.rotate_ccw', 'edit.update_property', 'edit.settings', 'edit.theme', 'view.toggle_project_browser', 'view.toggle_library', 'view.toggle_property_panel', 'view.toggle_audit_panel', 'view.reset_layout', 'view.zoom_extents', 'view.zoom_selected', 'tool.select', 'tool.wire', 'tool.move', 'tool.add_generic_device', 'device.create_wizard', 'device.delete_pin', 'tool.measure', 'test.move', 'test.shortcut']
INFO     talustrace.infra:logging.py:74 infra_log file write failed: [Errno 2] No such file or directory: '/tmp/tmp_4p3dqh2/infra_test.log'; original: [DISPATCHER] Registered action: view.toggle_library (registry id=130967243621776) keys now=['edit.add', 'edit.update', '_execute_command', 'file.new', 'file.save', 'file.open', 'file.export_bom', 'file.export_wirelist', 'file.exit', 'edit.undo', 'edit.redo', 'edit.delete', 'edit.rotate_cw', 'edit.rotate_ccw', 'edit.update_property', 'edit.settings', 'edit.theme', 'view.toggle_project_browser', 'view.toggle_library', 'view.toggle_property_panel', 'view.toggle_audit_panel', 'view.reset_layout', 'view.zoom_extents', 'view.zoom_selected', 'tool.select', 'tool.wire', 'tool.move', 'tool.add_generic_device', 'device.create_wizard', 'device.delete_pin', 'tool.measure', 'test.move', 'test.shortcut']
INFO     talustrace.infra:logging.py:74 infra_log file write failed: [Errno 2] No such file or directory: '/tmp/tmp_4p3dqh2/infra_test.log'; original: [DISPATCHER] Registered action: view.toggle_audit_panel (registry id=130967243621776) keys now=['edit.add', 'edit.update', '_execute_command', 'file.new', 'file.save', 'file.open', 'file.export_bom', 'file.export_wirelist', 'file.exit', 'edit.undo', 'edit.redo', 'edit.delete', 'edit.rotate_cw', 'edit.rotate_ccw', 'edit.update_property', 'edit.settings', 'edit.theme', 'view.toggle_project_browser', 'view.toggle_library', 'view.toggle_property_panel', 'view.toggle_audit_panel', 'view.reset_layout', 'view.zoom_extents', 'view.zoom_selected', 'tool.select', 'tool.wire', 'tool.move', 'tool.add_generic_device', 'device.create_wizard', 'device.delete_pin', 'tool.measure', 'test.move', 'test.shortcut']
INFO     talustrace.infra:logging.py:74 infra_log file write failed: [Errno 2] No such file or directory: '/tmp/tmp_4p3dqh2/infra_test.log'; original: [DISPATCHER] Registered action: tool.move (registry id=130967243621776) keys now=['edit.add', 'edit.update', '_execute_command', 'file.new', 'file.save', 'file.open', 'file.export_bom', 'file.export_wirelist', 'file.exit', 'edit.undo', 'edit.redo', 'edit.delete', 'edit.rotate_cw', 'edit.rotate_ccw', 'edit.update_property', 'edit.settings', 'edit.theme', 'view.toggle_project_browser', 'view.toggle_library', 'view.toggle_property_panel', 'view.toggle_audit_panel', 'view.reset_layout', 'view.zoom_extents', 'view.zoom_selected', 'tool.select', 'tool.wire', 'tool.move', 'tool.add_generic_device', 'device.create_wizard', 'device.delete_pin', 'tool.measure', 'test.move', 'test.shortcut']
INFO     talustrace.infra:logging.py:74 infra_log file write failed: [Errno 2] No such file or directory: '/tmp/tmp_4p3dqh2/infra_test.log'; original: [DISPATCHER] Registered action: tool.add_generic_device (registry id=130967243621776) keys now=['edit.add', 'edit.update', '_execute_command', 'file.new', 'file.save', 'file.open', 'file.export_bom', 'file.export_wirelist', 'file.exit', 'edit.undo', 'edit.redo', 'edit.delete', 'edit.rotate_cw', 'edit.rotate_ccw', 'edit.update_property', 'edit.settings', 'edit.theme', 'view.toggle_project_browser', 'view.toggle_library', 'view.toggle_property_panel', 'view.toggle_audit_panel', 'view.reset_layout', 'view.zoom_extents', 'view.zoom_selected', 'tool.select', 'tool.wire', 'tool.move', 'tool.add_generic_device', 'device.create_wizard', 'device.delete_pin', 'tool.measure', 'test.move', 'test.shortcut']
INFO     talustrace.infra:logging.py:74 infra_log file write failed: [Errno 2] No such file or directory: '/tmp/tmp_4p3dqh2/infra_test.log'; original: [DISPATCHER] Registered action: device.create_wizard (registry id=130967243621776) keys now=['edit.add', 'edit.update', '_execute_command', 'file.new', 'file.save', 'file.open', 'file.export_bom', 'file.export_wirelist', 'file.exit', 'edit.undo', 'edit.redo', 'edit.delete', 'edit.rotate_cw', 'edit.rotate_ccw', 'edit.update_property', 'edit.settings', 'edit.theme', 'view.toggle_project_browser', 'view.toggle_library', 'view.toggle_property_panel', 'view.toggle_audit_panel', 'view.reset_layout', 'view.zoom_extents', 'view.zoom_selected', 'tool.select', 'tool.wire', 'tool.move', 'tool.add_generic_device', 'device.create_wizard', 'device.delete_pin', 'tool.measure', 'test.move', 'test.shortcut']
INFO     talustrace.infra:logging.py:74 infra_log file write failed: [Errno 2] No such file or directory: '/tmp/tmp_4p3dqh2/infra_test.log'; original: [DISPATCHER] Registered action: edit.undo (registry id=130967243621776) keys now=['edit.add', 'edit.update', '_execute_command', 'file.new', 'file.save', 'file.open', 'file.export_bom', 'file.export_wirelist', 'file.exit', 'edit.undo', 'edit.redo', 'edit.delete', 'edit.rotate_cw', 'edit.rotate_ccw', 'edit.update_property', 'edit.settings', 'edit.theme', 'view.toggle_project_browser', 'view.toggle_library', 'view.toggle_property_panel', 'view.toggle_audit_panel', 'view.reset_layout', 'view.zoom_extents', 'view.zoom_selected', 'tool.select', 'tool.wire', 'tool.move', 'tool.add_generic_device', 'device.create_wizard', 'device.delete_pin', 'tool.measure', 'test.move', 'test.shortcut']
INFO     talustrace.infra:logging.py:74 infra_log file write failed: [Errno 2] No such file or directory: '/tmp/tmp_4p3dqh2/infra_test.log'; original: [DISPATCHER] Registered action: edit.redo (registry id=130967243621776) keys now=['edit.add', 'edit.update', '_execute_command', 'file.new', 'file.save', 'file.open', 'file.export_bom', 'file.export_wirelist', 'file.exit', 'edit.undo', 'edit.redo', 'edit.delete', 'edit.rotate_cw', 'edit.rotate_ccw', 'edit.update_property', 'edit.settings', 'edit.theme', 'view.toggle_project_browser', 'view.toggle_library', 'view.toggle_property_panel', 'view.toggle_audit_panel', 'view.reset_layout', 'view.zoom_extents', 'view.zoom_selected', 'tool.select', 'tool.wire', 'tool.move', 'tool.add_generic_device', 'device.create_wizard', 'device.delete_pin', 'tool.measure', 'test.move', 'test.shortcut']
INFO     talustrace.infra:logging.py:74 infra_log file write failed: [Errno 2] No such file or directory: '/tmp/tmp_4p3dqh2/infra_test.log'; original: [DISPATCHER] Registered action: tool.measure (registry id=130967243621776) keys now=['edit.add', 'edit.update', '_execute_command', 'file.new', 'file.save', 'file.open', 'file.export_bom', 'file.export_wirelist', 'file.exit', 'edit.undo', 'edit.redo', 'edit.delete', 'edit.rotate_cw', 'edit.rotate_ccw', 'edit.update_property', 'edit.settings', 'edit.theme', 'view.toggle_project_browser', 'view.toggle_library', 'view.toggle_property_panel', 'view.toggle_audit_panel', 'view.reset_layout', 'view.zoom_extents', 'view.zoom_selected', 'tool.select', 'tool.wire', 'tool.move', 'tool.add_generic_device', 'device.create_wizard', 'device.delete_pin', 'tool.measure', 'test.move', 'test.shortcut']
INFO     talustrace.infra:logging.py:74 infra_log file write failed: [Errno 2] No such file or directory: '/tmp/tmp_4p3dqh2/infra_test.log'; original: [APIManager] dispatch called: event_type=model_changed, data={'action': 'add', 'item': Device(id='96dae70f-0c05-4ef9-af42-3df34345ee02', x=10.0, y=20.0, origin_x=0.0, origin_y=0.0, rotation=0.0, meta={'width_mm': 40, 'height_mm': 30}, label=None, pins=[Pin(side=0, x=5, y=5, head=None, tail=None, device_id='96dae70f-0c05-4ef9-af42-3df34345ee02', signal=None, meta={}, id='2cf7966e-faea-4abd-a08d-2a1b29ed16f2', label='TestPin')], library_id=None, revision=0, is_ghost=False, promotion_source_id=None, service_slack_mm=0.0, svg_body=None, internal_routing={})}
INFO     talustrace.infra:logging.py:74 infra_log file write failed: [Errno 2] No such file or directory: '/tmp/tmp_4p3dqh2/infra_test.log'; original: [ProjectBrowser] refresh called with data={'action': 'add', 'item': Device(id='96dae70f-0c05-4ef9-af42-3df34345ee02', x=10.0, y=20.0, origin_x=0.0, origin_y=0.0, rotation=0.0, meta={'width_mm': 40, 'height_mm': 30}, label=None, pins=[Pin(side=0, x=5, y=5, head=None, tail=None, device_id='96dae70f-0c05-4ef9-af42-3df34345ee02', signal=None, meta={}, id='2cf7966e-faea-4abd-a08d-2a1b29ed16f2', label='TestPin')], library_id=None, revision=0, is_ghost=False, promotion_source_id=None, service_slack_mm=0.0, svg_body=None, internal_routing={})}
INFO     talustrace.infra:logging.py:74 infra_log file write failed: [Errno 2] No such file or directory: '/tmp/tmp_4p3dqh2/infra_test.log'; original: [ProjectBrowser] refresh: proceeding to update tree
INFO     talustrace.infra:logging.py:74 infra_log file write failed: [Errno 2] No such file or directory: '/tmp/tmp_4p3dqh2/infra_test.log'; original: [ProjectBrowser] refresh: device in harness.devices: 96dae70f-0c05-4ef9-af42-3df34345ee02
INFO     talustrace.infra:logging.py:74 infra_log file write failed: [Errno 2] No such file or directory: '/tmp/tmp_4p3dqh2/infra_test.log'; original: [DeviceItem] Created DeviceItem for model id=96dae70f-0c05-4ef9-af42-3df34345ee02, obj=Device(id='96dae70f-0c05-4ef9-af42-3df34345ee02', x=10.0, y=20.0, origin_x=0.0, origin_y=0.0, rotation=0.0, meta={'width_mm': 40, 'height_mm': 30}, label=None, pins=[Pin(side=0, x=5, y=5, head=None, tail=None, device_id='96dae70f-0c05-4ef9-af42-3df34345ee02', signal=None, meta={}, id='2cf7966e-faea-4abd-a08d-2a1b29ed16f2', label='TestPin')], library_id=None, revision=0, is_ghost=False, promotion_source_id=None, service_slack_mm=0.0, svg_body=None, internal_routing={}), DeviceItem id=130965604591680
INFO     talustrace.infra:logging.py:74 infra_log file write failed: [Errno 2] No such file or directory: '/tmp/tmp_4p3dqh2/infra_test.log'; original: [PinItem] Created PinItem for model id=2cf7966e-faea-4abd-a08d-2a1b29ed16f2, obj=Pin(side=0, x=5, y=5, head=None, tail=None, device_id='96dae70f-0c05-4ef9-af42-3df34345ee02', signal=None, meta={}, id='2cf7966e-faea-4abd-a08d-2a1b29ed16f2', label='TestPin'), PinItem id=130965604200896, parent=<ui.items.device.DeviceItem(0x1c610550, pos=10,20, z=10, flags=(ItemIsSelectable|ItemSendsGeometryChanges)) at 0x771cce56e840>
INFO     talustrace.infra:logging.py:74 infra_log file write failed: [Errno 2] No such file or directory: '/tmp/tmp_4p3dqh2/infra_test.log'; original: [APIManager] dispatch called: event_type=model_changed, data={'action': 'add', 'item': Pin(side=0, x=5, y=5, head=None, tail=None, device_id='96dae70f-0c05-4ef9-af42-3df34345ee02', signal=None, meta={}, id='2cf7966e-faea-4abd-a08d-2a1b29ed16f2', label='TestPin')}
INFO     talustrace.infra:logging.py:74 infra_log file write failed: [Errno 2] No such file or directory: '/tmp/tmp_4p3dqh2/infra_test.log'; original: [ProjectBrowser] refresh called with data={'action': 'add', 'item': Pin(side=0, x=5, y=5, head=None, tail=None, device_id='96dae70f-0c05-4ef9-af42-3df34345ee02', signal=None, meta={}, id='2cf7966e-faea-4abd-a08d-2a1b29ed16f2', label='TestPin')}
INFO     talustrace.infra:logging.py:74 infra_log file write failed: [Errno 2] No such file or directory: '/tmp/tmp_4p3dqh2/infra_test.log'; original: [ProjectBrowser] refresh: proceeding to update tree
INFO     talustrace.infra:logging.py:74 infra_log file write failed: [Errno 2] No such file or directory: '/tmp/tmp_4p3dqh2/infra_test.log'; original: [ProjectBrowser] refresh: device in harness.devices: 96dae70f-0c05-4ef9-af42-3df34345ee02
INFO     talustrace.infra:logging.py:74 infra_log file write failed: [Errno 2] No such file or directory: '/tmp/tmp_4p3dqh2/infra_test.log'; original: [APIManager] dispatch called: event_type=selection_changed, data={'selection': [Pin(side=0, x=5, y=5, head=None, tail=None, device_id='96dae70f-0c05-4ef9-af42-3df34345ee02', signal=None, meta={}, id='2cf7966e-faea-4abd-a08d-2a1b29ed16f2', label='TestPin')]}
INFO     talustrace.infra:logging.py:74 infra_log file write failed: [Errno 2] No such file or directory: '/tmp/tmp_4p3dqh2/infra_test.log'; original: [APIManager] dispatch called: event_type=model_changed, data={'action': 'update', 'item': Pin(side=0, x=42.0, y=5, head=None, tail=None, device_id='96dae70f-0c05-4ef9-af42-3df34345ee02', signal=None, meta={}, id='2cf7966e-faea-4abd-a08d-2a1b29ed16f2', label='TestPin')}
INFO     talustrace.infra:logging.py:74 infra_log file write failed: [Errno 2] No such file or directory: '/tmp/tmp_4p3dqh2/infra_test.log'; original: [ProjectBrowser] refresh called with data={'action': 'update', 'item': Pin(side=0, x=42.0, y=5, head=None, tail=None, device_id='96dae70f-0c05-4ef9-af42-3df34345ee02', signal=None, meta={}, id='2cf7966e-faea-4abd-a08d-2a1b29ed16f2', label='TestPin')}
INFO     talustrace.infra:logging.py:74 infra_log file write failed: [Errno 2] No such file or directory: '/tmp/tmp_4p3dqh2/infra_test.log'; original: [ProjectBrowser] refresh: skipping for action=update
INFO     talustrace.infra:logging.py:74 infra_log file write failed: [Errno 2] No such file or directory: '/tmp/tmp_4p3dqh2/infra_test.log'; original: [APIManager] dispatch called: event_type=model_changed, data={'action': 'update', 'item': Pin(side=0, x=42.0, y=5, head=None, tail=None, device_id='96dae70f-0c05-4ef9-af42-3df34345ee02', signal=None, meta={}, id='2cf7966e-faea-4abd-a08d-2a1b29ed16f2', label='TestPin')}
INFO     talustrace.infra:logging.py:74 infra_log file write failed: [Errno 2] No such file or directory: '/tmp/tmp_4p3dqh2/infra_test.log'; original: [ProjectBrowser] refresh called with data={'action': 'update', 'item': Pin(side=0, x=42.0, y=5, head=None, tail=None, device_id='96dae70f-0c05-4ef9-af42-3df34345ee02', signal=None, meta={}, id='2cf7966e-faea-4abd-a08d-2a1b29ed16f2', label='TestPin')}
INFO     talustrace.infra:logging.py:74 infra_log file write failed: [Errno 2] No such file or directory: '/tmp/tmp_4p3dqh2/infra_test.log'; original: [ProjectBrowser] refresh: skipping for action=update
INFO     talustrace.infra:logging.py:74 infra_log file write failed: [Errno 2] No such file or directory: '/tmp/tmp_4p3dqh2/infra_test.log'; original: [APIManager] dispatch called: event_type=model_changed, data={'action': 'update', 'item': Pin(side=0, x=42.0, y=99.0, head=None, tail=None, device_id='96dae70f-0c05-4ef9-af42-3df34345ee02', signal=None, meta={}, id='2cf7966e-faea-4abd-a08d-2a1b29ed16f2', label='TestPin')}
INFO     talustrace.infra:logging.py:74 infra_log file write failed: [Errno 2] No such file or directory: '/tmp/tmp_4p3dqh2/infra_test.log'; original: [ProjectBrowser] refresh called with data={'action': 'update', 'item': Pin(side=0, x=42.0, y=99.0, head=None, tail=None, device_id='96dae70f-0c05-4ef9-af42-3df34345ee02', signal=None, meta={}, id='2cf7966e-faea-4abd-a08d-2a1b29ed16f2', label='TestPin')}
INFO     talustrace.infra:logging.py:74 infra_log file write failed: [Errno 2] No such file or directory: '/tmp/tmp_4p3dqh2/infra_test.log'; original: [ProjectBrowser] refresh: skipping for action=update
INFO     talustrace.infra:logging.py:74 infra_log file write failed: [Errno 2] No such file or directory: '/tmp/tmp_4p3dqh2/infra_test.log'; original: [APIManager] dispatch called: event_type=model_changed, data={'action': 'update', 'item': Pin(side=0, x=42.0, y=99.0, head=None, tail=None, device_id='96dae70f-0c05-4ef9-af42-3df34345ee02', signal=None, meta={}, id='2cf7966e-faea-4abd-a08d-2a1b29ed16f2', label='TestPin')}
INFO     talustrace.infra:logging.py:74 infra_log file write failed: [Errno 2] No such file or directory: '/tmp/tmp_4p3dqh2/infra_test.log'; original: [ProjectBrowser] refresh called with data={'action': 'update', 'item': Pin(side=0, x=42.0, y=99.0, head=None, tail=None, device_id='96dae70f-0c05-4ef9-af42-3df34345ee02', signal=None, meta={}, id='2cf7966e-faea-4abd-a08d-2a1b29ed16f2', label='TestPin')}
INFO     talustrace.infra:logging.py:74 infra_log file write failed: [Errno 2] No such file or directory: '/tmp/tmp_4p3dqh2/infra_test.log'; original: [ProjectBrowser] refresh: skipping for action=update
________________ test_move_tool_calculates_delta_and_calls_api _________________

clean_api_singleton = <api.manager.APIManager object at 0x771cce4eb7d0>

    def test_move_tool_calculates_delta_and_calls_api(clean_api_singleton):
        """
        Verifies that the MoveTool:
        1. Updates the device model DIRECTLY during the drag (Real-time sync).
        2. Pushes a MoveCommand to the UndoStack on release.
        """
        # 1. Setup
        api = clean_api_singleton
        api.context.undo_stack.clear()
    
        # Create a dummy device
        import uuid
        device = Device(id=str(uuid.uuid4()), x=0.0, y=0.0)
        from core.harness import DeviceList
        with DeviceList.test_bypass():
            api.context.harness.devices.append(device)
    
        # Initialize Tool
        tool = MoveTool()
    
        # Create a mock QGraphicsItem wrapper for the device
        mock_item = make_mock_graphics_item_for_device(device)
    
        # 2. Simulate Drag: (0,0) -> (10, 10)
    
        # PRESS
        evt_press = MagicMock()
        evt_press.scene_pos = QPointF(0, 0)
        evt_press.button.return_value = Qt.LeftButton
        tool.start_drag(mock_item, QPointF(0, 0))
    
        # Verify dragging started
        assert tool.is_dragging is True, "MoveTool failed to enter drag state on press."
    
        # MOVE
        evt_move = MagicMock()
        evt_move.scene_pos = QPointF(10, 10)
        evt_move.buttons.return_value = Qt.LeftButton
        tool.update_drag(QPointF(10, 10))
    
        # 3. Assert Real-Time Model Update (The bundling logic)
        # The tool should have called APIManager.move_device, which updates device.x/y
>       assert device.x == 10.0, f"Real-time update failed. Expected x=10.0, got {device.x}"
E       AssertionError: Real-time update failed. Expected x=10.0, got 0.0
E       assert 0.0 == 10.0
E        +  where 0.0 = Device(id='bc0769e1-ae7c-470c-bbcc-c9e2a573aff6', x=0.0, y=0.0, origin_x=0.0, origin_y=0.0, rotation=0.0, meta={}, lab...d=None, revision=0, is_ghost=False, promotion_source_id=None, service_slack_mm=0.0, svg_body=None, internal_routing={}).x

tests/tools/test_tool_move_headless.py:59: AssertionError
---------------------------- Captured stdout setup -----------------------------
[infra_log] Writing to log_path: /tmp/tmp_4p3dqh2/infra_test.log
[infra_log] Exception writing to /tmp/tmp_4p3dqh2/infra_test.log: [Errno 2] No such file or directory: '/tmp/tmp_4p3dqh2/infra_test.log'
[infra_log] Writing to log_path: /tmp/tmp_4p3dqh2/infra_test.log
[infra_log] Exception writing to /tmp/tmp_4p3dqh2/infra_test.log: [Errno 2] No such file or directory: '/tmp/tmp_4p3dqh2/infra_test.log'
[infra_log] Writing to log_path: /tmp/tmp_4p3dqh2/infra_test.log
[infra_log] Exception writing to /tmp/tmp_4p3dqh2/infra_test.log: [Errno 2] No such file or directory: '/tmp/tmp_4p3dqh2/infra_test.log'
[infra_log] Writing to log_path: /tmp/tmp_4p3dqh2/infra_test.log
[infra_log] Exception writing to /tmp/tmp_4p3dqh2/infra_test.log: [Errno 2] No such file or directory: '/tmp/tmp_4p3dqh2/infra_test.log'
[infra_log] Writing to log_path: /tmp/tmp_4p3dqh2/infra_test.log
[infra_log] Exception writing to /tmp/tmp_4p3dqh2/infra_test.log: [Errno 2] No such file or directory: '/tmp/tmp_4p3dqh2/infra_test.log'
---------------------------- Captured stderr setup -----------------------------
2026-01-27 09:00:06,543 [INFO] talustrace.infra: infra_log file write failed: [Errno 2] No such file or directory: '/tmp/tmp_4p3dqh2/infra_test.log'; original: [DEBUG] register_device_command_actions: dispatcher_registry id=130967243621776 before registration, keys=['edit.add', 'edit.update', '_execute_command', 'file.new', 'file.save', 'file.open', 'file.export_bom', 'file.export_wirelist', 'file.exit', 'edit.undo', 'edit.redo', 'edit.delete', 'edit.rotate_cw', 'edit.rotate_ccw', 'edit.update_property', 'edit.settings', 'edit.theme', 'view.toggle_project_browser', 'view.toggle_library', 'view.toggle_property_panel', 'view.toggle_audit_panel', 'view.reset_layout', 'view.zoom_extents', 'view.zoom_selected', 'tool.select', 'tool.wire', 'tool.move', 'tool.add_generic_device', 'device.create_wizard', 'device.delete_pin', 'tool.measure', 'test.move', 'test.shortcut']
2026-01-27 09:00:06,543 [INFO] talustrace.infra: infra_log file write failed: [Errno 2] No such file or directory: '/tmp/tmp_4p3dqh2/infra_test.log'; original: [DISPATCHER] Registered action: edit.delete (registry id=130967243621776) keys now=['edit.add', 'edit.update', '_execute_command', 'file.new', 'file.save', 'file.open', 'file.export_bom', 'file.export_wirelist', 'file.exit', 'edit.undo', 'edit.redo', 'edit.delete', 'edit.rotate_cw', 'edit.rotate_ccw', 'edit.update_property', 'edit.settings', 'edit.theme', 'view.toggle_project_browser', 'view.toggle_library', 'view.toggle_property_panel', 'view.toggle_audit_panel', 'view.reset_layout', 'view.zoom_extents', 'view.zoom_selected', 'tool.select', 'tool.wire', 'tool.move', 'tool.add_generic_device', 'device.create_wizard', 'device.delete_pin', 'tool.measure', 'test.move', 'test.shortcut']
2026-01-27 09:00:06,543 [INFO] talustrace.infra: infra_log file write failed: [Errno 2] No such file or directory: '/tmp/tmp_4p3dqh2/infra_test.log'; original: [DISPATCHER] Registered action: edit.add (registry id=130967243621776) keys now=['edit.add', 'edit.update', '_execute_command', 'file.new', 'file.save', 'file.open', 'file.export_bom', 'file.export_wirelist', 'file.exit', 'edit.undo', 'edit.redo', 'edit.delete', 'edit.rotate_cw', 'edit.rotate_ccw', 'edit.update_property', 'edit.settings', 'edit.theme', 'view.toggle_project_browser', 'view.toggle_library', 'view.toggle_property_panel', 'view.toggle_audit_panel', 'view.reset_layout', 'view.zoom_extents', 'view.zoom_selected', 'tool.select', 'tool.wire', 'tool.move', 'tool.add_generic_device', 'device.create_wizard', 'device.delete_pin', 'tool.measure', 'test.move', 'test.shortcut']
2026-01-27 09:00:06,543 [INFO] talustrace.infra: infra_log file write failed: [Errno 2] No such file or directory: '/tmp/tmp_4p3dqh2/infra_test.log'; original: [DISPATCHER] Registered action: edit.update (registry id=130967243621776) keys now=['edit.add', 'edit.update', '_execute_command', 'file.new', 'file.save', 'file.open', 'file.export_bom', 'file.export_wirelist', 'file.exit', 'edit.undo', 'edit.redo', 'edit.delete', 'edit.rotate_cw', 'edit.rotate_ccw', 'edit.update_property', 'edit.settings', 'edit.theme', 'view.toggle_project_browser', 'view.toggle_library', 'view.toggle_property_panel', 'view.toggle_audit_panel', 'view.reset_layout', 'view.zoom_extents', 'view.zoom_selected', 'tool.select', 'tool.wire', 'tool.move', 'tool.add_generic_device', 'device.create_wizard', 'device.delete_pin', 'tool.measure', 'test.move', 'test.shortcut']
2026-01-27 09:00:06,543 [INFO] talustrace.infra: infra_log file write failed: [Errno 2] No such file or directory: '/tmp/tmp_4p3dqh2/infra_test.log'; original: [DEBUG] register_device_command_actions: dispatcher_registry id=130967243621776 after registration, keys=['edit.add', 'edit.update', '_execute_command', 'file.new', 'file.save', 'file.open', 'file.export_bom', 'file.export_wirelist', 'file.exit', 'edit.undo', 'edit.redo', 'edit.delete', 'edit.rotate_cw', 'edit.rotate_ccw', 'edit.update_property', 'edit.settings', 'edit.theme', 'view.toggle_project_browser', 'view.toggle_library', 'view.toggle_property_panel', 'view.toggle_audit_panel', 'view.reset_layout', 'view.zoom_extents', 'view.zoom_selected', 'tool.select', 'tool.wire', 'tool.move', 'tool.add_generic_device', 'device.create_wizard', 'device.delete_pin', 'tool.measure', 'test.move', 'test.shortcut']
------------------------------ Captured log setup ------------------------------
INFO     talustrace.infra:logging.py:74 infra_log file write failed: [Errno 2] No such file or directory: '/tmp/tmp_4p3dqh2/infra_test.log'; original: [DEBUG] register_device_command_actions: dispatcher_registry id=130967243621776 before registration, keys=['edit.add', 'edit.update', '_execute_command', 'file.new', 'file.save', 'file.open', 'file.export_bom', 'file.export_wirelist', 'file.exit', 'edit.undo', 'edit.redo', 'edit.delete', 'edit.rotate_cw', 'edit.rotate_ccw', 'edit.update_property', 'edit.settings', 'edit.theme', 'view.toggle_project_browser', 'view.toggle_library', 'view.toggle_property_panel', 'view.toggle_audit_panel', 'view.reset_layout', 'view.zoom_extents', 'view.zoom_selected', 'tool.select', 'tool.wire', 'tool.move', 'tool.add_generic_device', 'device.create_wizard', 'device.delete_pin', 'tool.measure', 'test.move', 'test.shortcut']
INFO     talustrace.infra:logging.py:74 infra_log file write failed: [Errno 2] No such file or directory: '/tmp/tmp_4p3dqh2/infra_test.log'; original: [DISPATCHER] Registered action: edit.delete (registry id=130967243621776) keys now=['edit.add', 'edit.update', '_execute_command', 'file.new', 'file.save', 'file.open', 'file.export_bom', 'file.export_wirelist', 'file.exit', 'edit.undo', 'edit.redo', 'edit.delete', 'edit.rotate_cw', 'edit.rotate_ccw', 'edit.update_property', 'edit.settings', 'edit.theme', 'view.toggle_project_browser', 'view.toggle_library', 'view.toggle_property_panel', 'view.toggle_audit_panel', 'view.reset_layout', 'view.zoom_extents', 'view.zoom_selected', 'tool.select', 'tool.wire', 'tool.move', 'tool.add_generic_device', 'device.create_wizard', 'device.delete_pin', 'tool.measure', 'test.move', 'test.shortcut']
INFO     talustrace.infra:logging.py:74 infra_log file write failed: [Errno 2] No such file or directory: '/tmp/tmp_4p3dqh2/infra_test.log'; original: [DISPATCHER] Registered action: edit.add (registry id=130967243621776) keys now=['edit.add', 'edit.update', '_execute_command', 'file.new', 'file.save', 'file.open', 'file.export_bom', 'file.export_wirelist', 'file.exit', 'edit.undo', 'edit.redo', 'edit.delete', 'edit.rotate_cw', 'edit.rotate_ccw', 'edit.update_property', 'edit.settings', 'edit.theme', 'view.toggle_project_browser', 'view.toggle_library', 'view.toggle_property_panel', 'view.toggle_audit_panel', 'view.reset_layout', 'view.zoom_extents', 'view.zoom_selected', 'tool.select', 'tool.wire', 'tool.move', 'tool.add_generic_device', 'device.create_wizard', 'device.delete_pin', 'tool.measure', 'test.move', 'test.shortcut']
INFO     talustrace.infra:logging.py:74 infra_log file write failed: [Errno 2] No such file or directory: '/tmp/tmp_4p3dqh2/infra_test.log'; original: [DISPATCHER] Registered action: edit.update (registry id=130967243621776) keys now=['edit.add', 'edit.update', '_execute_command', 'file.new', 'file.save', 'file.open', 'file.export_bom', 'file.export_wirelist', 'file.exit', 'edit.undo', 'edit.redo', 'edit.delete', 'edit.rotate_cw', 'edit.rotate_ccw', 'edit.update_property', 'edit.settings', 'edit.theme', 'view.toggle_project_browser', 'view.toggle_library', 'view.toggle_property_panel', 'view.toggle_audit_panel', 'view.reset_layout', 'view.zoom_extents', 'view.zoom_selected', 'tool.select', 'tool.wire', 'tool.move', 'tool.add_generic_device', 'device.create_wizard', 'device.delete_pin', 'tool.measure', 'test.move', 'test.shortcut']
INFO     talustrace.infra:logging.py:74 infra_log file write failed: [Errno 2] No such file or directory: '/tmp/tmp_4p3dqh2/infra_test.log'; original: [DEBUG] register_device_command_actions: dispatcher_registry id=130967243621776 after registration, keys=['edit.add', 'edit.update', '_execute_command', 'file.new', 'file.save', 'file.open', 'file.export_bom', 'file.export_wirelist', 'file.exit', 'edit.undo', 'edit.redo', 'edit.delete', 'edit.rotate_cw', 'edit.rotate_ccw', 'edit.update_property', 'edit.settings', 'edit.theme', 'view.toggle_project_browser', 'view.toggle_library', 'view.toggle_property_panel', 'view.toggle_audit_panel', 'view.reset_layout', 'view.zoom_extents', 'view.zoom_selected', 'tool.select', 'tool.wire', 'tool.move', 'tool.add_generic_device', 'device.create_wizard', 'device.delete_pin', 'tool.measure', 'test.move', 'test.shortcut']
________________________ test_move_tool_mvc_compliance _________________________

api_and_tool = (<api.manager.APIManager object at 0x771cce4d46d0>, <tools.move_tool.MoveTool object at 0x771cce5fbda0>)

    def test_move_tool_mvc_compliance(api_and_tool):
        api, tool = api_and_tool
        api.context.undo_stack.clear()
        import uuid
        device = Device(id=str(uuid.uuid4()), x=0.0, y=0.0)
        from core.harness import DeviceList
        with DeviceList.test_bypass():
            api.context.harness.devices.append(device)
        mock_item = MagicMock()
        mock_item.model = device
        mock_item.parentItem.return_value = None
        mock_item.setPos = MagicMock()
        # Subscribe to model_changed and call setPos when device moves
        def on_model_changed(data):
            item = data.get('item', None)
            if item and hasattr(item, 'id') and item.id == device.id:
                mock_item.setPos(QPointF(device.x, device.y))
        api.subscribe(on_model_changed)
        api.register_scene_item(device.id, mock_item)
        # Set initial drag position for mock item (test compatibility)
        mock_item._drag_initial_pos = (0.0, 0.0)
        input_system = api.input_system
        # Inject MoveTool for test compliance
        input_system._move_tool = tool
        # Pre-select the device so drag will be triggered
        api.select([device.id])
        # Patch setPos to ensure it's only called during model_changed
        with patch.object(mock_item, 'setPos', wraps=mock_item.setPos) as setpos_patch, \
             patch.object(api, 'move_device', wraps=api.move_device) as move_patch, \
             patch.object(api, 'dispatch', wraps=api.dispatch) as dispatch_patch:
            # Simulate drag via InputSystem
            evt_press = MagicMock()
            evt_press.type.return_value = 2  # QEvent.MouseButtonPress
            event_obj_press = MagicMock()
            event_obj_press.original_event = evt_press
            event_obj_press.scene_item = mock_item
            event_obj_press.scene_pos = QPointF(0, 0)
            input_system.handle_canvas_event(event_obj_press)
    
            evt_move = MagicMock()
            evt_move.type.return_value = 5  # QEvent.MouseMove
            event_obj_move = MagicMock()
            event_obj_move.original_event = evt_move
            event_obj_move.scene_item = mock_item
            event_obj_move.scene_pos = QPointF(10, 10)
            input_system.handle_canvas_event(event_obj_move)
    
            evt_release = MagicMock()
            evt_release.type.return_value = 3  # QEvent.MouseButtonRelease
            event_obj_release = MagicMock()
            event_obj_release.original_event = evt_release
            event_obj_release.scene_item = mock_item
            event_obj_release.scene_pos = QPointF(10, 10)
            input_system.handle_canvas_event(event_obj_release)
    
            # Assert APIManager.move_device was called with device.id
            move_patch.assert_called_with(device.id, 10.0, 10.0, commit=True)
            # Assert device position updated
            assert device.x == 10.0 and device.y == 10.0
            # Assert scene item position updated
            mock_item.setPos.assert_called_with(QPointF(10.0, 10.0))
            # Assert undo stack contains MoveCommand
            assert len(api.context.undo_stack) == 1
            cmd = api.context.undo_stack._undo_stack[0]
            from api.commands.move import MoveCommand
            assert isinstance(cmd, MoveCommand), f"Undo stack did not contain MoveCommand, got {type(cmd)}"
            assert cmd.new_pos == (10.0, 10.0)
            assert any('model_changed' in str(call) for call in dispatch_patch.call_args_list)
            # Undo/redo
            cmd = api.context.undo_stack._undo_stack[0]
            cmd.undo()
            assert device.x == 0.0 and device.y == 0.0
>           mock_item.setPos.assert_any_call(QPointF(0.0, 0.0))

tests/tools/test_tool_move_mvc.py:88: 
_ _ _ _ _ _ _ _ _ _ _ _ _ _ _ _ _ _ _ _ _ _ _ _ _ _ _ _ _ _ _ _ _ _ _ _ _ _ _ _ 

self = <MagicMock name='setPos' id='130965605412080'>
args = (PySide6.QtCore.QPointF(0.000000, 0.000000),), kwargs = {}
expected = call(PySide6.QtCore.QPointF(0.000000, 0.000000)), cause = None
actual = [call(PySide6.QtCore.QPointF(10.000000, 10.000000))]
expected_string = 'setPos(PySide6.QtCore.QPointF(0.000000, 0.000000))'

    def assert_any_call(self, /, *args, **kwargs):
        """assert the mock has been called with the specified arguments.
    
        The assert passes if the mock has *ever* been called, unlike
        `assert_called_with` and `assert_called_once_with` that only pass if
        the call is the most recent one."""
        expected = self._call_matcher(_Call((args, kwargs), two=True))
        cause = expected if isinstance(expected, Exception) else None
        actual = [self._call_matcher(c) for c in self.call_args_list]
        if cause or expected not in _AnyComparer(actual):
            expected_string = self._format_mock_call_signature(args, kwargs)
>           raise AssertionError(
                '%s call not found' % expected_string
            ) from cause
E           AssertionError: setPos(PySide6.QtCore.QPointF(0.000000, 0.000000)) call not found

/usr/lib/python3.13/unittest/mock.py:1050: AssertionError
---------------------------- Captured stdout setup -----------------------------
[infra_log] Writing to log_path: /tmp/tmp_4p3dqh2/infra_test.log
[infra_log] Exception writing to /tmp/tmp_4p3dqh2/infra_test.log: [Errno 2] No such file or directory: '/tmp/tmp_4p3dqh2/infra_test.log'
[infra_log] Writing to log_path: /tmp/tmp_4p3dqh2/infra_test.log
[infra_log] Exception writing to /tmp/tmp_4p3dqh2/infra_test.log: [Errno 2] No such file or directory: '/tmp/tmp_4p3dqh2/infra_test.log'
[infra_log] Writing to log_path: /tmp/tmp_4p3dqh2/infra_test.log
[infra_log] Exception writing to /tmp/tmp_4p3dqh2/infra_test.log: [Errno 2] No such file or directory: '/tmp/tmp_4p3dqh2/infra_test.log'
[infra_log] Writing to log_path: /tmp/tmp_4p3dqh2/infra_test.log
[infra_log] Exception writing to /tmp/tmp_4p3dqh2/infra_test.log: [Errno 2] No such file or directory: '/tmp/tmp_4p3dqh2/infra_test.log'
[infra_log] Writing to log_path: /tmp/tmp_4p3dqh2/infra_test.log
[infra_log] Exception writing to /tmp/tmp_4p3dqh2/infra_test.log: [Errno 2] No such file or directory: '/tmp/tmp_4p3dqh2/infra_test.log'
---------------------------- Captured stderr setup -----------------------------
2026-01-27 09:00:06,559 [INFO] talustrace.infra: infra_log file write failed: [Errno 2] No such file or directory: '/tmp/tmp_4p3dqh2/infra_test.log'; original: [DEBUG] register_device_command_actions: dispatcher_registry id=130967243621776 before registration, keys=['edit.add', 'edit.update', '_execute_command', 'file.new', 'file.save', 'file.open', 'file.export_bom', 'file.export_wirelist', 'file.exit', 'edit.undo', 'edit.redo', 'edit.delete', 'edit.rotate_cw', 'edit.rotate_ccw', 'edit.update_property', 'edit.settings', 'edit.theme', 'view.toggle_project_browser', 'view.toggle_library', 'view.toggle_property_panel', 'view.toggle_audit_panel', 'view.reset_layout', 'view.zoom_extents', 'view.zoom_selected', 'tool.select', 'tool.wire', 'tool.move', 'tool.add_generic_device', 'device.create_wizard', 'device.delete_pin', 'tool.measure', 'test.move', 'test.shortcut']
2026-01-27 09:00:06,559 [INFO] talustrace.infra: infra_log file write failed: [Errno 2] No such file or directory: '/tmp/tmp_4p3dqh2/infra_test.log'; original: [DISPATCHER] Registered action: edit.delete (registry id=130967243621776) keys now=['edit.add', 'edit.update', '_execute_command', 'file.new', 'file.save', 'file.open', 'file.export_bom', 'file.export_wirelist', 'file.exit', 'edit.undo', 'edit.redo', 'edit.delete', 'edit.rotate_cw', 'edit.rotate_ccw', 'edit.update_property', 'edit.settings', 'edit.theme', 'view.toggle_project_browser', 'view.toggle_library', 'view.toggle_property_panel', 'view.toggle_audit_panel', 'view.reset_layout', 'view.zoom_extents', 'view.zoom_selected', 'tool.select', 'tool.wire', 'tool.move', 'tool.add_generic_device', 'device.create_wizard', 'device.delete_pin', 'tool.measure', 'test.move', 'test.shortcut']
2026-01-27 09:00:06,559 [INFO] talustrace.infra: infra_log file write failed: [Errno 2] No such file or directory: '/tmp/tmp_4p3dqh2/infra_test.log'; original: [DISPATCHER] Registered action: edit.add (registry id=130967243621776) keys now=['edit.add', 'edit.update', '_execute_command', 'file.new', 'file.save', 'file.open', 'file.export_bom', 'file.export_wirelist', 'file.exit', 'edit.undo', 'edit.redo', 'edit.delete', 'edit.rotate_cw', 'edit.rotate_ccw', 'edit.update_property', 'edit.settings', 'edit.theme', 'view.toggle_project_browser', 'view.toggle_library', 'view.toggle_property_panel', 'view.toggle_audit_panel', 'view.reset_layout', 'view.zoom_extents', 'view.zoom_selected', 'tool.select', 'tool.wire', 'tool.move', 'tool.add_generic_device', 'device.create_wizard', 'device.delete_pin', 'tool.measure', 'test.move', 'test.shortcut']
2026-01-27 09:00:06,559 [INFO] talustrace.infra: infra_log file write failed: [Errno 2] No such file or directory: '/tmp/tmp_4p3dqh2/infra_test.log'; original: [DISPATCHER] Registered action: edit.update (registry id=130967243621776) keys now=['edit.add', 'edit.update', '_execute_command', 'file.new', 'file.save', 'file.open', 'file.export_bom', 'file.export_wirelist', 'file.exit', 'edit.undo', 'edit.redo', 'edit.delete', 'edit.rotate_cw', 'edit.rotate_ccw', 'edit.update_property', 'edit.settings', 'edit.theme', 'view.toggle_project_browser', 'view.toggle_library', 'view.toggle_property_panel', 'view.toggle_audit_panel', 'view.reset_layout', 'view.zoom_extents', 'view.zoom_selected', 'tool.select', 'tool.wire', 'tool.move', 'tool.add_generic_device', 'device.create_wizard', 'device.delete_pin', 'tool.measure', 'test.move', 'test.shortcut']
2026-01-27 09:00:06,559 [INFO] talustrace.infra: infra_log file write failed: [Errno 2] No such file or directory: '/tmp/tmp_4p3dqh2/infra_test.log'; original: [DEBUG] register_device_command_actions: dispatcher_registry id=130967243621776 after registration, keys=['edit.add', 'edit.update', '_execute_command', 'file.new', 'file.save', 'file.open', 'file.export_bom', 'file.export_wirelist', 'file.exit', 'edit.undo', 'edit.redo', 'edit.delete', 'edit.rotate_cw', 'edit.rotate_ccw', 'edit.update_property', 'edit.settings', 'edit.theme', 'view.toggle_project_browser', 'view.toggle_library', 'view.toggle_property_panel', 'view.toggle_audit_panel', 'view.reset_layout', 'view.zoom_extents', 'view.zoom_selected', 'tool.select', 'tool.wire', 'tool.move', 'tool.add_generic_device', 'device.create_wizard', 'device.delete_pin', 'tool.measure', 'test.move', 'test.shortcut']
------------------------------ Captured log setup ------------------------------
INFO     talustrace.infra:logging.py:74 infra_log file write failed: [Errno 2] No such file or directory: '/tmp/tmp_4p3dqh2/infra_test.log'; original: [DEBUG] register_device_command_actions: dispatcher_registry id=130967243621776 before registration, keys=['edit.add', 'edit.update', '_execute_command', 'file.new', 'file.save', 'file.open', 'file.export_bom', 'file.export_wirelist', 'file.exit', 'edit.undo', 'edit.redo', 'edit.delete', 'edit.rotate_cw', 'edit.rotate_ccw', 'edit.update_property', 'edit.settings', 'edit.theme', 'view.toggle_project_browser', 'view.toggle_library', 'view.toggle_property_panel', 'view.toggle_audit_panel', 'view.reset_layout', 'view.zoom_extents', 'view.zoom_selected', 'tool.select', 'tool.wire', 'tool.move', 'tool.add_generic_device', 'device.create_wizard', 'device.delete_pin', 'tool.measure', 'test.move', 'test.shortcut']
INFO     talustrace.infra:logging.py:74 infra_log file write failed: [Errno 2] No such file or directory: '/tmp/tmp_4p3dqh2/infra_test.log'; original: [DISPATCHER] Registered action: edit.delete (registry id=130967243621776) keys now=['edit.add', 'edit.update', '_execute_command', 'file.new', 'file.save', 'file.open', 'file.export_bom', 'file.export_wirelist', 'file.exit', 'edit.undo', 'edit.redo', 'edit.delete', 'edit.rotate_cw', 'edit.rotate_ccw', 'edit.update_property', 'edit.settings', 'edit.theme', 'view.toggle_project_browser', 'view.toggle_library', 'view.toggle_property_panel', 'view.toggle_audit_panel', 'view.reset_layout', 'view.zoom_extents', 'view.zoom_selected', 'tool.select', 'tool.wire', 'tool.move', 'tool.add_generic_device', 'device.create_wizard', 'device.delete_pin', 'tool.measure', 'test.move', 'test.shortcut']
INFO     talustrace.infra:logging.py:74 infra_log file write failed: [Errno 2] No such file or directory: '/tmp/tmp_4p3dqh2/infra_test.log'; original: [DISPATCHER] Registered action: edit.add (registry id=130967243621776) keys now=['edit.add', 'edit.update', '_execute_command', 'file.new', 'file.save', 'file.open', 'file.export_bom', 'file.export_wirelist', 'file.exit', 'edit.undo', 'edit.redo', 'edit.delete', 'edit.rotate_cw', 'edit.rotate_ccw', 'edit.update_property', 'edit.settings', 'edit.theme', 'view.toggle_project_browser', 'view.toggle_library', 'view.toggle_property_panel', 'view.toggle_audit_panel', 'view.reset_layout', 'view.zoom_extents', 'view.zoom_selected', 'tool.select', 'tool.wire', 'tool.move', 'tool.add_generic_device', 'device.create_wizard', 'device.delete_pin', 'tool.measure', 'test.move', 'test.shortcut']
INFO     talustrace.infra:logging.py:74 infra_log file write failed: [Errno 2] No such file or directory: '/tmp/tmp_4p3dqh2/infra_test.log'; original: [DISPATCHER] Registered action: edit.update (registry id=130967243621776) keys now=['edit.add', 'edit.update', '_execute_command', 'file.new', 'file.save', 'file.open', 'file.export_bom', 'file.export_wirelist', 'file.exit', 'edit.undo', 'edit.redo', 'edit.delete', 'edit.rotate_cw', 'edit.rotate_ccw', 'edit.update_property', 'edit.settings', 'edit.theme', 'view.toggle_project_browser', 'view.toggle_library', 'view.toggle_property_panel', 'view.toggle_audit_panel', 'view.reset_layout', 'view.zoom_extents', 'view.zoom_selected', 'tool.select', 'tool.wire', 'tool.move', 'tool.add_generic_device', 'device.create_wizard', 'device.delete_pin', 'tool.measure', 'test.move', 'test.shortcut']
INFO     talustrace.infra:logging.py:74 infra_log file write failed: [Errno 2] No such file or directory: '/tmp/tmp_4p3dqh2/infra_test.log'; original: [DEBUG] register_device_command_actions: dispatcher_registry id=130967243621776 after registration, keys=['edit.add', 'edit.update', '_execute_command', 'file.new', 'file.save', 'file.open', 'file.export_bom', 'file.export_wirelist', 'file.exit', 'edit.undo', 'edit.redo', 'edit.delete', 'edit.rotate_cw', 'edit.rotate_ccw', 'edit.update_property', 'edit.settings', 'edit.theme', 'view.toggle_project_browser', 'view.toggle_library', 'view.toggle_property_panel', 'view.toggle_audit_panel', 'view.reset_layout', 'view.zoom_extents', 'view.zoom_selected', 'tool.select', 'tool.wire', 'tool.move', 'tool.add_generic_device', 'device.create_wizard', 'device.delete_pin', 'tool.measure', 'test.move', 'test.shortcut']
----------------------------- Captured stdout call -----------------------------
[SELECTION][set_selection] Setting selection: ['066661d5-bfa3-4d86-8b04-07773f20cad2']
[SELECTION][set_selection] Previous selection: ['dde51e81-ce5c-4187-b2ff-00c962acb761']
[SELECTION][set_selection] selected_models: ['066661d5-bfa3-4d86-8b04-07773f20cad2']
[SELECTION][set_selection] Call stack:
[SELECTION][_notify] Notifying listeners. selected_models: ['066661d5-bfa3-4d86-8b04-07773f20cad2']
[SELECTION][_notify] Dispatching 'selection_changed' via APIManager. selected_models: ['066661d5-bfa3-4d86-8b04-07773f20cad2']
[infra_log] Writing to log_path: /tmp/tmp_4p3dqh2/infra_test.log
[infra_log] Exception writing to /tmp/tmp_4p3dqh2/infra_test.log: [Errno 2] No such file or directory: '/tmp/tmp_4p3dqh2/infra_test.log'
[infra_log] Writing to log_path: /tmp/tmp_4p3dqh2/infra_test.log
[infra_log] Exception writing to /tmp/tmp_4p3dqh2/infra_test.log: [Errno 2] No such file or directory: '/tmp/tmp_4p3dqh2/infra_test.log'
[infra_log] Writing to log_path: /tmp/tmp_4p3dqh2/infra_test.log
[infra_log] Exception writing to /tmp/tmp_4p3dqh2/infra_test.log: [Errno 2] No such file or directory: '/tmp/tmp_4p3dqh2/infra_test.log'
[infra_log] Writing to log_path: /tmp/tmp_4p3dqh2/infra_test.log
[infra_log] Exception writing to /tmp/tmp_4p3dqh2/infra_test.log: [Errno 2] No such file or directory: '/tmp/tmp_4p3dqh2/infra_test.log'
[infra_log] Writing to log_path: /tmp/tmp_4p3dqh2/infra_test.log
[infra_log] Exception writing to /tmp/tmp_4p3dqh2/infra_test.log: [Errno 2] No such file or directory: '/tmp/tmp_4p3dqh2/infra_test.log'
----------------------------- Captured stderr call -----------------------------
  File "/home/dworth/Dropbox/Bronco II/talustrace/venv/lib/python3.13/site-packages/pluggy/_manager.py", line 120, in _hookexec
    return self._inner_hookexec(hook_name, methods, kwargs, firstresult)
  File "/home/dworth/Dropbox/Bronco II/talustrace/venv/lib/python3.13/site-packages/pluggy/_callers.py", line 121, in _multicall
    res = hook_impl.function(*args)
  File "/home/dworth/Dropbox/Bronco II/talustrace/venv/lib/python3.13/site-packages/_pytest/python.py", line 166, in pytest_pyfunc_call
    result = testfunction(**testargs)
  File "/home/dworth/Dropbox/Bronco II/talustrace/tests/tools/test_tool_move_mvc.py", line 41, in test_move_tool_mvc_compliance
    api.select([device.id])
  File "/home/dworth/Dropbox/Bronco II/talustrace/api/manager.py", line 660, in select
    mgr.set_selection(models)
  File "/home/dworth/Dropbox/Bronco II/talustrace/core/selection.py", line 77, in set_selection
    traceback.print_stack(limit=6)
2026-01-27 09:00:06,564 [INFO] talustrace.infra: infra_log file write failed: [Errno 2] No such file or directory: '/tmp/tmp_4p3dqh2/infra_test.log'; original: [APIManager] dispatch called: event_type=selection_changed, data={'selection': [Device(id='066661d5-bfa3-4d86-8b04-07773f20cad2', x=0.0, y=0.0, origin_x=0.0, origin_y=0.0, rotation=0.0, meta={}, label=None, pins=[], library_id=None, revision=0, is_ghost=False, promotion_source_id=None, service_slack_mm=0.0, svg_body=None, internal_routing={})]}
2026-01-27 09:00:06,565 [INFO] talustrace.infra: infra_log file write failed: [Errno 2] No such file or directory: '/tmp/tmp_4p3dqh2/infra_test.log'; original: [APIManager] dispatch called: event_type=selection_changed, data={'selection': [Device(id='066661d5-bfa3-4d86-8b04-07773f20cad2', x=0.0, y=0.0, origin_x=0.0, origin_y=0.0, rotation=0.0, meta={}, label=None, pins=[], library_id=None, revision=0, is_ghost=False, promotion_source_id=None, service_slack_mm=0.0, svg_body=None, internal_routing={})], 'tool': None, 'device_dict': {'id': '066661d5-bfa3-4d86-8b04-07773f20cad2', 'x': 0.0, 'y': 0.0, 'origin_x': 0.0, 'origin_y': 0.0, 'rotation': 0.0, 'meta': {}, 'label': None, 'library_id': None, 'pins': [], 'service_slack_mm': 0.0, 'revision': 0, 'is_ghost': False, 'promotion_source_id': None, 'svg_body': None, 'internal_routing': {}}}
[DEBUG][handle_canvas_event] EVENT TYPE: 2 (MagicMock)
[DEBUG][handle_canvas_event] BEFORE itemAt: item=<MagicMock name='mock.scene_item' id='130965605412752'>, scene_pos=PySide6.QtCore.QPointF(0.000000, 0.000000)
[DEBUG][handle_canvas_event] has main_window=True, has canvas=False
[DEBUG][handle_canvas_event] EVENT TYPE: 5 (MagicMock)
[DEBUG][handle_canvas_event] BEFORE itemAt: item=<MagicMock name='mock.scene_item' id='130965605412752'>, scene_pos=PySide6.QtCore.QPointF(10.000000, 10.000000)
[DEBUG][handle_canvas_event] has main_window=True, has canvas=False
2026-01-27 09:00:06,567 [INFO] talustrace.infra: infra_log file write failed: [Errno 2] No such file or directory: '/tmp/tmp_4p3dqh2/infra_test.log'; original: [APIManager] dispatch called: event_type=model_changed, data={'action': 'move', 'item': Device(id='066661d5-bfa3-4d86-8b04-07773f20cad2', x=10.0, y=10.0, origin_x=0.0, origin_y=0.0, rotation=0.0, meta={}, label=None, pins=[], library_id=None, revision=0, is_ghost=False, promotion_source_id=None, service_slack_mm=0.0, svg_body=None, internal_routing={})}
[DEBUG][handle_canvas_event] EVENT TYPE: 3 (MagicMock)
[DEBUG][handle_canvas_event] BEFORE itemAt: item=<MagicMock name='mock.scene_item' id='130965605412752'>, scene_pos=PySide6.QtCore.QPointF(10.000000, 10.000000)
[DEBUG][handle_canvas_event] has main_window=True, has canvas=False
2026-01-27 09:00:06,567 [INFO] talustrace.infra: infra_log file write failed: [Errno 2] No such file or directory: '/tmp/tmp_4p3dqh2/infra_test.log'; original: [APIManager] dispatch called: event_type=model_changed, data={'action': 'move', 'item': Device(id='066661d5-bfa3-4d86-8b04-07773f20cad2', x=10.0, y=10.0, origin_x=0.0, origin_y=0.0, rotation=0.0, meta={}, label=None, pins=[], library_id=None, revision=0, is_ghost=False, promotion_source_id=None, service_slack_mm=0.0, svg_body=None, internal_routing={})}
2026-01-27 09:00:06,567 [INFO] talustrace.infra: infra_log file write failed: [Errno 2] No such file or directory: '/tmp/tmp_4p3dqh2/infra_test.log'; original: [APIManager] dispatch called: event_type=model_changed, data={'action': 'move', 'item': Device(id='066661d5-bfa3-4d86-8b04-07773f20cad2', x=0.0, y=0.0, origin_x=0.0, origin_y=0.0, rotation=0.0, meta={}, label=None, pins=[], library_id=None, revision=0, is_ghost=False, promotion_source_id=None, service_slack_mm=0.0, svg_body=None, internal_routing={})}
------------------------------ Captured log call -------------------------------
INFO     talustrace.infra:logging.py:74 infra_log file write failed: [Errno 2] No such file or directory: '/tmp/tmp_4p3dqh2/infra_test.log'; original: [APIManager] dispatch called: event_type=selection_changed, data={'selection': [Device(id='066661d5-bfa3-4d86-8b04-07773f20cad2', x=0.0, y=0.0, origin_x=0.0, origin_y=0.0, rotation=0.0, meta={}, label=None, pins=[], library_id=None, revision=0, is_ghost=False, promotion_source_id=None, service_slack_mm=0.0, svg_body=None, internal_routing={})]}
INFO     talustrace.infra:logging.py:74 infra_log file write failed: [Errno 2] No such file or directory: '/tmp/tmp_4p3dqh2/infra_test.log'; original: [APIManager] dispatch called: event_type=selection_changed, data={'selection': [Device(id='066661d5-bfa3-4d86-8b04-07773f20cad2', x=0.0, y=0.0, origin_x=0.0, origin_y=0.0, rotation=0.0, meta={}, label=None, pins=[], library_id=None, revision=0, is_ghost=False, promotion_source_id=None, service_slack_mm=0.0, svg_body=None, internal_routing={})], 'tool': None, 'device_dict': {'id': '066661d5-bfa3-4d86-8b04-07773f20cad2', 'x': 0.0, 'y': 0.0, 'origin_x': 0.0, 'origin_y': 0.0, 'rotation': 0.0, 'meta': {}, 'label': None, 'library_id': None, 'pins': [], 'service_slack_mm': 0.0, 'revision': 0, 'is_ghost': False, 'promotion_source_id': None, 'svg_body': None, 'internal_routing': {}}}
INFO     talustrace.infra:logging.py:74 infra_log file write failed: [Errno 2] No such file or directory: '/tmp/tmp_4p3dqh2/infra_test.log'; original: [APIManager] dispatch called: event_type=model_changed, data={'action': 'move', 'item': Device(id='066661d5-bfa3-4d86-8b04-07773f20cad2', x=10.0, y=10.0, origin_x=0.0, origin_y=0.0, rotation=0.0, meta={}, label=None, pins=[], library_id=None, revision=0, is_ghost=False, promotion_source_id=None, service_slack_mm=0.0, svg_body=None, internal_routing={})}
INFO     talustrace.infra:logging.py:74 infra_log file write failed: [Errno 2] No such file or directory: '/tmp/tmp_4p3dqh2/infra_test.log'; original: [APIManager] dispatch called: event_type=model_changed, data={'action': 'move', 'item': Device(id='066661d5-bfa3-4d86-8b04-07773f20cad2', x=10.0, y=10.0, origin_x=0.0, origin_y=0.0, rotation=0.0, meta={}, label=None, pins=[], library_id=None, revision=0, is_ghost=False, promotion_source_id=None, service_slack_mm=0.0, svg_body=None, internal_routing={})}
INFO     talustrace.infra:logging.py:74 infra_log file write failed: [Errno 2] No such file or directory: '/tmp/tmp_4p3dqh2/infra_test.log'; original: [APIManager] dispatch called: event_type=model_changed, data={'action': 'move', 'item': Device(id='066661d5-bfa3-4d86-8b04-07773f20cad2', x=0.0, y=0.0, origin_x=0.0, origin_y=0.0, rotation=0.0, meta={}, label=None, pins=[], library_id=None, revision=0, is_ghost=False, promotion_source_id=None, service_slack_mm=0.0, svg_body=None, internal_routing={})}
__________________________ test_move_command_bundling __________________________

qtbot = <pytestqt.qtbot.QtBot object at 0x771ccc3d81b0>
clean_api_singleton = <api.manager.APIManager object at 0x771ce1fb30d0>

    def test_move_command_bundling(qtbot, clean_api_singleton):
        """
        PH5-UI: Verify that a drag operation results in exactly ONE Undo Command.
        """
        # 1. Setup (Uses the clean singleton from fixture)
        api = clean_api_singleton
    
        # Create a device and add it
        import uuid
        dev = Device(id=str(uuid.uuid4()), x=0, y=0)
        from core.harness import DeviceList
        with DeviceList.test_bypass():
            api.context.harness.devices.append(dev)
    
        # Mock required API attributes for MoveTool hit testing
        api.scene = MagicMock()
        api.view = MagicMock()
        api.view.transform.return_value = MagicMock()
        api.scene.itemAt.return_value = None  # No fallback item
    
        # 2. ISOLATION: Clear the stack to ignore setup commands
        api.context.undo_stack.clear()
        assert len(api.context.undo_stack) == 0, "Stack failed to clear before test"
    
        # 3. Initialize Tool
        tool = MoveTool()
    
        # Create a DeviceItem for the device
        from ui.items.device import DeviceItem
        item = DeviceItem(dev)
    
        # 4. Simulate Drag Interaction (0,0 -> 100,100)
        # PRESS
        press_evt = MagicMock()
        press_evt.scene_pos = QPointF(0, 0)
        press_evt.button.return_value = Qt.LeftButton
        tool.start_drag(item, QPointF(0, 0))
    
        # MOVE
        move_evt = MagicMock()
        move_evt.scene_pos = QPointF(50, 50)
        move_evt.buttons.return_value = Qt.LeftButton
        tool.update_drag(QPointF(50, 50))
    
        # RELEASE
        release_evt = MagicMock()
        release_evt.scene_pos = QPointF(100, 100)
        release_evt.button.return_value = Qt.LeftButton
        tool.finish_drag(QPointF(100, 100))
    
        # 5. Verification
        # Debug print using _undo_stack (safe internal list)
        stack_content = [type(c).__name__ for c in getattr(api.context.undo_stack, '_undo_stack', [])]
    
>       assert len(api.context.undo_stack) == 1, \
            f"Bundling Failed: Expected 1 command, found {len(api.context.undo_stack)}. Stack: {stack_content}"
E       AssertionError: Bundling Failed: Expected 1 command, found 0. Stack: []
E       assert 0 == 1
E        +  where 0 = len(<infra.undo_stack.UndoStack object at 0x771cce47bd20>)
E        +    where <infra.undo_stack.UndoStack object at 0x771cce47bd20> = <infra.context.Context object at 0x771cce479e10>.undo_stack
E        +      where <infra.context.Context object at 0x771cce479e10> = <api.manager.APIManager object at 0x771ce1fb30d0>.context

tests/tools/test_tool_realtime_sync.py:63: AssertionError
---------------------------- Captured stdout setup -----------------------------
[infra_log] Writing to log_path: /tmp/tmp_4p3dqh2/infra_test.log
[infra_log] Exception writing to /tmp/tmp_4p3dqh2/infra_test.log: [Errno 2] No such file or directory: '/tmp/tmp_4p3dqh2/infra_test.log'
[infra_log] Writing to log_path: /tmp/tmp_4p3dqh2/infra_test.log
[infra_log] Exception writing to /tmp/tmp_4p3dqh2/infra_test.log: [Errno 2] No such file or directory: '/tmp/tmp_4p3dqh2/infra_test.log'
[infra_log] Writing to log_path: /tmp/tmp_4p3dqh2/infra_test.log
[infra_log] Exception writing to /tmp/tmp_4p3dqh2/infra_test.log: [Errno 2] No such file or directory: '/tmp/tmp_4p3dqh2/infra_test.log'
[infra_log] Writing to log_path: /tmp/tmp_4p3dqh2/infra_test.log
[infra_log] Exception writing to /tmp/tmp_4p3dqh2/infra_test.log: [Errno 2] No such file or directory: '/tmp/tmp_4p3dqh2/infra_test.log'
[infra_log] Writing to log_path: /tmp/tmp_4p3dqh2/infra_test.log
[infra_log] Exception writing to /tmp/tmp_4p3dqh2/infra_test.log: [Errno 2] No such file or directory: '/tmp/tmp_4p3dqh2/infra_test.log'
---------------------------- Captured stderr setup -----------------------------
2026-01-27 09:00:06,628 [INFO] talustrace.infra: infra_log file write failed: [Errno 2] No such file or directory: '/tmp/tmp_4p3dqh2/infra_test.log'; original: [DEBUG] register_device_command_actions: dispatcher_registry id=130967243621776 before registration, keys=['edit.add', 'edit.update', '_execute_command', 'file.new', 'file.save', 'file.open', 'file.export_bom', 'file.export_wirelist', 'file.exit', 'edit.undo', 'edit.redo', 'edit.delete', 'edit.rotate_cw', 'edit.rotate_ccw', 'edit.update_property', 'edit.settings', 'edit.theme', 'view.toggle_project_browser', 'view.toggle_library', 'view.toggle_property_panel', 'view.toggle_audit_panel', 'view.reset_layout', 'view.zoom_extents', 'view.zoom_selected', 'tool.select', 'tool.wire', 'tool.move', 'tool.add_generic_device', 'device.create_wizard', 'device.delete_pin', 'tool.measure', 'test.move', 'test.shortcut']
2026-01-27 09:00:06,628 [INFO] talustrace.infra: infra_log file write failed: [Errno 2] No such file or directory: '/tmp/tmp_4p3dqh2/infra_test.log'; original: [DISPATCHER] Registered action: edit.delete (registry id=130967243621776) keys now=['edit.add', 'edit.update', '_execute_command', 'file.new', 'file.save', 'file.open', 'file.export_bom', 'file.export_wirelist', 'file.exit', 'edit.undo', 'edit.redo', 'edit.delete', 'edit.rotate_cw', 'edit.rotate_ccw', 'edit.update_property', 'edit.settings', 'edit.theme', 'view.toggle_project_browser', 'view.toggle_library', 'view.toggle_property_panel', 'view.toggle_audit_panel', 'view.reset_layout', 'view.zoom_extents', 'view.zoom_selected', 'tool.select', 'tool.wire', 'tool.move', 'tool.add_generic_device', 'device.create_wizard', 'device.delete_pin', 'tool.measure', 'test.move', 'test.shortcut']
2026-01-27 09:00:06,628 [INFO] talustrace.infra: infra_log file write failed: [Errno 2] No such file or directory: '/tmp/tmp_4p3dqh2/infra_test.log'; original: [DISPATCHER] Registered action: edit.add (registry id=130967243621776) keys now=['edit.add', 'edit.update', '_execute_command', 'file.new', 'file.save', 'file.open', 'file.export_bom', 'file.export_wirelist', 'file.exit', 'edit.undo', 'edit.redo', 'edit.delete', 'edit.rotate_cw', 'edit.rotate_ccw', 'edit.update_property', 'edit.settings', 'edit.theme', 'view.toggle_project_browser', 'view.toggle_library', 'view.toggle_property_panel', 'view.toggle_audit_panel', 'view.reset_layout', 'view.zoom_extents', 'view.zoom_selected', 'tool.select', 'tool.wire', 'tool.move', 'tool.add_generic_device', 'device.create_wizard', 'device.delete_pin', 'tool.measure', 'test.move', 'test.shortcut']
2026-01-27 09:00:06,628 [INFO] talustrace.infra: infra_log file write failed: [Errno 2] No such file or directory: '/tmp/tmp_4p3dqh2/infra_test.log'; original: [DISPATCHER] Registered action: edit.update (registry id=130967243621776) keys now=['edit.add', 'edit.update', '_execute_command', 'file.new', 'file.save', 'file.open', 'file.export_bom', 'file.export_wirelist', 'file.exit', 'edit.undo', 'edit.redo', 'edit.delete', 'edit.rotate_cw', 'edit.rotate_ccw', 'edit.update_property', 'edit.settings', 'edit.theme', 'view.toggle_project_browser', 'view.toggle_library', 'view.toggle_property_panel', 'view.toggle_audit_panel', 'view.reset_layout', 'view.zoom_extents', 'view.zoom_selected', 'tool.select', 'tool.wire', 'tool.move', 'tool.add_generic_device', 'device.create_wizard', 'device.delete_pin', 'tool.measure', 'test.move', 'test.shortcut']
2026-01-27 09:00:06,628 [INFO] talustrace.infra: infra_log file write failed: [Errno 2] No such file or directory: '/tmp/tmp_4p3dqh2/infra_test.log'; original: [DEBUG] register_device_command_actions: dispatcher_registry id=130967243621776 after registration, keys=['edit.add', 'edit.update', '_execute_command', 'file.new', 'file.save', 'file.open', 'file.export_bom', 'file.export_wirelist', 'file.exit', 'edit.undo', 'edit.redo', 'edit.delete', 'edit.rotate_cw', 'edit.rotate_ccw', 'edit.update_property', 'edit.settings', 'edit.theme', 'view.toggle_project_browser', 'view.toggle_library', 'view.toggle_property_panel', 'view.toggle_audit_panel', 'view.reset_layout', 'view.zoom_extents', 'view.zoom_selected', 'tool.select', 'tool.wire', 'tool.move', 'tool.add_generic_device', 'device.create_wizard', 'device.delete_pin', 'tool.measure', 'test.move', 'test.shortcut']
------------------------------ Captured log setup ------------------------------
INFO     talustrace.infra:logging.py:74 infra_log file write failed: [Errno 2] No such file or directory: '/tmp/tmp_4p3dqh2/infra_test.log'; original: [DEBUG] register_device_command_actions: dispatcher_registry id=130967243621776 before registration, keys=['edit.add', 'edit.update', '_execute_command', 'file.new', 'file.save', 'file.open', 'file.export_bom', 'file.export_wirelist', 'file.exit', 'edit.undo', 'edit.redo', 'edit.delete', 'edit.rotate_cw', 'edit.rotate_ccw', 'edit.update_property', 'edit.settings', 'edit.theme', 'view.toggle_project_browser', 'view.toggle_library', 'view.toggle_property_panel', 'view.toggle_audit_panel', 'view.reset_layout', 'view.zoom_extents', 'view.zoom_selected', 'tool.select', 'tool.wire', 'tool.move', 'tool.add_generic_device', 'device.create_wizard', 'device.delete_pin', 'tool.measure', 'test.move', 'test.shortcut']
INFO     talustrace.infra:logging.py:74 infra_log file write failed: [Errno 2] No such file or directory: '/tmp/tmp_4p3dqh2/infra_test.log'; original: [DISPATCHER] Registered action: edit.delete (registry id=130967243621776) keys now=['edit.add', 'edit.update', '_execute_command', 'file.new', 'file.save', 'file.open', 'file.export_bom', 'file.export_wirelist', 'file.exit', 'edit.undo', 'edit.redo', 'edit.delete', 'edit.rotate_cw', 'edit.rotate_ccw', 'edit.update_property', 'edit.settings', 'edit.theme', 'view.toggle_project_browser', 'view.toggle_library', 'view.toggle_property_panel', 'view.toggle_audit_panel', 'view.reset_layout', 'view.zoom_extents', 'view.zoom_selected', 'tool.select', 'tool.wire', 'tool.move', 'tool.add_generic_device', 'device.create_wizard', 'device.delete_pin', 'tool.measure', 'test.move', 'test.shortcut']
INFO     talustrace.infra:logging.py:74 infra_log file write failed: [Errno 2] No such file or directory: '/tmp/tmp_4p3dqh2/infra_test.log'; original: [DISPATCHER] Registered action: edit.add (registry id=130967243621776) keys now=['edit.add', 'edit.update', '_execute_command', 'file.new', 'file.save', 'file.open', 'file.export_bom', 'file.export_wirelist', 'file.exit', 'edit.undo', 'edit.redo', 'edit.delete', 'edit.rotate_cw', 'edit.rotate_ccw', 'edit.update_property', 'edit.settings', 'edit.theme', 'view.toggle_project_browser', 'view.toggle_library', 'view.toggle_property_panel', 'view.toggle_audit_panel', 'view.reset_layout', 'view.zoom_extents', 'view.zoom_selected', 'tool.select', 'tool.wire', 'tool.move', 'tool.add_generic_device', 'device.create_wizard', 'device.delete_pin', 'tool.measure', 'test.move', 'test.shortcut']
INFO     talustrace.infra:logging.py:74 infra_log file write failed: [Errno 2] No such file or directory: '/tmp/tmp_4p3dqh2/infra_test.log'; original: [DISPATCHER] Registered action: edit.update (registry id=130967243621776) keys now=['edit.add', 'edit.update', '_execute_command', 'file.new', 'file.save', 'file.open', 'file.export_bom', 'file.export_wirelist', 'file.exit', 'edit.undo', 'edit.redo', 'edit.delete', 'edit.rotate_cw', 'edit.rotate_ccw', 'edit.update_property', 'edit.settings', 'edit.theme', 'view.toggle_project_browser', 'view.toggle_library', 'view.toggle_property_panel', 'view.toggle_audit_panel', 'view.reset_layout', 'view.zoom_extents', 'view.zoom_selected', 'tool.select', 'tool.wire', 'tool.move', 'tool.add_generic_device', 'device.create_wizard', 'device.delete_pin', 'tool.measure', 'test.move', 'test.shortcut']
INFO     talustrace.infra:logging.py:74 infra_log file write failed: [Errno 2] No such file or directory: '/tmp/tmp_4p3dqh2/infra_test.log'; original: [DEBUG] register_device_command_actions: dispatcher_registry id=130967243621776 after registration, keys=['edit.add', 'edit.update', '_execute_command', 'file.new', 'file.save', 'file.open', 'file.export_bom', 'file.export_wirelist', 'file.exit', 'edit.undo', 'edit.redo', 'edit.delete', 'edit.rotate_cw', 'edit.rotate_ccw', 'edit.update_property', 'edit.settings', 'edit.theme', 'view.toggle_project_browser', 'view.toggle_library', 'view.toggle_property_panel', 'view.toggle_audit_panel', 'view.reset_layout', 'view.zoom_extents', 'view.zoom_selected', 'tool.select', 'tool.wire', 'tool.move', 'tool.add_generic_device', 'device.create_wizard', 'device.delete_pin', 'tool.measure', 'test.move', 'test.shortcut']
----------------------------- Captured stdout call -----------------------------
[infra_log] Writing to log_path: /tmp/tmp_4p3dqh2/infra_test.log
[infra_log] Exception writing to /tmp/tmp_4p3dqh2/infra_test.log: [Errno 2] No such file or directory: '/tmp/tmp_4p3dqh2/infra_test.log'
----------------------------- Captured stderr call -----------------------------
2026-01-27 09:00:06,629 [INFO] talustrace.infra: infra_log file write failed: [Errno 2] No such file or directory: '/tmp/tmp_4p3dqh2/infra_test.log'; original: [DeviceItem] Created DeviceItem for model id=239a41f9-b1e4-4bcc-b56c-7bf59976e9e7, obj=Device(id='239a41f9-b1e4-4bcc-b56c-7bf59976e9e7', x=0.0, y=0.0, origin_x=0.0, origin_y=0.0, rotation=0.0, meta={}, label=None, pins=[], library_id=None, revision=0, is_ghost=False, promotion_source_id=None, service_slack_mm=0.0, svg_body=None, internal_routing={}), DeviceItem id=130965604716352
------------------------------ Captured log call -------------------------------
INFO     talustrace.infra:logging.py:74 infra_log file write failed: [Errno 2] No such file or directory: '/tmp/tmp_4p3dqh2/infra_test.log'; original: [DeviceItem] Created DeviceItem for model id=239a41f9-b1e4-4bcc-b56c-7bf59976e9e7, obj=Device(id='239a41f9-b1e4-4bcc-b56c-7bf59976e9e7', x=0.0, y=0.0, origin_x=0.0, origin_y=0.0, rotation=0.0, meta={}, label=None, pins=[], library_id=None, revision=0, is_ghost=False, promotion_source_id=None, service_slack_mm=0.0, svg_body=None, internal_routing={}), DeviceItem id=130965604716352
________________________ test_move_tool_pushes_command _________________________

clean_api_singleton = <api.manager.APIManager object at 0x771cce593f50>

    def test_move_tool_pushes_command(clean_api_singleton):
        """
        Verifies that the MoveTool pushes exactly ONE command to the UndoStack
        upon mouse release, matching the new 'Command Bundling' architecture.
        """
        api = clean_api_singleton
        api.context.undo_stack.clear()
    
        # 1. Setup
        import uuid
        device = Device(id=str(uuid.uuid4()), x=0.0, y=0.0)
        from core.harness import DeviceList
        with DeviceList.test_bypass():
            api.context.harness.devices.append(device)
        tool = MoveTool()
    
        # 2. Simulate Drag (0,0 -> 50,50)
    
        # Press
        evt_press = MagicMock()
        evt_press.scene_pos = QPointF(0, 0)
        evt_press.button.return_value = Qt.LeftButton
        # Create a mock item wrapper like the actual UI uses
        mock_item = MagicMock()
        mock_item.model = device
        mock_item.parentItem.return_value = None
        mock_item.pos.return_value = QPointF(0, 0)
    
        tool.start_drag(mock_item, QPointF(0, 0))
    
        # Move
        evt_move = MagicMock()
        evt_move.scene_pos = QPointF(50, 50)
        evt_move.buttons.return_value = Qt.LeftButton
        tool.update_drag(QPointF(50, 50))
    
        # ASSERTION: No command should be pushed YET
        assert len(api.context.undo_stack) == 0, "MoveTool pushed a command during the drag (should be bundled)."
    
        # Release
        evt_release = MagicMock()
        evt_release.scene_pos = QPointF(50, 50)
        evt_release.button.return_value = Qt.LeftButton
        tool.finish_drag(QPointF(50, 50))
    
        # 3. Final Verification
>       assert len(api.context.undo_stack) == 1, "MoveTool failed to push command on release."
E       AssertionError: MoveTool failed to push command on release.
E       assert 0 == 1
E        +  where 0 = len(<infra.undo_stack.UndoStack object at 0x771cce47a7b0>)
E        +    where <infra.undo_stack.UndoStack object at 0x771cce47a7b0> = <infra.context.Context object at 0x771cce47b310>.undo_stack
E        +      where <infra.context.Context object at 0x771cce47b310> = <api.manager.APIManager object at 0x771cce593f50>.context

tests/tools/test_tool_undo_integration.py:55: AssertionError
---------------------------- Captured stdout setup -----------------------------
[infra_log] Writing to log_path: /tmp/tmp_4p3dqh2/infra_test.log
[infra_log] Exception writing to /tmp/tmp_4p3dqh2/infra_test.log: [Errno 2] No such file or directory: '/tmp/tmp_4p3dqh2/infra_test.log'
[infra_log] Writing to log_path: /tmp/tmp_4p3dqh2/infra_test.log
[infra_log] Exception writing to /tmp/tmp_4p3dqh2/infra_test.log: [Errno 2] No such file or directory: '/tmp/tmp_4p3dqh2/infra_test.log'
[infra_log] Writing to log_path: /tmp/tmp_4p3dqh2/infra_test.log
[infra_log] Exception writing to /tmp/tmp_4p3dqh2/infra_test.log: [Errno 2] No such file or directory: '/tmp/tmp_4p3dqh2/infra_test.log'
[infra_log] Writing to log_path: /tmp/tmp_4p3dqh2/infra_test.log
[infra_log] Exception writing to /tmp/tmp_4p3dqh2/infra_test.log: [Errno 2] No such file or directory: '/tmp/tmp_4p3dqh2/infra_test.log'
[infra_log] Writing to log_path: /tmp/tmp_4p3dqh2/infra_test.log
[infra_log] Exception writing to /tmp/tmp_4p3dqh2/infra_test.log: [Errno 2] No such file or directory: '/tmp/tmp_4p3dqh2/infra_test.log'
---------------------------- Captured stderr setup -----------------------------
2026-01-27 09:00:06,668 [INFO] talustrace.infra: infra_log file write failed: [Errno 2] No such file or directory: '/tmp/tmp_4p3dqh2/infra_test.log'; original: [DEBUG] register_device_command_actions: dispatcher_registry id=130967243621776 before registration, keys=['edit.add', 'edit.update', '_execute_command', 'file.new', 'file.save', 'file.open', 'file.export_bom', 'file.export_wirelist', 'file.exit', 'edit.undo', 'edit.redo', 'edit.delete', 'edit.rotate_cw', 'edit.rotate_ccw', 'edit.update_property', 'edit.settings', 'edit.theme', 'view.toggle_project_browser', 'view.toggle_library', 'view.toggle_property_panel', 'view.toggle_audit_panel', 'view.reset_layout', 'view.zoom_extents', 'view.zoom_selected', 'tool.select', 'tool.wire', 'tool.move', 'tool.add_generic_device', 'device.create_wizard', 'device.delete_pin', 'tool.measure', 'test.move', 'test.shortcut']
2026-01-27 09:00:06,669 [INFO] talustrace.infra: infra_log file write failed: [Errno 2] No such file or directory: '/tmp/tmp_4p3dqh2/infra_test.log'; original: [DISPATCHER] Registered action: edit.delete (registry id=130967243621776) keys now=['edit.add', 'edit.update', '_execute_command', 'file.new', 'file.save', 'file.open', 'file.export_bom', 'file.export_wirelist', 'file.exit', 'edit.undo', 'edit.redo', 'edit.delete', 'edit.rotate_cw', 'edit.rotate_ccw', 'edit.update_property', 'edit.settings', 'edit.theme', 'view.toggle_project_browser', 'view.toggle_library', 'view.toggle_property_panel', 'view.toggle_audit_panel', 'view.reset_layout', 'view.zoom_extents', 'view.zoom_selected', 'tool.select', 'tool.wire', 'tool.move', 'tool.add_generic_device', 'device.create_wizard', 'device.delete_pin', 'tool.measure', 'test.move', 'test.shortcut']
2026-01-27 09:00:06,669 [INFO] talustrace.infra: infra_log file write failed: [Errno 2] No such file or directory: '/tmp/tmp_4p3dqh2/infra_test.log'; original: [DISPATCHER] Registered action: edit.add (registry id=130967243621776) keys now=['edit.add', 'edit.update', '_execute_command', 'file.new', 'file.save', 'file.open', 'file.export_bom', 'file.export_wirelist', 'file.exit', 'edit.undo', 'edit.redo', 'edit.delete', 'edit.rotate_cw', 'edit.rotate_ccw', 'edit.update_property', 'edit.settings', 'edit.theme', 'view.toggle_project_browser', 'view.toggle_library', 'view.toggle_property_panel', 'view.toggle_audit_panel', 'view.reset_layout', 'view.zoom_extents', 'view.zoom_selected', 'tool.select', 'tool.wire', 'tool.move', 'tool.add_generic_device', 'device.create_wizard', 'device.delete_pin', 'tool.measure', 'test.move', 'test.shortcut']
2026-01-27 09:00:06,669 [INFO] talustrace.infra: infra_log file write failed: [Errno 2] No such file or directory: '/tmp/tmp_4p3dqh2/infra_test.log'; original: [DISPATCHER] Registered action: edit.update (registry id=130967243621776) keys now=['edit.add', 'edit.update', '_execute_command', 'file.new', 'file.save', 'file.open', 'file.export_bom', 'file.export_wirelist', 'file.exit', 'edit.undo', 'edit.redo', 'edit.delete', 'edit.rotate_cw', 'edit.rotate_ccw', 'edit.update_property', 'edit.settings', 'edit.theme', 'view.toggle_project_browser', 'view.toggle_library', 'view.toggle_property_panel', 'view.toggle_audit_panel', 'view.reset_layout', 'view.zoom_extents', 'view.zoom_selected', 'tool.select', 'tool.wire', 'tool.move', 'tool.add_generic_device', 'device.create_wizard', 'device.delete_pin', 'tool.measure', 'test.move', 'test.shortcut']
2026-01-27 09:00:06,669 [INFO] talustrace.infra: infra_log file write failed: [Errno 2] No such file or directory: '/tmp/tmp_4p3dqh2/infra_test.log'; original: [DEBUG] register_device_command_actions: dispatcher_registry id=130967243621776 after registration, keys=['edit.add', 'edit.update', '_execute_command', 'file.new', 'file.save', 'file.open', 'file.export_bom', 'file.export_wirelist', 'file.exit', 'edit.undo', 'edit.redo', 'edit.delete', 'edit.rotate_cw', 'edit.rotate_ccw', 'edit.update_property', 'edit.settings', 'edit.theme', 'view.toggle_project_browser', 'view.toggle_library', 'view.toggle_property_panel', 'view.toggle_audit_panel', 'view.reset_layout', 'view.zoom_extents', 'view.zoom_selected', 'tool.select', 'tool.wire', 'tool.move', 'tool.add_generic_device', 'device.create_wizard', 'device.delete_pin', 'tool.measure', 'test.move', 'test.shortcut']
------------------------------ Captured log setup ------------------------------
INFO     talustrace.infra:logging.py:74 infra_log file write failed: [Errno 2] No such file or directory: '/tmp/tmp_4p3dqh2/infra_test.log'; original: [DEBUG] register_device_command_actions: dispatcher_registry id=130967243621776 before registration, keys=['edit.add', 'edit.update', '_execute_command', 'file.new', 'file.save', 'file.open', 'file.export_bom', 'file.export_wirelist', 'file.exit', 'edit.undo', 'edit.redo', 'edit.delete', 'edit.rotate_cw', 'edit.rotate_ccw', 'edit.update_property', 'edit.settings', 'edit.theme', 'view.toggle_project_browser', 'view.toggle_library', 'view.toggle_property_panel', 'view.toggle_audit_panel', 'view.reset_layout', 'view.zoom_extents', 'view.zoom_selected', 'tool.select', 'tool.wire', 'tool.move', 'tool.add_generic_device', 'device.create_wizard', 'device.delete_pin', 'tool.measure', 'test.move', 'test.shortcut']
INFO     talustrace.infra:logging.py:74 infra_log file write failed: [Errno 2] No such file or directory: '/tmp/tmp_4p3dqh2/infra_test.log'; original: [DISPATCHER] Registered action: edit.delete (registry id=130967243621776) keys now=['edit.add', 'edit.update', '_execute_command', 'file.new', 'file.save', 'file.open', 'file.export_bom', 'file.export_wirelist', 'file.exit', 'edit.undo', 'edit.redo', 'edit.delete', 'edit.rotate_cw', 'edit.rotate_ccw', 'edit.update_property', 'edit.settings', 'edit.theme', 'view.toggle_project_browser', 'view.toggle_library', 'view.toggle_property_panel', 'view.toggle_audit_panel', 'view.reset_layout', 'view.zoom_extents', 'view.zoom_selected', 'tool.select', 'tool.wire', 'tool.move', 'tool.add_generic_device', 'device.create_wizard', 'device.delete_pin', 'tool.measure', 'test.move', 'test.shortcut']
INFO     talustrace.infra:logging.py:74 infra_log file write failed: [Errno 2] No such file or directory: '/tmp/tmp_4p3dqh2/infra_test.log'; original: [DISPATCHER] Registered action: edit.add (registry id=130967243621776) keys now=['edit.add', 'edit.update', '_execute_command', 'file.new', 'file.save', 'file.open', 'file.export_bom', 'file.export_wirelist', 'file.exit', 'edit.undo', 'edit.redo', 'edit.delete', 'edit.rotate_cw', 'edit.rotate_ccw', 'edit.update_property', 'edit.settings', 'edit.theme', 'view.toggle_project_browser', 'view.toggle_library', 'view.toggle_property_panel', 'view.toggle_audit_panel', 'view.reset_layout', 'view.zoom_extents', 'view.zoom_selected', 'tool.select', 'tool.wire', 'tool.move', 'tool.add_generic_device', 'device.create_wizard', 'device.delete_pin', 'tool.measure', 'test.move', 'test.shortcut']
INFO     talustrace.infra:logging.py:74 infra_log file write failed: [Errno 2] No such file or directory: '/tmp/tmp_4p3dqh2/infra_test.log'; original: [DISPATCHER] Registered action: edit.update (registry id=130967243621776) keys now=['edit.add', 'edit.update', '_execute_command', 'file.new', 'file.save', 'file.open', 'file.export_bom', 'file.export_wirelist', 'file.exit', 'edit.undo', 'edit.redo', 'edit.delete', 'edit.rotate_cw', 'edit.rotate_ccw', 'edit.update_property', 'edit.settings', 'edit.theme', 'view.toggle_project_browser', 'view.toggle_library', 'view.toggle_property_panel', 'view.toggle_audit_panel', 'view.reset_layout', 'view.zoom_extents', 'view.zoom_selected', 'tool.select', 'tool.wire', 'tool.move', 'tool.add_generic_device', 'device.create_wizard', 'device.delete_pin', 'tool.measure', 'test.move', 'test.shortcut']
INFO     talustrace.infra:logging.py:74 infra_log file write failed: [Errno 2] No such file or directory: '/tmp/tmp_4p3dqh2/infra_test.log'; original: [DEBUG] register_device_command_actions: dispatcher_registry id=130967243621776 after registration, keys=['edit.add', 'edit.update', '_execute_command', 'file.new', 'file.save', 'file.open', 'file.export_bom', 'file.export_wirelist', 'file.exit', 'edit.undo', 'edit.redo', 'edit.delete', 'edit.rotate_cw', 'edit.rotate_ccw', 'edit.update_property', 'edit.settings', 'edit.theme', 'view.toggle_project_browser', 'view.toggle_library', 'view.toggle_property_panel', 'view.toggle_audit_panel', 'view.reset_layout', 'view.zoom_extents', 'view.zoom_selected', 'tool.select', 'tool.wire', 'tool.move', 'tool.add_generic_device', 'device.create_wizard', 'device.delete_pin', 'tool.measure', 'test.move', 'test.shortcut']
=========================== short test summary info ============================
SKIPPED [1] tests/test_device_wizard_no_duplicate_device_items.py:36: Main window or canvas not available for DeviceItem check.
SKIPPED [1] tests/test_ui_mvc_static_enforcement.py:66: got empty parameter set for (filename, line, code)
SKIPPED [1] tests/test_ui_wizard_launch.py:8: Wizard device creation not implemented; skipping until core functionality is complete.
SKIPPED [1] tests/ui/test_device_drag_contract.py:60: MoveTool QAction not found in any toolbar; skipping test.
FAILED tests/test_device_placement.py::test_generic_device_placement - Assert...
FAILED tests/test_docstrings.py::test_all_code_has_docstrings - Failed: Missi...
FAILED tests/test_library_integration.py::test_library_drag_to_canvas_insertion
FAILED tests/test_scene_registry_pin.py::test_pinitem_scene_registry_and_update
FAILED tests/test_ui_pin_property_contract.py::test_pin_property_panel_updates_canvas
FAILED tests/tools/test_tool_move_headless.py::test_move_tool_calculates_delta_and_calls_api
FAILED tests/tools/test_tool_move_mvc.py::test_move_tool_mvc_compliance - Ass...
FAILED tests/tools/test_tool_realtime_sync.py::test_move_command_bundling - A...
FAILED tests/tools/test_tool_undo_integration.py::test_move_tool_pushes_command
